--progress is a global compose flag, better use `docker compose --progress xx build ...
#1 [internal] load local bake definitions
#1 reading from stdin 716B done
#1 DONE 0.0s

#2 [internal] load build definition from Dockerfile
#2 transferring dockerfile: 679B 0.0s done
#2 DONE 0.2s

#3 [auth] library/maven:pull token for registry-1.docker.io
#3 DONE 0.0s

#4 [auth] library/eclipse-temurin:pull token for registry-1.docker.io
#4 DONE 0.0s

#5 [internal] load metadata for docker.io/library/maven:3.8.8-eclipse-temurin-17
#5 DONE 2.3s

#6 [internal] load metadata for docker.io/library/eclipse-temurin:17-jre-jammy
#6 DONE 2.4s

#7 [internal] load .dockerignore
#7 transferring context: 2B done
#7 DONE 0.1s

#8 [internal] load build context
#8 DONE 0.0s

#9 [build 1/5] FROM docker.io/library/maven:3.8.8-eclipse-temurin-17@sha256:40fcff4c4043d6adc90286c2e38ec70950f34f6dd5784f7e524866c66520cc23
#9 resolve docker.io/library/maven:3.8.8-eclipse-temurin-17@sha256:40fcff4c4043d6adc90286c2e38ec70950f34f6dd5784f7e524866c66520cc23
#9 resolve docker.io/library/maven:3.8.8-eclipse-temurin-17@sha256:40fcff4c4043d6adc90286c2e38ec70950f34f6dd5784f7e524866c66520cc23 0.4s done
#9 DONE 0.4s

#10 [build 2/5] WORKDIR /workspace
#10 CACHED

#11 [stage-1 1/3] FROM docker.io/library/eclipse-temurin:17-jre-jammy@sha256:cb49efea5f4f4ef463bd531b509a795a4d840513a8e76fd2c02b76509795ee0f
#11 resolve docker.io/library/eclipse-temurin:17-jre-jammy@sha256:cb49efea5f4f4ef463bd531b509a795a4d840513a8e76fd2c02b76509795ee0f 0.4s done
#11 DONE 0.5s

#12 [stage-1 2/3] WORKDIR /app
#12 CACHED

#8 [internal] load build context
#8 transferring context: 3.60kB 0.0s done
#8 DONE 0.1s

#13 [build 3/5] COPY pom.xml ./
#13 DONE 0.4s

#14 [build 4/5] COPY src ./src
#14 DONE 0.7s

#15 [build 5/5] RUN --mount=type=cache,target=/root/.m2 mvn -B -DskipTests package
#15 3.478 [INFO] Scanning for projects...
#15 3.920 [INFO] Downloading from central: https://repo.maven.apache.org/maven2/org/springframework/boot/spring-boot-starter-parent/3.2.1/spring-boot-starter-parent-3.2.1.pom
#15 4.783 [INFO] Downloaded from central: https://repo.maven.apache.org/maven2/org/springframework/boot/spring-boot-starter-parent/3.2.1/spring-boot-starter-parent-3.2.1.pom (13 kB at 14 kB/s)
#15 4.872 [INFO] Downloading from central: https://repo.maven.apache.org/maven2/org/springframework/boot/spring-boot-dependencies/3.2.1/spring-boot-dependencies-3.2.1.pom
#15 5.046 [INFO] Downloaded from central: https://repo.maven.apache.org/maven2/org/springframework/boot/spring-boot-dependencies/3.2.1/spring-boot-dependencies-3.2.1.pom (111 kB at 633 kB/s)
#15 5.188 [INFO] Downloading from central: https://repo.maven.apache.org/maven2/org/assertj/assertj-bom/3.24.2/assertj-bom-3.24.2.pom
#15 5.372 [INFO] Downloaded from central: https://repo.maven.apache.org/maven2/org/assertj/assertj-bom/3.24.2/assertj-bom-3.24.2.pom (3.7 kB at 20 kB/s)
#15 5.411 [INFO] Downloading from central: https://repo.maven.apache.org/maven2/io/zipkin/brave/brave-bom/5.16.0/brave-bom-5.16.0.pom
#15 5.604 [INFO] Downloaded from central: https://repo.maven.apache.org/maven2/io/zipkin/brave/brave-bom/5.16.0/brave-bom-5.16.0.pom (12 kB at 61 kB/s)
#15 5.617 [INFO] Downloading from central: https://repo.maven.apache.org/maven2/io/zipkin/reporter2/zipkin-reporter-bom/2.16.3/zipkin-reporter-bom-2.16.3.pom
#15 5.799 [INFO] Downloaded from central: https://repo.maven.apache.org/maven2/io/zipkin/reporter2/zipkin-reporter-bom/2.16.3/zipkin-reporter-bom-2.16.3.pom (6.9 kB at 38 kB/s)
#15 5.843 [INFO] Downloading from central: https://repo.maven.apache.org/maven2/com/datastax/oss/java-driver-bom/4.17.0/java-driver-bom-4.17.0.pom
#15 6.036 [INFO] Downloaded from central: https://repo.maven.apache.org/maven2/com/datastax/oss/java-driver-bom/4.17.0/java-driver-bom-4.17.0.pom (4.1 kB at 21 kB/s)
#15 6.053 [INFO] Downloading from central: https://repo.maven.apache.org/maven2/io/dropwizard/metrics/metrics-bom/4.2.23/metrics-bom-4.2.23.pom
#15 6.223 [INFO] Downloaded from central: https://repo.maven.apache.org/maven2/io/dropwizard/metrics/metrics-bom/4.2.23/metrics-bom-4.2.23.pom (8.2 kB at 48 kB/s)
#15 6.249 [INFO] Downloading from central: https://repo.maven.apache.org/maven2/io/dropwizard/metrics/metrics-parent/4.2.23/metrics-parent-4.2.23.pom
#15 6.441 [INFO] Downloaded from central: https://repo.maven.apache.org/maven2/io/dropwizard/metrics/metrics-parent/4.2.23/metrics-parent-4.2.23.pom (21 kB at 108 kB/s)
#15 6.482 [INFO] Downloading from central: https://repo.maven.apache.org/maven2/org/glassfish/jaxb/jaxb-bom/4.0.4/jaxb-bom-4.0.4.pom
#15 6.675 [INFO] Downloaded from central: https://repo.maven.apache.org/maven2/org/glassfish/jaxb/jaxb-bom/4.0.4/jaxb-bom-4.0.4.pom (12 kB at 62 kB/s)
#15 6.706 [INFO] Downloading from central: https://repo.maven.apache.org/maven2/org/eclipse/ee4j/project/1.0.8/project-1.0.8.pom
#15 6.890 [INFO] Downloaded from central: https://repo.maven.apache.org/maven2/org/eclipse/ee4j/project/1.0.8/project-1.0.8.pom (15 kB at 79 kB/s)
#15 6.935 [INFO] Downloading from central: https://repo.maven.apache.org/maven2/org/apache/groovy/groovy-bom/4.0.16/groovy-bom-4.0.16.pom
#15 7.133 [INFO] Downloaded from central: https://repo.maven.apache.org/maven2/org/apache/groovy/groovy-bom/4.0.16/groovy-bom-4.0.16.pom (27 kB at 136 kB/s)
#15 7.204 [INFO] Downloading from central: https://repo.maven.apache.org/maven2/org/infinispan/infinispan-bom/14.0.21.Final/infinispan-bom-14.0.21.Final.pom
#15 7.380 [INFO] Downloaded from central: https://repo.maven.apache.org/maven2/org/infinispan/infinispan-bom/14.0.21.Final/infinispan-bom-14.0.21.Final.pom (24 kB at 136 kB/s)
#15 7.412 [INFO] Downloading from central: https://repo.maven.apache.org/maven2/org/infinispan/infinispan-build-configuration-parent/14.0.21.Final/infinispan-build-configuration-parent-14.0.21.Final.pom
#15 7.630 [INFO] Downloaded from central: https://repo.maven.apache.org/maven2/org/infinispan/infinispan-build-configuration-parent/14.0.21.Final/infinispan-build-configuration-parent-14.0.21.Final.pom (24 kB at 109 kB/s)
#15 7.663 [INFO] Downloading from central: https://repo.maven.apache.org/maven2/org/jboss/jboss-parent/39/jboss-parent-39.pom
#15 7.872 [INFO] Downloaded from central: https://repo.maven.apache.org/maven2/org/jboss/jboss-parent/39/jboss-parent-39.pom (68 kB at 324 kB/s)
#15 7.939 [INFO] Downloading from central: https://repo.maven.apache.org/maven2/com/fasterxml/jackson/jackson-bom/2.15.3/jackson-bom-2.15.3.pom
#15 8.132 [INFO] Downloaded from central: https://repo.maven.apache.org/maven2/com/fasterxml/jackson/jackson-bom/2.15.3/jackson-bom-2.15.3.pom (18 kB at 93 kB/s)
#15 8.160 [INFO] Downloading from central: https://repo.maven.apache.org/maven2/com/fasterxml/jackson/jackson-parent/2.15/jackson-parent-2.15.pom
#15 8.354 [INFO] Downloaded from central: https://repo.maven.apache.org/maven2/com/fasterxml/jackson/jackson-parent/2.15/jackson-parent-2.15.pom (6.5 kB at 34 kB/s)
#15 8.379 [INFO] Downloading from central: https://repo.maven.apache.org/maven2/com/fasterxml/oss-parent/50/oss-parent-50.pom
#15 8.561 [INFO] Downloaded from central: https://repo.maven.apache.org/maven2/com/fasterxml/oss-parent/50/oss-parent-50.pom (24 kB at 130 kB/s)
#15 8.616 [INFO] Downloading from central: https://repo.maven.apache.org/maven2/org/glassfish/jersey/jersey-bom/3.1.5/jersey-bom-3.1.5.pom
#15 8.830 [INFO] Downloaded from central: https://repo.maven.apache.org/maven2/org/glassfish/jersey/jersey-bom/3.1.5/jersey-bom-3.1.5.pom (21 kB at 96 kB/s)
#15 8.879 [INFO] Downloading from central: https://repo.maven.apache.org/maven2/org/eclipse/jetty/ee10/jetty-ee10-bom/12.0.5/jetty-ee10-bom-12.0.5.pom
#15 9.070 [INFO] Downloaded from central: https://repo.maven.apache.org/maven2/org/eclipse/jetty/ee10/jetty-ee10-bom/12.0.5/jetty-ee10-bom-12.0.5.pom (9.2 kB at 49 kB/s)
#15 9.101 [INFO] Downloading from central: https://repo.maven.apache.org/maven2/org/eclipse/jetty/jetty-bom/12.0.5/jetty-bom-12.0.5.pom
#15 9.297 [INFO] Downloaded from central: https://repo.maven.apache.org/maven2/org/eclipse/jetty/jetty-bom/12.0.5/jetty-bom-12.0.5.pom (14 kB at 72 kB/s)
#15 9.343 [INFO] Downloading from central: https://repo.maven.apache.org/maven2/org/junit/junit-bom/5.10.1/junit-bom-5.10.1.pom
#15 9.544 [INFO] Downloaded from central: https://repo.maven.apache.org/maven2/org/junit/junit-bom/5.10.1/junit-bom-5.10.1.pom (5.6 kB at 29 kB/s)
#15 9.567 [INFO] Downloading from central: https://repo.maven.apache.org/maven2/org/jetbrains/kotlin/kotlin-bom/1.9.21/kotlin-bom-1.9.21.pom
#15 9.737 [INFO] Downloaded from central: https://repo.maven.apache.org/maven2/org/jetbrains/kotlin/kotlin-bom/1.9.21/kotlin-bom-1.9.21.pom (9.1 kB at 53 kB/s)
#15 9.769 [INFO] Downloading from central: https://repo.maven.apache.org/maven2/org/jetbrains/kotlinx/kotlinx-coroutines-bom/1.7.3/kotlinx-coroutines-bom-1.7.3.pom
#15 9.968 [INFO] Downloaded from central: https://repo.maven.apache.org/maven2/org/jetbrains/kotlinx/kotlinx-coroutines-bom/1.7.3/kotlinx-coroutines-bom-1.7.3.pom (4.3 kB at 22 kB/s)
#15 10.01 [INFO] Downloading from central: https://repo.maven.apache.org/maven2/org/jetbrains/kotlinx/kotlinx-serialization-bom/1.6.2/kotlinx-serialization-bom-1.6.2.pom
#15 10.20 [INFO] Downloaded from central: https://repo.maven.apache.org/maven2/org/jetbrains/kotlinx/kotlinx-serialization-bom/1.6.2/kotlinx-serialization-bom-1.6.2.pom (3.8 kB at 19 kB/s)
#15 10.25 [INFO] Downloading from central: https://repo.maven.apache.org/maven2/org/apache/logging/log4j/log4j-bom/2.21.1/log4j-bom-2.21.1.pom
#15 10.45 [INFO] Downloaded from central: https://repo.maven.apache.org/maven2/org/apache/logging/log4j/log4j-bom/2.21.1/log4j-bom-2.21.1.pom (12 kB at 62 kB/s)
#15 10.47 [INFO] Downloading from central: https://repo.maven.apache.org/maven2/org/apache/logging/logging-parent/10.1.1/logging-parent-10.1.1.pom
#15 10.64 [INFO] Downloaded from central: https://repo.maven.apache.org/maven2/org/apache/logging/logging-parent/10.1.1/logging-parent-10.1.1.pom (39 kB at 240 kB/s)
#15 10.69 [INFO] Downloading from central: https://repo.maven.apache.org/maven2/org/apache/apache/30/apache-30.pom
#15 10.86 [INFO] Downloaded from central: https://repo.maven.apache.org/maven2/org/apache/apache/30/apache-30.pom (23 kB at 137 kB/s)
#15 10.91 [INFO] Downloading from central: https://repo.maven.apache.org/maven2/io/micrometer/micrometer-bom/1.12.1/micrometer-bom-1.12.1.pom
#15 11.09 [INFO] Downloaded from central: https://repo.maven.apache.org/maven2/io/micrometer/micrometer-bom/1.12.1/micrometer-bom-1.12.1.pom (8.0 kB at 44 kB/s)
#15 11.13 [INFO] Downloading from central: https://repo.maven.apache.org/maven2/io/micrometer/micrometer-tracing-bom/1.2.1/micrometer-tracing-bom-1.2.1.pom
#15 11.32 [INFO] Downloaded from central: https://repo.maven.apache.org/maven2/io/micrometer/micrometer-tracing-bom/1.2.1/micrometer-tracing-bom-1.2.1.pom (4.7 kB at 24 kB/s)
#15 11.36 [INFO] Downloading from central: https://repo.maven.apache.org/maven2/org/mockito/mockito-bom/5.7.0/mockito-bom-5.7.0.pom
#15 11.55 [INFO] Downloaded from central: https://repo.maven.apache.org/maven2/org/mockito/mockito-bom/5.7.0/mockito-bom-5.7.0.pom (3.0 kB at 15 kB/s)
#15 11.59 [INFO] Downloading from central: https://repo.maven.apache.org/maven2/io/netty/netty-bom/4.1.104.Final/netty-bom-4.1.104.Final.pom
#15 11.79 [INFO] Downloaded from central: https://repo.maven.apache.org/maven2/io/netty/netty-bom/4.1.104.Final/netty-bom-4.1.104.Final.pom (14 kB at 71 kB/s)
#15 11.83 [INFO] Downloading from central: https://repo.maven.apache.org/maven2/org/sonatype/oss/oss-parent/7/oss-parent-7.pom
#15 12.08 [INFO] Downloaded from central: https://repo.maven.apache.org/maven2/org/sonatype/oss/oss-parent/7/oss-parent-7.pom (4.8 kB at 18 kB/s)
#15 12.12 [INFO] Downloading from central: https://repo.maven.apache.org/maven2/com/squareup/okhttp3/okhttp-bom/4.12.0/okhttp-bom-4.12.0.pom
#15 12.31 [INFO] Downloaded from central: https://repo.maven.apache.org/maven2/com/squareup/okhttp3/okhttp-bom/4.12.0/okhttp-bom-4.12.0.pom (3.1 kB at 16 kB/s)
#15 12.34 [INFO] Downloading from central: https://repo.maven.apache.org/maven2/io/opentelemetry/opentelemetry-bom/1.31.0/opentelemetry-bom-1.31.0.pom
#15 12.51 [INFO] Downloaded from central: https://repo.maven.apache.org/maven2/io/opentelemetry/opentelemetry-bom/1.31.0/opentelemetry-bom-1.31.0.pom (7.0 kB at 40 kB/s)
#15 12.54 [INFO] Downloading from central: https://repo.maven.apache.org/maven2/com/oracle/database/jdbc/ojdbc-bom/23.3.0.23.09/ojdbc-bom-23.3.0.23.09.pom
#15 12.73 [INFO] Downloaded from central: https://repo.maven.apache.org/maven2/com/oracle/database/jdbc/ojdbc-bom/23.3.0.23.09/ojdbc-bom-23.3.0.23.09.pom (7.2 kB at 37 kB/s)
#15 12.78 [INFO] Downloading from central: https://repo.maven.apache.org/maven2/io/prometheus/simpleclient_bom/0.16.0/simpleclient_bom-0.16.0.pom
#15 12.96 [INFO] Downloaded from central: https://repo.maven.apache.org/maven2/io/prometheus/simpleclient_bom/0.16.0/simpleclient_bom-0.16.0.pom (6.0 kB at 33 kB/s)
#15 12.99 [INFO] Downloading from central: https://repo.maven.apache.org/maven2/io/prometheus/parent/0.16.0/parent-0.16.0.pom
#15 13.16 [INFO] Downloaded from central: https://repo.maven.apache.org/maven2/io/prometheus/parent/0.16.0/parent-0.16.0.pom (13 kB at 74 kB/s)
#15 13.20 [INFO] Downloading from central: https://repo.maven.apache.org/maven2/com/querydsl/querydsl-bom/5.0.0/querydsl-bom-5.0.0.pom
#15 13.39 [INFO] Downloaded from central: https://repo.maven.apache.org/maven2/com/querydsl/querydsl-bom/5.0.0/querydsl-bom-5.0.0.pom (7.2 kB at 38 kB/s)
#15 13.42 [INFO] Downloading from central: https://repo.maven.apache.org/maven2/io/projectreactor/reactor-bom/2023.0.1/reactor-bom-2023.0.1.pom
#15 13.73 [INFO] Downloaded from central: https://repo.maven.apache.org/maven2/io/projectreactor/reactor-bom/2023.0.1/reactor-bom-2023.0.1.pom (4.8 kB at 16 kB/s)
#15 13.76 [INFO] Downloading from central: https://repo.maven.apache.org/maven2/io/rest-assured/rest-assured-bom/5.3.2/rest-assured-bom-5.3.2.pom
#15 14.21 [INFO] Downloaded from central: https://repo.maven.apache.org/maven2/io/rest-assured/rest-assured-bom/5.3.2/rest-assured-bom-5.3.2.pom (4.3 kB at 9.2 kB/s)
#15 14.24 [INFO] Downloading from central: https://repo.maven.apache.org/maven2/io/rsocket/rsocket-bom/1.1.3/rsocket-bom-1.1.3.pom
#15 14.39 [INFO] Downloaded from central: https://repo.maven.apache.org/maven2/io/rsocket/rsocket-bom/1.1.3/rsocket-bom-1.1.3.pom (2.6 kB at 17 kB/s)
#15 14.42 [INFO] Downloading from central: https://repo.maven.apache.org/maven2/org/seleniumhq/selenium/selenium-bom/4.14.1/selenium-bom-4.14.1.pom
#15 14.61 [INFO] Downloaded from central: https://repo.maven.apache.org/maven2/org/seleniumhq/selenium/selenium-bom/4.14.1/selenium-bom-4.14.1.pom (6.0 kB at 32 kB/s)
#15 14.64 [INFO] Downloading from central: https://repo.maven.apache.org/maven2/org/springframework/amqp/spring-amqp-bom/3.1.1/spring-amqp-bom-3.1.1.pom
#15 14.82 [INFO] Downloaded from central: https://repo.maven.apache.org/maven2/org/springframework/amqp/spring-amqp-bom/3.1.1/spring-amqp-bom-3.1.1.pom (3.9 kB at 21 kB/s)
#15 14.86 [INFO] Downloading from central: https://repo.maven.apache.org/maven2/org/springframework/batch/spring-batch-bom/5.1.0/spring-batch-bom-5.1.0.pom
#15 15.06 [INFO] Downloaded from central: https://repo.maven.apache.org/maven2/org/springframework/batch/spring-batch-bom/5.1.0/spring-batch-bom-5.1.0.pom (3.2 kB at 16 kB/s)
#15 15.08 [INFO] Downloading from central: https://repo.maven.apache.org/maven2/org/springframework/data/spring-data-bom/2023.1.1/spring-data-bom-2023.1.1.pom
#15 15.28 [INFO] Downloaded from central: https://repo.maven.apache.org/maven2/org/springframework/data/spring-data-bom/2023.1.1/spring-data-bom-2023.1.1.pom (5.5 kB at 27 kB/s)
#15 15.32 [INFO] Downloading from central: https://repo.maven.apache.org/maven2/org/springframework/spring-framework-bom/6.1.2/spring-framework-bom-6.1.2.pom
#15 15.51 [INFO] Downloaded from central: https://repo.maven.apache.org/maven2/org/springframework/spring-framework-bom/6.1.2/spring-framework-bom-6.1.2.pom (5.8 kB at 32 kB/s)
#15 15.53 [INFO] Downloading from central: https://repo.maven.apache.org/maven2/org/springframework/integration/spring-integration-bom/6.2.1/spring-integration-bom-6.2.1.pom
#15 15.73 [INFO] Downloaded from central: https://repo.maven.apache.org/maven2/org/springframework/integration/spring-integration-bom/6.2.1/spring-integration-bom-6.2.1.pom (10 kB at 54 kB/s)
#15 15.76 [INFO] Downloading from central: https://repo.maven.apache.org/maven2/org/springframework/restdocs/spring-restdocs-bom/3.0.1/spring-restdocs-bom-3.0.1.pom
#15 15.95 [INFO] Downloaded from central: https://repo.maven.apache.org/maven2/org/springframework/restdocs/spring-restdocs-bom/3.0.1/spring-restdocs-bom-3.0.1.pom (2.6 kB at 13 kB/s)
#15 15.97 [INFO] Downloading from central: https://repo.maven.apache.org/maven2/org/springframework/security/spring-security-bom/6.2.1/spring-security-bom-6.2.1.pom
#15 16.16 [INFO] Downloaded from central: https://repo.maven.apache.org/maven2/org/springframework/security/spring-security-bom/6.2.1/spring-security-bom-6.2.1.pom (5.3 kB at 28 kB/s)
#15 16.23 [INFO] Downloading from central: https://repo.maven.apache.org/maven2/org/springframework/session/spring-session-bom/3.2.1/spring-session-bom-3.2.1.pom
#15 16.39 [INFO] Downloaded from central: https://repo.maven.apache.org/maven2/org/springframework/session/spring-session-bom/3.2.1/spring-session-bom-3.2.1.pom (2.9 kB at 18 kB/s)
#15 16.42 [INFO] Downloading from central: https://repo.maven.apache.org/maven2/org/springframework/ws/spring-ws-bom/4.0.9/spring-ws-bom-4.0.9.pom
#15 16.61 [INFO] Downloaded from central: https://repo.maven.apache.org/maven2/org/springframework/ws/spring-ws-bom/4.0.9/spring-ws-bom-4.0.9.pom (3.5 kB at 19 kB/s)
#15 16.65 [INFO] Downloading from central: https://repo.maven.apache.org/maven2/org/testcontainers/testcontainers-bom/1.19.3/testcontainers-bom-1.19.3.pom
#15 16.84 [INFO] Downloaded from central: https://repo.maven.apache.org/maven2/org/testcontainers/testcontainers-bom/1.19.3/testcontainers-bom-1.19.3.pom (9.0 kB at 48 kB/s)
#15 16.96 [INFO] 
#15 16.96 [INFO] --------------------< com.example:emp_backend_2fa >---------------------
#15 16.96 [INFO] Building emp_backend 0.0.1-SNAPSHOT
#15 16.96 [INFO]   from pom.xml
#15 16.96 [INFO] --------------------------------[ jar ]---------------------------------
#15 16.96 [INFO] Downloading from central: https://repo.maven.apache.org/maven2/org/springframework/boot/spring-boot-maven-plugin/3.2.1/spring-boot-maven-plugin-3.2.1.pom
#15 17.11 [INFO] Downloaded from central: https://repo.maven.apache.org/maven2/org/springframework/boot/spring-boot-maven-plugin/3.2.1/spring-boot-maven-plugin-3.2.1.pom (4.0 kB at 28 kB/s)
#15 17.13 [INFO] Downloading from central: https://repo.maven.apache.org/maven2/org/springframework/boot/spring-boot-maven-plugin/3.2.1/spring-boot-maven-plugin-3.2.1.jar
#15 17.39 [INFO] Downloaded from central: https://repo.maven.apache.org/maven2/org/springframework/boot/spring-boot-maven-plugin/3.2.1/spring-boot-maven-plugin-3.2.1.jar (134 kB at 525 kB/s)
#15 17.50 [INFO] Downloading from central: https://repo.maven.apache.org/maven2/org/apache/maven/plugins/maven-resources-plugin/3.3.1/maven-resources-plugin-3.3.1.pom
#15 17.66 [INFO] Downloaded from central: https://repo.maven.apache.org/maven2/org/apache/maven/plugins/maven-resources-plugin/3.3.1/maven-resources-plugin-3.3.1.pom (8.2 kB at 50 kB/s)
#15 17.69 [INFO] Downloading from central: https://repo.maven.apache.org/maven2/org/apache/maven/plugins/maven-plugins/39/maven-plugins-39.pom
#15 17.85 [INFO] Downloaded from central: https://repo.maven.apache.org/maven2/org/apache/maven/plugins/maven-plugins/39/maven-plugins-39.pom (8.1 kB at 50 kB/s)
#15 17.88 [INFO] Downloading from central: https://repo.maven.apache.org/maven2/org/apache/maven/maven-parent/39/maven-parent-39.pom
#15 18.08 [INFO] Downloaded from central: https://repo.maven.apache.org/maven2/org/apache/maven/maven-parent/39/maven-parent-39.pom (48 kB at 240 kB/s)
#15 18.13 [INFO] Downloading from central: https://repo.maven.apache.org/maven2/org/apache/apache/29/apache-29.pom
#15 18.30 [INFO] Downloaded from central: https://repo.maven.apache.org/maven2/org/apache/apache/29/apache-29.pom (21 kB at 118 kB/s)
#15 18.35 [INFO] Downloading from central: https://repo.maven.apache.org/maven2/org/apache/maven/plugins/maven-resources-plugin/3.3.1/maven-resources-plugin-3.3.1.jar
#15 18.53 [INFO] Downloaded from central: https://repo.maven.apache.org/maven2/org/apache/maven/plugins/maven-resources-plugin/3.3.1/maven-resources-plugin-3.3.1.jar (31 kB at 170 kB/s)
#15 18.58 [INFO] Downloading from central: https://repo.maven.apache.org/maven2/org/apache/maven/plugins/maven-compiler-plugin/3.11.0/maven-compiler-plugin-3.11.0.pom
#15 18.76 [INFO] Downloaded from central: https://repo.maven.apache.org/maven2/org/apache/maven/plugins/maven-compiler-plugin/3.11.0/maven-compiler-plugin-3.11.0.pom (9.8 kB at 54 kB/s)
#15 18.81 [INFO] Downloading from central: https://repo.maven.apache.org/maven2/org/apache/maven/plugins/maven-compiler-plugin/3.11.0/maven-compiler-plugin-3.11.0.jar
#15 19.04 [INFO] Downloaded from central: https://repo.maven.apache.org/maven2/org/apache/maven/plugins/maven-compiler-plugin/3.11.0/maven-compiler-plugin-3.11.0.jar (66 kB at 284 kB/s)
#15 19.08 [INFO] Downloading from central: https://repo.maven.apache.org/maven2/org/apache/maven/plugins/maven-surefire-plugin/3.1.2/maven-surefire-plugin-3.1.2.pom
#15 19.24 [INFO] Downloaded from central: https://repo.maven.apache.org/maven2/org/apache/maven/plugins/maven-surefire-plugin/3.1.2/maven-surefire-plugin-3.1.2.pom (5.5 kB at 33 kB/s)
#15 19.25 [INFO] Downloading from central: https://repo.maven.apache.org/maven2/org/apache/maven/surefire/surefire/3.1.2/surefire-3.1.2.pom
#15 19.43 [INFO] Downloaded from central: https://repo.maven.apache.org/maven2/org/apache/maven/surefire/surefire/3.1.2/surefire-3.1.2.pom (22 kB at 125 kB/s)
#15 19.48 [INFO] Downloading from central: https://repo.maven.apache.org/maven2/org/apache/maven/plugins/maven-surefire-plugin/3.1.2/maven-surefire-plugin-3.1.2.jar
#15 19.68 [INFO] Downloaded from central: https://repo.maven.apache.org/maven2/org/apache/maven/plugins/maven-surefire-plugin/3.1.2/maven-surefire-plugin-3.1.2.jar (43 kB at 222 kB/s)
#15 19.74 [INFO] Downloading from central: https://repo.maven.apache.org/maven2/org/apache/maven/plugins/maven-jar-plugin/3.3.0/maven-jar-plugin-3.3.0.pom
#15 19.90 [INFO] Downloaded from central: https://repo.maven.apache.org/maven2/org/apache/maven/plugins/maven-jar-plugin/3.3.0/maven-jar-plugin-3.3.0.pom (6.8 kB at 41 kB/s)
#15 19.93 [INFO] Downloading from central: https://repo.maven.apache.org/maven2/org/apache/maven/plugins/maven-plugins/37/maven-plugins-37.pom
#15 20.09 [INFO] Downloaded from central: https://repo.maven.apache.org/maven2/org/apache/maven/plugins/maven-plugins/37/maven-plugins-37.pom (9.9 kB at 60 kB/s)
#15 20.10 [INFO] Downloading from central: https://repo.maven.apache.org/maven2/org/apache/maven/maven-parent/37/maven-parent-37.pom
#15 20.25 [INFO] Downloaded from central: https://repo.maven.apache.org/maven2/org/apache/maven/maven-parent/37/maven-parent-37.pom (46 kB at 302 kB/s)
#15 20.26 [INFO] Downloading from central: https://repo.maven.apache.org/maven2/org/apache/apache/27/apache-27.pom
#15 20.40 [INFO] Downloaded from central: https://repo.maven.apache.org/maven2/org/apache/apache/27/apache-27.pom (20 kB at 146 kB/s)
#15 20.41 [INFO] Downloading from central: https://repo.maven.apache.org/maven2/org/apache/maven/plugins/maven-jar-plugin/3.3.0/maven-jar-plugin-3.3.0.jar
#15 20.70 [INFO] Downloaded from central: https://repo.maven.apache.org/maven2/org/apache/maven/plugins/maven-jar-plugin/3.3.0/maven-jar-plugin-3.3.0.jar (27 kB at 95 kB/s)
#15 20.81 [INFO] Downloading from central: https://repo.maven.apache.org/maven2/org/springframework/boot/spring-boot-starter-web/3.2.1/spring-boot-starter-web-3.2.1.pom
#15 20.97 [INFO] Downloaded from central: https://repo.maven.apache.org/maven2/org/springframework/boot/spring-boot-starter-web/3.2.1/spring-boot-starter-web-3.2.1.pom (2.9 kB at 19 kB/s)
#15 20.98 [INFO] Downloading from central: https://repo.maven.apache.org/maven2/org/springframework/boot/spring-boot-starter/3.2.1/spring-boot-starter-3.2.1.pom
#15 21.12 [INFO] Downloaded from central: https://repo.maven.apache.org/maven2/org/springframework/boot/spring-boot-starter/3.2.1/spring-boot-starter-3.2.1.pom (3.0 kB at 22 kB/s)
#15 21.12 [INFO] Downloading from central: https://repo.maven.apache.org/maven2/org/springframework/boot/spring-boot/3.2.1/spring-boot-3.2.1.pom
#15 21.26 [INFO] Downloaded from central: https://repo.maven.apache.org/maven2/org/springframework/boot/spring-boot/3.2.1/spring-boot-3.2.1.pom (2.2 kB at 16 kB/s)
#15 21.27 [INFO] Downloading from central: https://repo.maven.apache.org/maven2/org/springframework/spring-core/6.1.2/spring-core-6.1.2.pom
#15 21.42 [INFO] Downloaded from central: https://repo.maven.apache.org/maven2/org/springframework/spring-core/6.1.2/spring-core-6.1.2.pom (2.0 kB at 14 kB/s)
#15 21.42 [INFO] Downloading from central: https://repo.maven.apache.org/maven2/org/springframework/spring-jcl/6.1.2/spring-jcl-6.1.2.pom
#15 21.57 [INFO] Downloaded from central: https://repo.maven.apache.org/maven2/org/springframework/spring-jcl/6.1.2/spring-jcl-6.1.2.pom (1.8 kB at 13 kB/s)
#15 21.57 [INFO] Downloading from central: https://repo.maven.apache.org/maven2/org/springframework/spring-context/6.1.2/spring-context-6.1.2.pom
#15 21.72 [INFO] Downloaded from central: https://repo.maven.apache.org/maven2/org/springframework/spring-context/6.1.2/spring-context-6.1.2.pom (2.8 kB at 19 kB/s)
#15 21.74 [INFO] Downloading from central: https://repo.maven.apache.org/maven2/org/springframework/spring-aop/6.1.2/spring-aop-6.1.2.pom
#15 21.88 [INFO] Downloaded from central: https://repo.maven.apache.org/maven2/org/springframework/spring-aop/6.1.2/spring-aop-6.1.2.pom (2.2 kB at 15 kB/s)
#15 21.91 [INFO] Downloading from central: https://repo.maven.apache.org/maven2/org/springframework/spring-beans/6.1.2/spring-beans-6.1.2.pom
#15 22.08 [INFO] Downloaded from central: https://repo.maven.apache.org/maven2/org/springframework/spring-beans/6.1.2/spring-beans-6.1.2.pom (2.0 kB at 12 kB/s)
#15 22.10 [INFO] Downloading from central: https://repo.maven.apache.org/maven2/org/springframework/spring-expression/6.1.2/spring-expression-6.1.2.pom
#15 22.26 [INFO] Downloaded from central: https://repo.maven.apache.org/maven2/org/springframework/spring-expression/6.1.2/spring-expression-6.1.2.pom (2.1 kB at 13 kB/s)
#15 22.29 [INFO] Downloading from central: https://repo.maven.apache.org/maven2/io/micrometer/micrometer-observation/1.12.1/micrometer-observation-1.12.1.pom
#15 22.46 [INFO] Downloaded from central: https://repo.maven.apache.org/maven2/io/micrometer/micrometer-observation/1.12.1/micrometer-observation-1.12.1.pom (3.8 kB at 23 kB/s)
#15 22.48 [INFO] Downloading from central: https://repo.maven.apache.org/maven2/io/micrometer/micrometer-commons/1.12.1/micrometer-commons-1.12.1.pom
#15 22.67 [INFO] Downloaded from central: https://repo.maven.apache.org/maven2/io/micrometer/micrometer-commons/1.12.1/micrometer-commons-1.12.1.pom (3.4 kB at 19 kB/s)
#15 22.70 [INFO] Downloading from central: https://repo.maven.apache.org/maven2/org/springframework/boot/spring-boot-autoconfigure/3.2.1/spring-boot-autoconfigure-3.2.1.pom
#15 22.88 [INFO] Downloaded from central: https://repo.maven.apache.org/maven2/org/springframework/boot/spring-boot-autoconfigure/3.2.1/spring-boot-autoconfigure-3.2.1.pom (2.1 kB at 11 kB/s)
#15 22.89 [INFO] Downloading from central: https://repo.maven.apache.org/maven2/org/springframework/boot/spring-boot-starter-logging/3.2.1/spring-boot-starter-logging-3.2.1.pom
#15 23.04 [INFO] Downloaded from central: https://repo.maven.apache.org/maven2/org/springframework/boot/spring-boot-starter-logging/3.2.1/spring-boot-starter-logging-3.2.1.pom (2.5 kB at 16 kB/s)
#15 23.07 [INFO] Downloading from central: https://repo.maven.apache.org/maven2/ch/qos/logback/logback-classic/1.4.14/logback-classic-1.4.14.pom
#15 23.23 [INFO] Downloaded from central: https://repo.maven.apache.org/maven2/ch/qos/logback/logback-classic/1.4.14/logback-classic-1.4.14.pom (13 kB at 80 kB/s)
#15 23.26 [INFO] Downloading from central: https://repo.maven.apache.org/maven2/ch/qos/logback/logback-parent/1.4.14/logback-parent-1.4.14.pom
#15 23.44 [INFO] Downloaded from central: https://repo.maven.apache.org/maven2/ch/qos/logback/logback-parent/1.4.14/logback-parent-1.4.14.pom (20 kB at 108 kB/s)
#15 23.49 [INFO] Downloading from central: https://repo.maven.apache.org/maven2/ch/qos/logback/logback-core/1.4.14/logback-core-1.4.14.pom
#15 23.66 [INFO] Downloaded from central: https://repo.maven.apache.org/maven2/ch/qos/logback/logback-core/1.4.14/logback-core-1.4.14.pom (5.0 kB at 31 kB/s)
#15 23.71 [INFO] Downloading from central: https://repo.maven.apache.org/maven2/org/slf4j/slf4j-api/2.0.9/slf4j-api-2.0.9.pom
#15 23.87 [INFO] Downloaded from central: https://repo.maven.apache.org/maven2/org/slf4j/slf4j-api/2.0.9/slf4j-api-2.0.9.pom (2.8 kB at 17 kB/s)
#15 23.88 [INFO] Downloading from central: https://repo.maven.apache.org/maven2/org/slf4j/slf4j-parent/2.0.9/slf4j-parent-2.0.9.pom
#15 24.04 [INFO] Downloaded from central: https://repo.maven.apache.org/maven2/org/slf4j/slf4j-parent/2.0.9/slf4j-parent-2.0.9.pom (16 kB at 100 kB/s)
#15 24.07 [INFO] Downloading from central: https://repo.maven.apache.org/maven2/org/slf4j/slf4j-bom/2.0.9/slf4j-bom-2.0.9.pom
#15 24.23 [INFO] Downloaded from central: https://repo.maven.apache.org/maven2/org/slf4j/slf4j-bom/2.0.9/slf4j-bom-2.0.9.pom (4.9 kB at 32 kB/s)
#15 24.25 [INFO] Downloading from central: https://repo.maven.apache.org/maven2/org/apache/logging/log4j/log4j-to-slf4j/2.21.1/log4j-to-slf4j-2.21.1.pom
#15 24.44 [INFO] Downloaded from central: https://repo.maven.apache.org/maven2/org/apache/logging/log4j/log4j-to-slf4j/2.21.1/log4j-to-slf4j-2.21.1.pom (4.2 kB at 23 kB/s)
#15 24.46 [INFO] Downloading from central: https://repo.maven.apache.org/maven2/org/apache/logging/log4j/log4j/2.21.1/log4j-2.21.1.pom
#15 24.67 [INFO] Downloaded from central: https://repo.maven.apache.org/maven2/org/apache/logging/log4j/log4j/2.21.1/log4j-2.21.1.pom (35 kB at 172 kB/s)
#15 24.71 [INFO] Downloading from central: https://repo.maven.apache.org/maven2/org/ow2/asm/asm-bom/9.5/asm-bom-9.5.pom
#15 24.88 [INFO] Downloaded from central: https://repo.maven.apache.org/maven2/org/ow2/asm/asm-bom/9.5/asm-bom-9.5.pom (3.2 kB at 19 kB/s)
#15 24.90 [INFO] Downloading from central: https://repo.maven.apache.org/maven2/org/ow2/ow2/1.5.1/ow2-1.5.1.pom
#15 25.08 [INFO] Downloaded from central: https://repo.maven.apache.org/maven2/org/ow2/ow2/1.5.1/ow2-1.5.1.pom (11 kB at 63 kB/s)
#15 25.11 [INFO] Downloading from central: https://repo.maven.apache.org/maven2/org/codehaus/groovy/groovy-bom/3.0.19/groovy-bom-3.0.19.pom
#15 25.29 [INFO] Downloaded from central: https://repo.maven.apache.org/maven2/org/codehaus/groovy/groovy-bom/3.0.19/groovy-bom-3.0.19.pom (26 kB at 148 kB/s)
#15 25.32 [INFO] Downloading from central: https://repo.maven.apache.org/maven2/com/fasterxml/jackson/jackson-bom/2.15.2/jackson-bom-2.15.2.pom
#15 25.52 [INFO] Downloaded from central: https://repo.maven.apache.org/maven2/com/fasterxml/jackson/jackson-bom/2.15.2/jackson-bom-2.15.2.pom (18 kB at 90 kB/s)
#15 25.57 [INFO] Downloading from central: https://repo.maven.apache.org/maven2/jakarta/platform/jakarta.jakartaee-bom/9.1.0/jakarta.jakartaee-bom-9.1.0.pom
#15 25.75 [INFO] Downloaded from central: https://repo.maven.apache.org/maven2/jakarta/platform/jakarta.jakartaee-bom/9.1.0/jakarta.jakartaee-bom-9.1.0.pom (9.6 kB at 53 kB/s)
#15 25.78 [INFO] Downloading from central: https://repo.maven.apache.org/maven2/jakarta/platform/jakartaee-api-parent/9.1.0/jakartaee-api-parent-9.1.0.pom
#15 25.97 [INFO] Downloaded from central: https://repo.maven.apache.org/maven2/jakarta/platform/jakartaee-api-parent/9.1.0/jakartaee-api-parent-9.1.0.pom (15 kB at 77 kB/s)
#15 25.99 [INFO] Downloading from central: https://repo.maven.apache.org/maven2/org/eclipse/ee4j/project/1.0.7/project-1.0.7.pom
#15 26.16 [INFO] Downloaded from central: https://repo.maven.apache.org/maven2/org/eclipse/ee4j/project/1.0.7/project-1.0.7.pom (14 kB at 84 kB/s)
#15 26.17 [INFO] Downloading from central: https://repo.maven.apache.org/maven2/org/eclipse/jetty/jetty-bom/9.4.53.v20231009/jetty-bom-9.4.53.v20231009.pom
#15 26.33 [INFO] Downloaded from central: https://repo.maven.apache.org/maven2/org/eclipse/jetty/jetty-bom/9.4.53.v20231009/jetty-bom-9.4.53.v20231009.pom (18 kB at 110 kB/s)
#15 26.36 [INFO] Downloading from central: https://repo.maven.apache.org/maven2/org/junit/junit-bom/5.10.0/junit-bom-5.10.0.pom
#15 26.54 [INFO] Downloaded from central: https://repo.maven.apache.org/maven2/org/junit/junit-bom/5.10.0/junit-bom-5.10.0.pom (5.6 kB at 31 kB/s)
#15 26.57 [INFO] Downloading from central: https://repo.maven.apache.org/maven2/io/fabric8/kubernetes-client-bom/5.12.4/kubernetes-client-bom-5.12.4.pom
#15 26.76 [INFO] Downloaded from central: https://repo.maven.apache.org/maven2/io/fabric8/kubernetes-client-bom/5.12.4/kubernetes-client-bom-5.12.4.pom (26 kB at 134 kB/s)
#15 26.81 [INFO] Downloading from central: https://repo.maven.apache.org/maven2/org/mockito/mockito-bom/4.11.0/mockito-bom-4.11.0.pom
#15 26.95 [INFO] Downloaded from central: https://repo.maven.apache.org/maven2/org/mockito/mockito-bom/4.11.0/mockito-bom-4.11.0.pom (3.2 kB at 22 kB/s)
#15 26.98 [INFO] Downloading from central: https://repo.maven.apache.org/maven2/io/netty/netty-bom/4.1.97.Final/netty-bom-4.1.97.Final.pom
#15 27.19 [INFO] Downloaded from central: https://repo.maven.apache.org/maven2/io/netty/netty-bom/4.1.97.Final/netty-bom-4.1.97.Final.pom (13 kB at 67 kB/s)
#15 27.23 [INFO] Downloading from central: https://repo.maven.apache.org/maven2/org/springframework/spring-framework-bom/5.3.29/spring-framework-bom-5.3.29.pom
#15 27.40 [INFO] Downloaded from central: https://repo.maven.apache.org/maven2/org/springframework/spring-framework-bom/5.3.29/spring-framework-bom-5.3.29.pom (5.7 kB at 33 kB/s)
#15 27.44 [INFO] Downloading from central: https://repo.maven.apache.org/maven2/org/apache/logging/log4j/log4j-api/2.21.1/log4j-api-2.21.1.pom
#15 27.62 [INFO] Downloaded from central: https://repo.maven.apache.org/maven2/org/apache/logging/log4j/log4j-api/2.21.1/log4j-api-2.21.1.pom (4.0 kB at 23 kB/s)
#15 27.67 [INFO] Downloading from central: https://repo.maven.apache.org/maven2/org/slf4j/jul-to-slf4j/2.0.9/jul-to-slf4j-2.0.9.pom
#15 27.84 [INFO] Downloaded from central: https://repo.maven.apache.org/maven2/org/slf4j/jul-to-slf4j/2.0.9/jul-to-slf4j-2.0.9.pom (1.1 kB at 6.4 kB/s)
#15 27.88 [INFO] Downloading from central: https://repo.maven.apache.org/maven2/jakarta/annotation/jakarta.annotation-api/2.1.1/jakarta.annotation-api-2.1.1.pom
#15 28.07 [INFO] Downloaded from central: https://repo.maven.apache.org/maven2/jakarta/annotation/jakarta.annotation-api/2.1.1/jakarta.annotation-api-2.1.1.pom (16 kB at 81 kB/s)
#15 28.11 [INFO] Downloading from central: https://repo.maven.apache.org/maven2/org/yaml/snakeyaml/2.2/snakeyaml-2.2.pom
#15 28.29 [INFO] Downloaded from central: https://repo.maven.apache.org/maven2/org/yaml/snakeyaml/2.2/snakeyaml-2.2.pom (21 kB at 116 kB/s)
#15 28.33 [INFO] Downloading from central: https://repo.maven.apache.org/maven2/org/springframework/boot/spring-boot-starter-json/3.2.1/spring-boot-starter-json-3.2.1.pom
#15 28.51 [INFO] Downloaded from central: https://repo.maven.apache.org/maven2/org/springframework/boot/spring-boot-starter-json/3.2.1/spring-boot-starter-json-3.2.1.pom (3.1 kB at 17 kB/s)
#15 28.56 [INFO] Downloading from central: https://repo.maven.apache.org/maven2/org/springframework/spring-web/6.1.2/spring-web-6.1.2.pom
#15 28.74 [INFO] Downloaded from central: https://repo.maven.apache.org/maven2/org/springframework/spring-web/6.1.2/spring-web-6.1.2.pom (2.4 kB at 13 kB/s)
#15 28.78 [INFO] Downloading from central: https://repo.maven.apache.org/maven2/com/fasterxml/jackson/core/jackson-databind/2.15.3/jackson-databind-2.15.3.pom
#15 28.95 [INFO] Downloaded from central: https://repo.maven.apache.org/maven2/com/fasterxml/jackson/core/jackson-databind/2.15.3/jackson-databind-2.15.3.pom (19 kB at 111 kB/s)
#15 28.99 [INFO] Downloading from central: https://repo.maven.apache.org/maven2/com/fasterxml/jackson/jackson-base/2.15.3/jackson-base-2.15.3.pom
#15 29.18 [INFO] Downloaded from central: https://repo.maven.apache.org/maven2/com/fasterxml/jackson/jackson-base/2.15.3/jackson-base-2.15.3.pom (11 kB at 58 kB/s)
#15 29.22 [INFO] Downloading from central: https://repo.maven.apache.org/maven2/org/junit/junit-bom/5.9.2/junit-bom-5.9.2.pom
#15 29.38 [INFO] Downloaded from central: https://repo.maven.apache.org/maven2/org/junit/junit-bom/5.9.2/junit-bom-5.9.2.pom (5.6 kB at 35 kB/s)
#15 29.41 [INFO] Downloading from central: https://repo.maven.apache.org/maven2/com/fasterxml/jackson/core/jackson-annotations/2.15.3/jackson-annotations-2.15.3.pom
#15 29.59 [INFO] Downloaded from central: https://repo.maven.apache.org/maven2/com/fasterxml/jackson/core/jackson-annotations/2.15.3/jackson-annotations-2.15.3.pom (7.1 kB at 40 kB/s)
#15 29.63 [INFO] Downloading from central: https://repo.maven.apache.org/maven2/com/fasterxml/jackson/core/jackson-core/2.15.3/jackson-core-2.15.3.pom
#15 29.78 [INFO] Downloaded from central: https://repo.maven.apache.org/maven2/com/fasterxml/jackson/core/jackson-core/2.15.3/jackson-core-2.15.3.pom (9.8 kB at 64 kB/s)
#15 29.80 [INFO] Downloading from central: https://repo.maven.apache.org/maven2/com/fasterxml/jackson/datatype/jackson-datatype-jdk8/2.15.3/jackson-datatype-jdk8-2.15.3.pom
#15 29.93 [INFO] Downloaded from central: https://repo.maven.apache.org/maven2/com/fasterxml/jackson/datatype/jackson-datatype-jdk8/2.15.3/jackson-datatype-jdk8-2.15.3.pom (2.6 kB at 20 kB/s)
#15 29.93 [INFO] Downloading from central: https://repo.maven.apache.org/maven2/com/fasterxml/jackson/module/jackson-modules-java8/2.15.3/jackson-modules-java8-2.15.3.pom
#15 30.08 [INFO] Downloaded from central: https://repo.maven.apache.org/maven2/com/fasterxml/jackson/module/jackson-modules-java8/2.15.3/jackson-modules-java8-2.15.3.pom (3.1 kB at 21 kB/s)
#15 30.09 [INFO] Downloading from central: https://repo.maven.apache.org/maven2/com/fasterxml/jackson/datatype/jackson-datatype-jsr310/2.15.3/jackson-datatype-jsr310-2.15.3.pom
#15 30.25 [INFO] Downloaded from central: https://repo.maven.apache.org/maven2/com/fasterxml/jackson/datatype/jackson-datatype-jsr310/2.15.3/jackson-datatype-jsr310-2.15.3.pom (4.9 kB at 30 kB/s)
#15 30.31 [INFO] Downloading from central: https://repo.maven.apache.org/maven2/com/fasterxml/jackson/module/jackson-module-parameter-names/2.15.3/jackson-module-parameter-names-2.15.3.pom
#15 30.48 [INFO] Downloaded from central: https://repo.maven.apache.org/maven2/com/fasterxml/jackson/module/jackson-module-parameter-names/2.15.3/jackson-module-parameter-names-2.15.3.pom (4.4 kB at 26 kB/s)
#15 30.53 [INFO] Downloading from central: https://repo.maven.apache.org/maven2/org/springframework/boot/spring-boot-starter-tomcat/3.2.1/spring-boot-starter-tomcat-3.2.1.pom
#15 30.71 [INFO] Downloaded from central: https://repo.maven.apache.org/maven2/org/springframework/boot/spring-boot-starter-tomcat/3.2.1/spring-boot-starter-tomcat-3.2.1.pom (3.1 kB at 17 kB/s)
#15 30.73 [INFO] Downloading from central: https://repo.maven.apache.org/maven2/org/apache/tomcat/embed/tomcat-embed-core/10.1.17/tomcat-embed-core-10.1.17.pom
#15 30.92 [INFO] Downloaded from central: https://repo.maven.apache.org/maven2/org/apache/tomcat/embed/tomcat-embed-core/10.1.17/tomcat-embed-core-10.1.17.pom (1.8 kB at 9.4 kB/s)
#15 30.95 [INFO] Downloading from central: https://repo.maven.apache.org/maven2/org/apache/tomcat/embed/tomcat-embed-el/10.1.17/tomcat-embed-el-10.1.17.pom
#15 31.12 [INFO] Downloaded from central: https://repo.maven.apache.org/maven2/org/apache/tomcat/embed/tomcat-embed-el/10.1.17/tomcat-embed-el-10.1.17.pom (1.5 kB at 9.3 kB/s)
#15 31.16 [INFO] Downloading from central: https://repo.maven.apache.org/maven2/org/apache/tomcat/embed/tomcat-embed-websocket/10.1.17/tomcat-embed-websocket-10.1.17.pom
#15 31.35 [INFO] Downloaded from central: https://repo.maven.apache.org/maven2/org/apache/tomcat/embed/tomcat-embed-websocket/10.1.17/tomcat-embed-websocket-10.1.17.pom (1.8 kB at 9.3 kB/s)
#15 31.38 [INFO] Downloading from central: https://repo.maven.apache.org/maven2/org/springframework/spring-webmvc/6.1.2/spring-webmvc-6.1.2.pom
#15 31.57 [INFO] Downloaded from central: https://repo.maven.apache.org/maven2/org/springframework/spring-webmvc/6.1.2/spring-webmvc-6.1.2.pom (2.9 kB at 16 kB/s)
#15 31.61 [INFO] Downloading from central: https://repo.maven.apache.org/maven2/org/springframework/boot/spring-boot-starter-data-jpa/3.2.1/spring-boot-starter-data-jpa-3.2.1.pom
#15 32.05 [INFO] Downloaded from central: https://repo.maven.apache.org/maven2/org/springframework/boot/spring-boot-starter-data-jpa/3.2.1/spring-boot-starter-data-jpa-3.2.1.pom (2.9 kB at 6.5 kB/s)
#15 32.10 [INFO] Downloading from central: https://repo.maven.apache.org/maven2/org/springframework/boot/spring-boot-starter-aop/3.2.1/spring-boot-starter-aop-3.2.1.pom
#15 32.28 [INFO] Downloaded from central: https://repo.maven.apache.org/maven2/org/springframework/boot/spring-boot-starter-aop/3.2.1/spring-boot-starter-aop-3.2.1.pom (2.5 kB at 13 kB/s)
#15 32.31 [INFO] Downloading from central: https://repo.maven.apache.org/maven2/org/aspectj/aspectjweaver/1.9.21/aspectjweaver-1.9.21.pom
#15 32.49 [INFO] Downloaded from central: https://repo.maven.apache.org/maven2/org/aspectj/aspectjweaver/1.9.21/aspectjweaver-1.9.21.pom (2.1 kB at 11 kB/s)
#15 32.52 [INFO] Downloading from central: https://repo.maven.apache.org/maven2/org/springframework/boot/spring-boot-starter-jdbc/3.2.1/spring-boot-starter-jdbc-3.2.1.pom
#15 32.70 [INFO] Downloaded from central: https://repo.maven.apache.org/maven2/org/springframework/boot/spring-boot-starter-jdbc/3.2.1/spring-boot-starter-jdbc-3.2.1.pom (2.5 kB at 13 kB/s)
#15 32.74 [INFO] Downloading from central: https://repo.maven.apache.org/maven2/com/zaxxer/HikariCP/5.0.1/HikariCP-5.0.1.pom
#15 32.93 [INFO] Downloaded from central: https://repo.maven.apache.org/maven2/com/zaxxer/HikariCP/5.0.1/HikariCP-5.0.1.pom (25 kB at 129 kB/s)
#15 32.96 [INFO] Downloading from central: https://repo.maven.apache.org/maven2/org/sonatype/oss/oss-parent/9/oss-parent-9.pom
#15 33.13 [INFO] Downloaded from central: https://repo.maven.apache.org/maven2/org/sonatype/oss/oss-parent/9/oss-parent-9.pom (6.6 kB at 39 kB/s)
#15 33.17 [INFO] Downloading from central: https://repo.maven.apache.org/maven2/org/springframework/spring-jdbc/6.1.2/spring-jdbc-6.1.2.pom
#15 33.33 [INFO] Downloaded from central: https://repo.maven.apache.org/maven2/org/springframework/spring-jdbc/6.1.2/spring-jdbc-6.1.2.pom (2.4 kB at 15 kB/s)
#15 33.37 [INFO] Downloading from central: https://repo.maven.apache.org/maven2/org/springframework/spring-tx/6.1.2/spring-tx-6.1.2.pom
#15 33.90 [INFO] Downloaded from central: https://repo.maven.apache.org/maven2/org/springframework/spring-tx/6.1.2/spring-tx-6.1.2.pom (2.2 kB at 4.2 kB/s)
#15 33.93 [INFO] Downloading from central: https://repo.maven.apache.org/maven2/org/hibernate/orm/hibernate-core/6.4.1.Final/hibernate-core-6.4.1.Final.pom
#15 34.12 [INFO] Downloaded from central: https://repo.maven.apache.org/maven2/org/hibernate/orm/hibernate-core/6.4.1.Final/hibernate-core-6.4.1.Final.pom (5.8 kB at 30 kB/s)
#15 34.15 [INFO] Downloading from central: https://repo.maven.apache.org/maven2/jakarta/persistence/jakarta.persistence-api/3.1.0/jakarta.persistence-api-3.1.0.pom
#15 34.34 [INFO] Downloaded from central: https://repo.maven.apache.org/maven2/jakarta/persistence/jakarta.persistence-api/3.1.0/jakarta.persistence-api-3.1.0.pom (16 kB at 82 kB/s)
#15 34.38 [INFO] Downloading from central: https://repo.maven.apache.org/maven2/jakarta/transaction/jakarta.transaction-api/2.0.1/jakarta.transaction-api-2.0.1.pom
#15 34.56 [INFO] Downloaded from central: https://repo.maven.apache.org/maven2/jakarta/transaction/jakarta.transaction-api/2.0.1/jakarta.transaction-api-2.0.1.pom (14 kB at 75 kB/s)
#15 34.57 [INFO] Downloading from central: https://repo.maven.apache.org/maven2/org/eclipse/ee4j/project/1.0.6/project-1.0.6.pom
#15 34.74 [INFO] Downloaded from central: https://repo.maven.apache.org/maven2/org/eclipse/ee4j/project/1.0.6/project-1.0.6.pom (13 kB at 75 kB/s)
#15 34.78 [INFO] Downloading from central: https://repo.maven.apache.org/maven2/org/jboss/logging/jboss-logging/3.5.3.Final/jboss-logging-3.5.3.Final.pom
#15 34.96 [INFO] Downloaded from central: https://repo.maven.apache.org/maven2/org/jboss/logging/jboss-logging/3.5.3.Final/jboss-logging-3.5.3.Final.pom (19 kB at 101 kB/s)
#15 35.00 [INFO] Downloading from central: https://repo.maven.apache.org/maven2/org/jboss/logging/logging-parent/1.0.1.Final/logging-parent-1.0.1.Final.pom
#15 35.18 [INFO] Downloaded from central: https://repo.maven.apache.org/maven2/org/jboss/logging/logging-parent/1.0.1.Final/logging-parent-1.0.1.Final.pom (6.0 kB at 32 kB/s)
#15 35.25 [INFO] Downloading from central: https://repo.maven.apache.org/maven2/org/junit/junit-bom/5.9.3/junit-bom-5.9.3.pom
#15 35.40 [INFO] Downloaded from central: https://repo.maven.apache.org/maven2/org/junit/junit-bom/5.9.3/junit-bom-5.9.3.pom (5.6 kB at 36 kB/s)
#15 35.44 [INFO] Downloading from central: https://repo.maven.apache.org/maven2/org/hibernate/common/hibernate-commons-annotations/6.0.6.Final/hibernate-commons-annotations-6.0.6.Final.pom
#15 35.64 [INFO] Downloaded from central: https://repo.maven.apache.org/maven2/org/hibernate/common/hibernate-commons-annotations/6.0.6.Final/hibernate-commons-annotations-6.0.6.Final.pom (2.1 kB at 10 kB/s)
#15 35.68 [INFO] Downloading from central: https://repo.maven.apache.org/maven2/io/smallrye/jandex/3.1.2/jandex-3.1.2.pom
#15 35.86 [INFO] Downloaded from central: https://repo.maven.apache.org/maven2/io/smallrye/jandex/3.1.2/jandex-3.1.2.pom (7.0 kB at 37 kB/s)
#15 35.89 [INFO] Downloading from central: https://repo.maven.apache.org/maven2/io/smallrye/jandex-parent/3.1.2/jandex-parent-3.1.2.pom
#15 36.09 [INFO] Downloaded from central: https://repo.maven.apache.org/maven2/io/smallrye/jandex-parent/3.1.2/jandex-parent-3.1.2.pom (7.2 kB at 37 kB/s)
#15 36.12 [INFO] Downloading from central: https://repo.maven.apache.org/maven2/io/smallrye/smallrye-build-parent/39/smallrye-build-parent-39.pom
#15 36.30 [INFO] Downloaded from central: https://repo.maven.apache.org/maven2/io/smallrye/smallrye-build-parent/39/smallrye-build-parent-39.pom (28 kB at 156 kB/s)
#15 36.33 [INFO] Downloading from central: https://repo.maven.apache.org/maven2/com/fasterxml/classmate/1.6.0/classmate-1.6.0.pom
#15 36.50 [INFO] Downloaded from central: https://repo.maven.apache.org/maven2/com/fasterxml/classmate/1.6.0/classmate-1.6.0.pom (6.6 kB at 40 kB/s)
#15 36.53 [INFO] Downloading from central: https://repo.maven.apache.org/maven2/com/fasterxml/oss-parent/55/oss-parent-55.pom
#15 36.76 [INFO] Downloaded from central: https://repo.maven.apache.org/maven2/com/fasterxml/oss-parent/55/oss-parent-55.pom (24 kB at 104 kB/s)
#15 36.79 [INFO] Downloading from central: https://repo.maven.apache.org/maven2/net/bytebuddy/byte-buddy/1.14.10/byte-buddy-1.14.10.pom
#15 36.95 [INFO] Downloaded from central: https://repo.maven.apache.org/maven2/net/bytebuddy/byte-buddy/1.14.10/byte-buddy-1.14.10.pom (16 kB at 97 kB/s)
#15 37.00 [INFO] Downloading from central: https://repo.maven.apache.org/maven2/net/bytebuddy/byte-buddy-parent/1.14.10/byte-buddy-parent-1.14.10.pom
#15 37.18 [INFO] Downloaded from central: https://repo.maven.apache.org/maven2/net/bytebuddy/byte-buddy-parent/1.14.10/byte-buddy-parent-1.14.10.pom (62 kB at 326 kB/s)
#15 37.23 [INFO] Downloading from central: https://repo.maven.apache.org/maven2/jakarta/xml/bind/jakarta.xml.bind-api/4.0.1/jakarta.xml.bind-api-4.0.1.pom
#15 37.42 [INFO] Downloaded from central: https://repo.maven.apache.org/maven2/jakarta/xml/bind/jakarta.xml.bind-api/4.0.1/jakarta.xml.bind-api-4.0.1.pom (13 kB at 68 kB/s)
#15 37.45 [INFO] Downloading from central: https://repo.maven.apache.org/maven2/jakarta/xml/bind/jakarta.xml.bind-api-parent/4.0.1/jakarta.xml.bind-api-parent-4.0.1.pom
#15 37.62 [INFO] Downloaded from central: https://repo.maven.apache.org/maven2/jakarta/xml/bind/jakarta.xml.bind-api-parent/4.0.1/jakarta.xml.bind-api-parent-4.0.1.pom (9.2 kB at 55 kB/s)
#15 37.65 [INFO] Downloading from central: https://repo.maven.apache.org/maven2/jakarta/activation/jakarta.activation-api/2.1.2/jakarta.activation-api-2.1.2.pom
#15 37.82 [INFO] Downloaded from central: https://repo.maven.apache.org/maven2/jakarta/activation/jakarta.activation-api/2.1.2/jakarta.activation-api-2.1.2.pom (18 kB at 114 kB/s)
#15 37.86 [INFO] Downloading from central: https://repo.maven.apache.org/maven2/org/glassfish/jaxb/jaxb-runtime/4.0.4/jaxb-runtime-4.0.4.pom
#15 38.02 [INFO] Downloaded from central: https://repo.maven.apache.org/maven2/org/glassfish/jaxb/jaxb-runtime/4.0.4/jaxb-runtime-4.0.4.pom (11 kB at 69 kB/s)
#15 38.03 [INFO] Downloading from central: https://repo.maven.apache.org/maven2/com/sun/xml/bind/mvn/jaxb-runtime-parent/4.0.4/jaxb-runtime-parent-4.0.4.pom
#15 38.20 [INFO] Downloaded from central: https://repo.maven.apache.org/maven2/com/sun/xml/bind/mvn/jaxb-runtime-parent/4.0.4/jaxb-runtime-parent-4.0.4.pom (1.2 kB at 7.0 kB/s)
#15 38.24 [INFO] Downloading from central: https://repo.maven.apache.org/maven2/com/sun/xml/bind/mvn/jaxb-parent/4.0.4/jaxb-parent-4.0.4.pom
#15 38.42 [INFO] Downloaded from central: https://repo.maven.apache.org/maven2/com/sun/xml/bind/mvn/jaxb-parent/4.0.4/jaxb-parent-4.0.4.pom (35 kB at 191 kB/s)
#15 38.45 [INFO] Downloading from central: https://repo.maven.apache.org/maven2/com/sun/xml/bind/jaxb-bom-ext/4.0.4/jaxb-bom-ext-4.0.4.pom
#15 38.61 [INFO] Downloaded from central: https://repo.maven.apache.org/maven2/com/sun/xml/bind/jaxb-bom-ext/4.0.4/jaxb-bom-ext-4.0.4.pom (3.5 kB at 21 kB/s)
#15 38.67 [INFO] Downloading from central: https://repo.maven.apache.org/maven2/org/glassfish/jaxb/jaxb-core/4.0.4/jaxb-core-4.0.4.pom
#15 38.85 [INFO] Downloaded from central: https://repo.maven.apache.org/maven2/org/glassfish/jaxb/jaxb-core/4.0.4/jaxb-core-4.0.4.pom (3.7 kB at 21 kB/s)
#15 38.89 [INFO] Downloading from central: https://repo.maven.apache.org/maven2/org/eclipse/angus/angus-activation/2.0.1/angus-activation-2.0.1.pom
#15 39.07 [INFO] Downloaded from central: https://repo.maven.apache.org/maven2/org/eclipse/angus/angus-activation/2.0.1/angus-activation-2.0.1.pom (4.0 kB at 22 kB/s)
#15 39.11 [INFO] Downloading from central: https://repo.maven.apache.org/maven2/org/eclipse/angus/angus-activation-project/2.0.1/angus-activation-project-2.0.1.pom
#15 39.28 [INFO] Downloaded from central: https://repo.maven.apache.org/maven2/org/eclipse/angus/angus-activation-project/2.0.1/angus-activation-project-2.0.1.pom (20 kB at 118 kB/s)
#15 39.31 [INFO] Downloading from central: https://repo.maven.apache.org/maven2/org/glassfish/jaxb/txw2/4.0.4/txw2-4.0.4.pom
#15 39.48 [INFO] Downloaded from central: https://repo.maven.apache.org/maven2/org/glassfish/jaxb/txw2/4.0.4/txw2-4.0.4.pom (1.8 kB at 10 kB/s)
#15 39.51 [INFO] Downloading from central: https://repo.maven.apache.org/maven2/com/sun/xml/bind/mvn/jaxb-txw-parent/4.0.4/jaxb-txw-parent-4.0.4.pom
#15 39.69 [INFO] Downloaded from central: https://repo.maven.apache.org/maven2/com/sun/xml/bind/mvn/jaxb-txw-parent/4.0.4/jaxb-txw-parent-4.0.4.pom (1.2 kB at 6.8 kB/s)
#15 39.73 [INFO] Downloading from central: https://repo.maven.apache.org/maven2/com/sun/istack/istack-commons-runtime/4.1.2/istack-commons-runtime-4.1.2.pom
#15 39.91 [INFO] Downloaded from central: https://repo.maven.apache.org/maven2/com/sun/istack/istack-commons-runtime/4.1.2/istack-commons-runtime-4.1.2.pom (1.6 kB at 9.0 kB/s)
#15 39.95 [INFO] Downloading from central: https://repo.maven.apache.org/maven2/com/sun/istack/istack-commons/4.1.2/istack-commons-4.1.2.pom
#15 40.13 [INFO] Downloaded from central: https://repo.maven.apache.org/maven2/com/sun/istack/istack-commons/4.1.2/istack-commons-4.1.2.pom (26 kB at 145 kB/s)
#15 40.18 [INFO] Downloading from central: https://repo.maven.apache.org/maven2/jakarta/inject/jakarta.inject-api/2.0.1/jakarta.inject-api-2.0.1.pom
#15 40.35 [INFO] Downloaded from central: https://repo.maven.apache.org/maven2/jakarta/inject/jakarta.inject-api/2.0.1/jakarta.inject-api-2.0.1.pom (5.9 kB at 34 kB/s)
#15 40.38 [INFO] Downloading from central: https://repo.maven.apache.org/maven2/org/antlr/antlr4-runtime/4.13.0/antlr4-runtime-4.13.0.pom
#15 40.57 [INFO] Downloaded from central: https://repo.maven.apache.org/maven2/org/antlr/antlr4-runtime/4.13.0/antlr4-runtime-4.13.0.pom (3.6 kB at 18 kB/s)
#15 40.60 [INFO] Downloading from central: https://repo.maven.apache.org/maven2/org/antlr/antlr4-master/4.13.0/antlr4-master-4.13.0.pom
#15 40.81 [INFO] Downloaded from central: https://repo.maven.apache.org/maven2/org/antlr/antlr4-master/4.13.0/antlr4-master-4.13.0.pom (4.8 kB at 24 kB/s)
#15 40.84 [INFO] Downloading from central: https://repo.maven.apache.org/maven2/org/springframework/data/spring-data-jpa/3.2.1/spring-data-jpa-3.2.1.pom
#15 41.07 [INFO] Downloaded from central: https://repo.maven.apache.org/maven2/org/springframework/data/spring-data-jpa/3.2.1/spring-data-jpa-3.2.1.pom (11 kB at 46 kB/s)
#15 41.09 [INFO] Downloading from central: https://repo.maven.apache.org/maven2/org/springframework/data/spring-data-jpa-parent/3.2.1/spring-data-jpa-parent-3.2.1.pom
#15 41.54 [INFO] Downloaded from central: https://repo.maven.apache.org/maven2/org/springframework/data/spring-data-jpa-parent/3.2.1/spring-data-jpa-parent-3.2.1.pom (6.9 kB at 15 kB/s)
#15 41.58 [INFO] Downloading from central: https://repo.maven.apache.org/maven2/org/springframework/data/build/spring-data-parent/3.2.1/spring-data-parent-3.2.1.pom
#15 42.09 [INFO] Downloaded from central: https://repo.maven.apache.org/maven2/org/springframework/data/build/spring-data-parent/3.2.1/spring-data-parent-3.2.1.pom (41 kB at 79 kB/s)
#15 42.15 [INFO] Downloading from central: https://repo.maven.apache.org/maven2/org/springframework/data/build/spring-data-build/3.2.1/spring-data-build-3.2.1.pom
#15 42.32 [INFO] Downloaded from central: https://repo.maven.apache.org/maven2/org/springframework/data/build/spring-data-build/3.2.1/spring-data-build-3.2.1.pom (7.3 kB at 43 kB/s)
#15 42.43 [INFO] Downloading from central: https://repo.maven.apache.org/maven2/org/springframework/data/spring-data-commons/3.2.1/spring-data-commons-3.2.1.pom
#15 42.57 [INFO] Downloaded from central: https://repo.maven.apache.org/maven2/org/springframework/data/spring-data-commons/3.2.1/spring-data-commons-3.2.1.pom (9.9 kB at 70 kB/s)
#15 42.61 [INFO] Downloading from central: https://repo.maven.apache.org/maven2/org/springframework/spring-orm/6.1.2/spring-orm-6.1.2.pom
#15 42.79 [INFO] Downloaded from central: https://repo.maven.apache.org/maven2/org/springframework/spring-orm/6.1.2/spring-orm-6.1.2.pom (2.6 kB at 15 kB/s)
#15 42.83 [INFO] Downloading from central: https://repo.maven.apache.org/maven2/org/springframework/spring-aspects/6.1.2/spring-aspects-6.1.2.pom
#15 43.30 [INFO] Downloaded from central: https://repo.maven.apache.org/maven2/org/springframework/spring-aspects/6.1.2/spring-aspects-6.1.2.pom (2.0 kB at 4.3 kB/s)
#15 43.33 [INFO] Downloading from central: https://repo.maven.apache.org/maven2/org/springframework/boot/spring-boot-starter-webflux/3.2.1/spring-boot-starter-webflux-3.2.1.pom
#15 43.57 [INFO] Downloaded from central: https://repo.maven.apache.org/maven2/org/springframework/boot/spring-boot-starter-webflux/3.2.1/spring-boot-starter-webflux-3.2.1.pom (2.9 kB at 12 kB/s)
#15 43.64 [INFO] Downloading from central: https://repo.maven.apache.org/maven2/org/springframework/boot/spring-boot-starter-reactor-netty/3.2.1/spring-boot-starter-reactor-netty-3.2.1.pom
#15 44.14 [INFO] Downloaded from central: https://repo.maven.apache.org/maven2/org/springframework/boot/spring-boot-starter-reactor-netty/3.2.1/spring-boot-starter-reactor-netty-3.2.1.pom (2.1 kB at 4.3 kB/s)
#15 44.16 [INFO] Downloading from central: https://repo.maven.apache.org/maven2/io/projectreactor/netty/reactor-netty-http/1.1.14/reactor-netty-http-1.1.14.pom
#15 44.34 [INFO] Downloaded from central: https://repo.maven.apache.org/maven2/io/projectreactor/netty/reactor-netty-http/1.1.14/reactor-netty-http-1.1.14.pom (4.3 kB at 24 kB/s)
#15 44.35 [INFO] Downloading from central: https://repo.maven.apache.org/maven2/io/netty/netty-codec-http/4.1.104.Final/netty-codec-http-4.1.104.Final.pom
#15 44.51 [INFO] Downloaded from central: https://repo.maven.apache.org/maven2/io/netty/netty-codec-http/4.1.104.Final/netty-codec-http-4.1.104.Final.pom (4.4 kB at 27 kB/s)
#15 44.53 [INFO] Downloading from central: https://repo.maven.apache.org/maven2/io/netty/netty-parent/4.1.104.Final/netty-parent-4.1.104.Final.pom
#15 44.72 [INFO] Downloaded from central: https://repo.maven.apache.org/maven2/io/netty/netty-parent/4.1.104.Final/netty-parent-4.1.104.Final.pom (85 kB at 443 kB/s)
#15 44.77 [INFO] Downloading from central: https://repo.maven.apache.org/maven2/io/netty/netty-common/4.1.104.Final/netty-common-4.1.104.Final.pom
#15 44.93 [INFO] Downloaded from central: https://repo.maven.apache.org/maven2/io/netty/netty-common/4.1.104.Final/netty-common-4.1.104.Final.pom (12 kB at 75 kB/s)
#15 44.99 [INFO] Downloading from central: https://repo.maven.apache.org/maven2/io/netty/netty-buffer/4.1.104.Final/netty-buffer-4.1.104.Final.pom
#15 45.16 [INFO] Downloaded from central: https://repo.maven.apache.org/maven2/io/netty/netty-buffer/4.1.104.Final/netty-buffer-4.1.104.Final.pom (1.6 kB at 9.5 kB/s)
#15 45.20 [INFO] Downloading from central: https://repo.maven.apache.org/maven2/io/netty/netty-transport/4.1.104.Final/netty-transport-4.1.104.Final.pom
#15 45.38 [INFO] Downloaded from central: https://repo.maven.apache.org/maven2/io/netty/netty-transport/4.1.104.Final/netty-transport-4.1.104.Final.pom (2.2 kB at 12 kB/s)
#15 45.43 [INFO] Downloading from central: https://repo.maven.apache.org/maven2/io/netty/netty-resolver/4.1.104.Final/netty-resolver-4.1.104.Final.pom
#15 45.62 [INFO] Downloaded from central: https://repo.maven.apache.org/maven2/io/netty/netty-resolver/4.1.104.Final/netty-resolver-4.1.104.Final.pom (1.6 kB at 8.1 kB/s)
#15 45.68 [INFO] Downloading from central: https://repo.maven.apache.org/maven2/io/netty/netty-codec/4.1.104.Final/netty-codec-4.1.104.Final.pom
#15 45.83 [INFO] Downloaded from central: https://repo.maven.apache.org/maven2/io/netty/netty-codec/4.1.104.Final/netty-codec-4.1.104.Final.pom (5.5 kB at 34 kB/s)
#15 45.89 [INFO] Downloading from central: https://repo.maven.apache.org/maven2/io/netty/netty-handler/4.1.104.Final/netty-handler-4.1.104.Final.pom
#15 46.07 [INFO] Downloaded from central: https://repo.maven.apache.org/maven2/io/netty/netty-handler/4.1.104.Final/netty-handler-4.1.104.Final.pom (4.6 kB at 26 kB/s)
#15 46.10 [INFO] Downloading from central: https://repo.maven.apache.org/maven2/io/netty/netty-transport-native-unix-common/4.1.104.Final/netty-transport-native-unix-common-4.1.104.Final.pom
#15 46.26 [INFO] Downloaded from central: https://repo.maven.apache.org/maven2/io/netty/netty-transport-native-unix-common/4.1.104.Final/netty-transport-native-unix-common-4.1.104.Final.pom (33 kB at 207 kB/s)
#15 46.29 [INFO] Downloading from central: https://repo.maven.apache.org/maven2/io/netty/netty-codec-http2/4.1.104.Final/netty-codec-http2-4.1.104.Final.pom
#15 46.44 [INFO] Downloaded from central: https://repo.maven.apache.org/maven2/io/netty/netty-codec-http2/4.1.104.Final/netty-codec-http2-4.1.104.Final.pom (5.2 kB at 35 kB/s)
#15 46.46 [INFO] Downloading from central: https://repo.maven.apache.org/maven2/io/netty/netty-resolver-dns/4.1.104.Final/netty-resolver-dns-4.1.104.Final.pom
#15 46.61 [INFO] Downloaded from central: https://repo.maven.apache.org/maven2/io/netty/netty-resolver-dns/4.1.104.Final/netty-resolver-dns-4.1.104.Final.pom (3.7 kB at 24 kB/s)
#15 46.66 [INFO] Downloading from central: https://repo.maven.apache.org/maven2/io/netty/netty-codec-dns/4.1.104.Final/netty-codec-dns-4.1.104.Final.pom
#15 46.82 [INFO] Downloaded from central: https://repo.maven.apache.org/maven2/io/netty/netty-codec-dns/4.1.104.Final/netty-codec-dns-4.1.104.Final.pom (2.7 kB at 16 kB/s)
#15 46.87 [INFO] Downloading from central: https://repo.maven.apache.org/maven2/io/netty/netty-resolver-dns-native-macos/4.1.104.Final/netty-resolver-dns-native-macos-4.1.104.Final.pom
#15 47.06 [INFO] Downloaded from central: https://repo.maven.apache.org/maven2/io/netty/netty-resolver-dns-native-macos/4.1.104.Final/netty-resolver-dns-native-macos-4.1.104.Final.pom (18 kB at 96 kB/s)
#15 47.11 [INFO] Downloading from central: https://repo.maven.apache.org/maven2/io/netty/netty-resolver-dns-classes-macos/4.1.104.Final/netty-resolver-dns-classes-macos-4.1.104.Final.pom
#15 47.30 [INFO] Downloaded from central: https://repo.maven.apache.org/maven2/io/netty/netty-resolver-dns-classes-macos/4.1.104.Final/netty-resolver-dns-classes-macos-4.1.104.Final.pom (2.0 kB at 10 kB/s)
#15 47.35 [INFO] Downloading from central: https://repo.maven.apache.org/maven2/io/netty/netty-transport-native-epoll/4.1.104.Final/netty-transport-native-epoll-4.1.104.Final.pom
#15 47.53 [INFO] Downloaded from central: https://repo.maven.apache.org/maven2/io/netty/netty-transport-native-epoll/4.1.104.Final/netty-transport-native-epoll-4.1.104.Final.pom (26 kB at 148 kB/s)
#15 47.58 [INFO] Downloading from central: https://repo.maven.apache.org/maven2/io/netty/netty-transport-classes-epoll/4.1.104.Final/netty-transport-classes-epoll-4.1.104.Final.pom
#15 47.74 [INFO] Downloaded from central: https://repo.maven.apache.org/maven2/io/netty/netty-transport-classes-epoll/4.1.104.Final/netty-transport-classes-epoll-4.1.104.Final.pom (2.1 kB at 14 kB/s)
#15 47.78 [INFO] Downloading from central: https://repo.maven.apache.org/maven2/io/projectreactor/netty/reactor-netty-core/1.1.14/reactor-netty-core-1.1.14.pom
#15 47.93 [INFO] Downloaded from central: https://repo.maven.apache.org/maven2/io/projectreactor/netty/reactor-netty-core/1.1.14/reactor-netty-core-1.1.14.pom (3.9 kB at 26 kB/s)
#15 47.94 [INFO] Downloading from central: https://repo.maven.apache.org/maven2/io/netty/netty-handler-proxy/4.1.104.Final/netty-handler-proxy-4.1.104.Final.pom
#15 48.08 [INFO] Downloaded from central: https://repo.maven.apache.org/maven2/io/netty/netty-handler-proxy/4.1.104.Final/netty-handler-proxy-4.1.104.Final.pom (3.6 kB at 25 kB/s)
#15 48.09 [INFO] Downloading from central: https://repo.maven.apache.org/maven2/io/netty/netty-codec-socks/4.1.104.Final/netty-codec-socks-4.1.104.Final.pom
#15 48.25 [INFO] Downloaded from central: https://repo.maven.apache.org/maven2/io/netty/netty-codec-socks/4.1.104.Final/netty-codec-socks-4.1.104.Final.pom (2.5 kB at 17 kB/s)
#15 48.29 [INFO] Downloading from central: https://repo.maven.apache.org/maven2/io/projectreactor/reactor-core/3.6.1/reactor-core-3.6.1.pom
#15 48.45 [INFO] Downloaded from central: https://repo.maven.apache.org/maven2/io/projectreactor/reactor-core/3.6.1/reactor-core-3.6.1.pom (2.1 kB at 13 kB/s)
#15 48.48 [INFO] Downloading from central: https://repo.maven.apache.org/maven2/org/reactivestreams/reactive-streams/1.0.4/reactive-streams-1.0.4.pom
#15 48.67 [INFO] Downloaded from central: https://repo.maven.apache.org/maven2/org/reactivestreams/reactive-streams/1.0.4/reactive-streams-1.0.4.pom (1.1 kB at 6.3 kB/s)
#15 48.69 [INFO] Downloading from central: https://repo.maven.apache.org/maven2/org/springframework/spring-webflux/6.1.2/spring-webflux-6.1.2.pom
#15 48.85 [INFO] Downloaded from central: https://repo.maven.apache.org/maven2/org/springframework/spring-webflux/6.1.2/spring-webflux-6.1.2.pom (2.6 kB at 16 kB/s)
#15 48.92 [INFO] Downloading from central: https://repo.maven.apache.org/maven2/com/mysql/mysql-connector-j/8.1.0/mysql-connector-j-8.1.0.pom
#15 49.10 [INFO] Downloaded from central: https://repo.maven.apache.org/maven2/com/mysql/mysql-connector-j/8.1.0/mysql-connector-j-8.1.0.pom (3.2 kB at 17 kB/s)
#15 49.15 [INFO] Downloading from central: https://repo.maven.apache.org/maven2/org/apache/tika/tika-core/2.9.0/tika-core-2.9.0.pom
#15 49.32 [INFO] Downloaded from central: https://repo.maven.apache.org/maven2/org/apache/tika/tika-core/2.9.0/tika-core-2.9.0.pom (11 kB at 60 kB/s)
#15 49.35 [INFO] Downloading from central: https://repo.maven.apache.org/maven2/org/apache/tika/tika-parent/2.9.0/tika-parent-2.9.0.pom
#15 49.53 [INFO] Downloaded from central: https://repo.maven.apache.org/maven2/org/apache/tika/tika-parent/2.9.0/tika-parent-2.9.0.pom (47 kB at 253 kB/s)
#15 49.58 [INFO] Downloading from central: https://repo.maven.apache.org/maven2/io/netty/netty-bom/4.1.96.Final/netty-bom-4.1.96.Final.pom
#15 49.73 [INFO] Downloaded from central: https://repo.maven.apache.org/maven2/io/netty/netty-bom/4.1.96.Final/netty-bom-4.1.96.Final.pom (13 kB at 84 kB/s)
#15 49.75 [INFO] Downloading from central: https://repo.maven.apache.org/maven2/org/apache/cxf/cxf-bom/3.5.6/cxf-bom-3.5.6.pom
#15 49.92 [INFO] Downloaded from central: https://repo.maven.apache.org/maven2/org/apache/cxf/cxf-bom/3.5.6/cxf-bom-3.5.6.pom (26 kB at 153 kB/s)
#15 50.01 [INFO] Downloading from central: https://repo.maven.apache.org/maven2/org/apache/cxf/cxf/3.5.6/cxf-3.5.6.pom
#15 50.16 [INFO] Downloaded from central: https://repo.maven.apache.org/maven2/org/apache/cxf/cxf/3.5.6/cxf-3.5.6.pom (39 kB at 259 kB/s)
#15 50.19 [INFO] Downloading from central: https://repo.maven.apache.org/maven2/org/apache/logging/log4j/log4j-bom/2.20.0/log4j-bom-2.20.0.pom
#15 50.36 [INFO] Downloaded from central: https://repo.maven.apache.org/maven2/org/apache/logging/log4j/log4j-bom/2.20.0/log4j-bom-2.20.0.pom (9.0 kB at 54 kB/s)
#15 50.38 [INFO] Downloading from central: https://repo.maven.apache.org/maven2/org/apache/logging/logging-parent/7/logging-parent-7.pom
#15 50.57 [INFO] Downloaded from central: https://repo.maven.apache.org/maven2/org/apache/logging/logging-parent/7/logging-parent-7.pom (3.3 kB at 18 kB/s)
#15 50.59 [INFO] Downloading from central: https://repo.maven.apache.org/maven2/org/eclipse/jetty/jetty-bom/9.4.51.v20230217/jetty-bom-9.4.51.v20230217.pom
#15 50.77 [INFO] Downloaded from central: https://repo.maven.apache.org/maven2/org/eclipse/jetty/jetty-bom/9.4.51.v20230217/jetty-bom-9.4.51.v20230217.pom (18 kB at 102 kB/s)
#15 50.80 [INFO] Downloading from central: https://repo.maven.apache.org/maven2/org/testcontainers/testcontainers-bom/1.19.0/testcontainers-bom-1.19.0.pom
#15 50.98 [INFO] Downloaded from central: https://repo.maven.apache.org/maven2/org/testcontainers/testcontainers-bom/1.19.0/testcontainers-bom-1.19.0.pom (8.7 kB at 49 kB/s)
#15 51.04 [INFO] Downloading from central: https://repo.maven.apache.org/maven2/commons-io/commons-io/2.13.0/commons-io-2.13.0.pom
#15 51.20 [INFO] Downloaded from central: https://repo.maven.apache.org/maven2/commons-io/commons-io/2.13.0/commons-io-2.13.0.pom (20 kB at 129 kB/s)
#15 51.21 [INFO] Downloading from central: https://repo.maven.apache.org/maven2/org/apache/commons/commons-parent/58/commons-parent-58.pom
#15 51.40 [INFO] Downloaded from central: https://repo.maven.apache.org/maven2/org/apache/commons/commons-parent/58/commons-parent-58.pom (83 kB at 430 kB/s)
#15 51.45 [INFO] Downloading from central: https://repo.maven.apache.org/maven2/org/apache/tika/tika-parsers-standard-package/2.9.0/tika-parsers-standard-package-2.9.0.pom
#15 52.32 [INFO] Downloaded from central: https://repo.maven.apache.org/maven2/org/apache/tika/tika-parsers-standard-package/2.9.0/tika-parsers-standard-package-2.9.0.pom (13 kB at 15 kB/s)
#15 52.32 [INFO] Downloading from central: https://repo.maven.apache.org/maven2/org/apache/tika/tika-parsers-standard/2.9.0/tika-parsers-standard-2.9.0.pom
#15 52.48 [INFO] Downloaded from central: https://repo.maven.apache.org/maven2/org/apache/tika/tika-parsers-standard/2.9.0/tika-parsers-standard-2.9.0.pom (3.1 kB at 19 kB/s)
#15 52.50 [INFO] Downloading from central: https://repo.maven.apache.org/maven2/org/apache/tika/tika-parsers/2.9.0/tika-parsers-2.9.0.pom
#15 52.91 [INFO] Downloaded from central: https://repo.maven.apache.org/maven2/org/apache/tika/tika-parsers/2.9.0/tika-parsers-2.9.0.pom (3.7 kB at 8.9 kB/s)
#15 52.96 [INFO] Downloading from central: https://repo.maven.apache.org/maven2/org/apache/tika/tika-parser-apple-module/2.9.0/tika-parser-apple-module-2.9.0.pom
#15 53.45 [INFO] Downloaded from central: https://repo.maven.apache.org/maven2/org/apache/tika/tika-parser-apple-module/2.9.0/tika-parser-apple-module-2.9.0.pom (2.3 kB at 4.8 kB/s)
#15 53.47 [INFO] Downloading from central: https://repo.maven.apache.org/maven2/org/apache/tika/tika-parsers-standard-modules/2.9.0/tika-parsers-standard-modules-2.9.0.pom
#15 53.96 [INFO] Downloaded from central: https://repo.maven.apache.org/maven2/org/apache/tika/tika-parsers-standard-modules/2.9.0/tika-parsers-standard-modules-2.9.0.pom (4.0 kB at 8.1 kB/s)
#15 54.01 [INFO] Downloading from central: https://repo.maven.apache.org/maven2/org/apache/tika/tika-parser-zip-commons/2.9.0/tika-parser-zip-commons-2.9.0.pom
#15 54.48 [INFO] Downloaded from central: https://repo.maven.apache.org/maven2/org/apache/tika/tika-parser-zip-commons/2.9.0/tika-parser-zip-commons-2.9.0.pom (2.2 kB at 4.7 kB/s)
#15 54.52 [INFO] Downloading from central: https://repo.maven.apache.org/maven2/org/apache/commons/commons-compress/1.23.0/commons-compress-1.23.0.pom
#15 54.68 [INFO] Downloaded from central: https://repo.maven.apache.org/maven2/org/apache/commons/commons-compress/1.23.0/commons-compress-1.23.0.pom (22 kB at 131 kB/s)
#15 54.70 [INFO] Downloading from central: https://repo.maven.apache.org/maven2/org/apache/commons/commons-parent/56/commons-parent-56.pom
#15 54.88 [INFO] Downloaded from central: https://repo.maven.apache.org/maven2/org/apache/commons/commons-parent/56/commons-parent-56.pom (82 kB at 460 kB/s)
#15 54.92 [INFO] Downloading from central: https://repo.maven.apache.org/maven2/org/junit/junit-bom/5.9.1/junit-bom-5.9.1.pom
#15 55.09 [INFO] Downloaded from central: https://repo.maven.apache.org/maven2/org/junit/junit-bom/5.9.1/junit-bom-5.9.1.pom (5.6 kB at 34 kB/s)
#15 55.12 [INFO] Downloading from central: https://repo.maven.apache.org/maven2/com/googlecode/plist/dd-plist/1.27/dd-plist-1.27.pom
#15 55.37 [INFO] Downloaded from central: https://repo.maven.apache.org/maven2/com/googlecode/plist/dd-plist/1.27/dd-plist-1.27.pom (9.0 kB at 36 kB/s)
#15 55.40 [INFO] Downloading from central: https://repo.maven.apache.org/maven2/org/apache/tika/tika-parser-audiovideo-module/2.9.0/tika-parser-audiovideo-module-2.9.0.pom
#15 55.57 [INFO] Downloaded from central: https://repo.maven.apache.org/maven2/org/apache/tika/tika-parser-audiovideo-module/2.9.0/tika-parser-audiovideo-module-2.9.0.pom (2.2 kB at 13 kB/s)
#15 55.60 [INFO] Downloading from central: https://repo.maven.apache.org/maven2/com/drewnoakes/metadata-extractor/2.18.0/metadata-extractor-2.18.0.pom
#15 55.77 [INFO] Downloaded from central: https://repo.maven.apache.org/maven2/com/drewnoakes/metadata-extractor/2.18.0/metadata-extractor-2.18.0.pom (8.8 kB at 53 kB/s)
#15 55.79 [INFO] Downloading from central: https://repo.maven.apache.org/maven2/com/adobe/xmp/xmpcore/6.1.11/xmpcore-6.1.11.pom
#15 55.97 [INFO] Downloaded from central: https://repo.maven.apache.org/maven2/com/adobe/xmp/xmpcore/6.1.11/xmpcore-6.1.11.pom (6.4 kB at 36 kB/s)
#15 56.00 [INFO] Downloading from central: https://repo.maven.apache.org/maven2/org/apache/tika/tika-parser-cad-module/2.9.0/tika-parser-cad-module-2.9.0.pom
#15 56.16 [INFO] Downloaded from central: https://repo.maven.apache.org/maven2/org/apache/tika/tika-parser-cad-module/2.9.0/tika-parser-cad-module-2.9.0.pom (2.5 kB at 16 kB/s)
#15 56.17 [INFO] Downloading from central: https://repo.maven.apache.org/maven2/org/apache/tika/tika-parser-microsoft-module/2.9.0/tika-parser-microsoft-module-2.9.0.pom
#15 56.36 [INFO] Downloaded from central: https://repo.maven.apache.org/maven2/org/apache/tika/tika-parser-microsoft-module/2.9.0/tika-parser-microsoft-module-2.9.0.pom (4.9 kB at 25 kB/s)
#15 56.37 [INFO] Downloading from central: https://repo.maven.apache.org/maven2/org/apache/tika/tika-parser-html-module/2.9.0/tika-parser-html-module-2.9.0.pom
#15 56.53 [INFO] Downloaded from central: https://repo.maven.apache.org/maven2/org/apache/tika/tika-parser-html-module/2.9.0/tika-parser-html-module-2.9.0.pom (2.6 kB at 17 kB/s)
#15 56.57 [INFO] Downloading from central: https://repo.maven.apache.org/maven2/org/ccil/cowan/tagsoup/tagsoup/1.2.1/tagsoup-1.2.1.pom
#15 56.74 [INFO] Downloaded from central: https://repo.maven.apache.org/maven2/org/ccil/cowan/tagsoup/tagsoup/1.2.1/tagsoup-1.2.1.pom (1.2 kB at 6.9 kB/s)
#15 56.77 [INFO] Downloading from central: https://repo.maven.apache.org/maven2/commons-codec/commons-codec/1.16.0/commons-codec-1.16.0.pom
#15 56.97 [INFO] Downloaded from central: https://repo.maven.apache.org/maven2/commons-codec/commons-codec/1.16.0/commons-codec-1.16.0.pom (16 kB at 82 kB/s)
#15 57.02 [INFO] Downloading from central: https://repo.maven.apache.org/maven2/org/apache/tika/tika-parser-text-module/2.9.0/tika-parser-text-module-2.9.0.pom
#15 57.55 [INFO] Downloaded from central: https://repo.maven.apache.org/maven2/org/apache/tika/tika-parser-text-module/2.9.0/tika-parser-text-module-2.9.0.pom (2.8 kB at 5.3 kB/s)
#15 57.60 [INFO] Downloading from central: https://repo.maven.apache.org/maven2/com/github/albfernandez/juniversalchardet/2.4.0/juniversalchardet-2.4.0.pom
#15 57.80 [INFO] Downloaded from central: https://repo.maven.apache.org/maven2/com/github/albfernandez/juniversalchardet/2.4.0/juniversalchardet-2.4.0.pom (7.4 kB at 37 kB/s)
#15 57.82 [INFO] Downloading from central: https://repo.maven.apache.org/maven2/org/apache/commons/commons-csv/1.10.0/commons-csv-1.10.0.pom
#15 58.02 [INFO] Downloaded from central: https://repo.maven.apache.org/maven2/org/apache/commons/commons-csv/1.10.0/commons-csv-1.10.0.pom (20 kB at 104 kB/s)
#15 58.07 [INFO] Downloading from central: https://repo.maven.apache.org/maven2/org/apache/tika/tika-parser-xml-module/2.9.0/tika-parser-xml-module-2.9.0.pom
#15 58.24 [INFO] Downloaded from central: https://repo.maven.apache.org/maven2/org/apache/tika/tika-parser-xml-module/2.9.0/tika-parser-xml-module-2.9.0.pom (2.3 kB at 14 kB/s)
#15 58.28 [INFO] Downloading from central: https://repo.maven.apache.org/maven2/xerces/xercesImpl/2.12.2/xercesImpl-2.12.2.pom
#15 58.45 [INFO] Downloaded from central: https://repo.maven.apache.org/maven2/xerces/xercesImpl/2.12.2/xercesImpl-2.12.2.pom (3.3 kB at 20 kB/s)
#15 58.49 [INFO] Downloading from central: https://repo.maven.apache.org/maven2/xml-apis/xml-apis/1.4.01/xml-apis-1.4.01.pom
#15 58.66 [INFO] Downloaded from central: https://repo.maven.apache.org/maven2/xml-apis/xml-apis/1.4.01/xml-apis-1.4.01.pom (2.7 kB at 15 kB/s)
#15 58.70 [INFO] Downloading from central: https://repo.maven.apache.org/maven2/org/apache/tika/tika-parser-mail-commons/2.9.0/tika-parser-mail-commons-2.9.0.pom
#15 59.19 [INFO] Downloaded from central: https://repo.maven.apache.org/maven2/org/apache/tika/tika-parser-mail-commons/2.9.0/tika-parser-mail-commons-2.9.0.pom (1.8 kB at 3.6 kB/s)
#15 59.25 [INFO] Downloading from central: https://repo.maven.apache.org/maven2/org/apache/james/apache-mime4j-core/0.8.9/apache-mime4j-core-0.8.9.pom
#15 59.42 [INFO] Downloaded from central: https://repo.maven.apache.org/maven2/org/apache/james/apache-mime4j-core/0.8.9/apache-mime4j-core-0.8.9.pom (2.2 kB at 13 kB/s)
#15 59.45 [INFO] Downloading from central: https://repo.maven.apache.org/maven2/org/apache/james/apache-mime4j-project/0.8.9/apache-mime4j-project-0.8.9.pom
#15 59.64 [INFO] Downloaded from central: https://repo.maven.apache.org/maven2/org/apache/james/apache-mime4j-project/0.8.9/apache-mime4j-project-0.8.9.pom (11 kB at 61 kB/s)
#15 59.67 [INFO] Downloading from central: https://repo.maven.apache.org/maven2/org/apache/apache/21/apache-21.pom
#15 59.85 [INFO] Downloaded from central: https://repo.maven.apache.org/maven2/org/apache/apache/21/apache-21.pom (17 kB at 91 kB/s)
#15 59.89 [INFO] Downloading from central: https://repo.maven.apache.org/maven2/commons-io/commons-io/2.11.0/commons-io-2.11.0.pom
#15 60.05 [INFO] Downloaded from central: https://repo.maven.apache.org/maven2/commons-io/commons-io/2.11.0/commons-io-2.11.0.pom (20 kB at 121 kB/s)
#15 60.07 [INFO] Downloading from central: https://repo.maven.apache.org/maven2/org/apache/commons/commons-parent/52/commons-parent-52.pom
#15 60.26 [INFO] Downloaded from central: https://repo.maven.apache.org/maven2/org/apache/commons/commons-parent/52/commons-parent-52.pom (79 kB at 436 kB/s)
#15 60.31 [INFO] Downloading from central: https://repo.maven.apache.org/maven2/org/apache/apache/23/apache-23.pom
#15 60.48 [INFO] Downloaded from central: https://repo.maven.apache.org/maven2/org/apache/apache/23/apache-23.pom (18 kB at 112 kB/s)
#15 60.53 [INFO] Downloading from central: https://repo.maven.apache.org/maven2/org/junit/junit-bom/5.7.2/junit-bom-5.7.2.pom
#15 60.70 [INFO] Downloaded from central: https://repo.maven.apache.org/maven2/org/junit/junit-bom/5.7.2/junit-bom-5.7.2.pom (5.1 kB at 30 kB/s)
#15 60.73 [INFO] Downloading from central: https://repo.maven.apache.org/maven2/org/apache/james/apache-mime4j-dom/0.8.9/apache-mime4j-dom-0.8.9.pom
#15 60.91 [INFO] Downloaded from central: https://repo.maven.apache.org/maven2/org/apache/james/apache-mime4j-dom/0.8.9/apache-mime4j-dom-0.8.9.pom (3.5 kB at 20 kB/s)
#15 60.93 [INFO] Downloading from central: https://repo.maven.apache.org/maven2/com/pff/java-libpst/0.9.3/java-libpst-0.9.3.pom
#15 61.85 [INFO] Downloaded from central: https://repo.maven.apache.org/maven2/com/pff/java-libpst/0.9.3/java-libpst-0.9.3.pom (4.8 kB at 5.2 kB/s)
#15 61.88 [INFO] Downloading from central: https://repo.maven.apache.org/maven2/org/apache/commons/commons-lang3/3.13.0/commons-lang3-3.13.0.pom
#15 62.06 [INFO] Downloaded from central: https://repo.maven.apache.org/maven2/org/apache/commons/commons-lang3/3.13.0/commons-lang3-3.13.0.pom (31 kB at 163 kB/s)
#15 62.12 [INFO] Downloading from central: https://repo.maven.apache.org/maven2/org/apache/poi/poi/5.2.3/poi-5.2.3.pom
#15 62.30 [INFO] Downloaded from central: https://repo.maven.apache.org/maven2/org/apache/poi/poi/5.2.3/poi-5.2.3.pom (3.5 kB at 20 kB/s)
#15 62.33 [INFO] Downloading from central: https://repo.maven.apache.org/maven2/org/apache/commons/commons-collections4/4.4/commons-collections4-4.4.pom
#15 62.50 [INFO] Downloaded from central: https://repo.maven.apache.org/maven2/org/apache/commons/commons-collections4/4.4/commons-collections4-4.4.pom (24 kB at 142 kB/s)
#15 62.55 [INFO] Downloading from central: https://repo.maven.apache.org/maven2/org/apache/commons/commons-parent/48/commons-parent-48.pom
#15 62.74 [INFO] Downloaded from central: https://repo.maven.apache.org/maven2/org/apache/commons/commons-parent/48/commons-parent-48.pom (72 kB at 379 kB/s)
#15 62.78 [INFO] Downloading from central: https://repo.maven.apache.org/maven2/org/apache/commons/commons-math3/3.6.1/commons-math3-3.6.1.pom
#15 62.94 [INFO] Downloaded from central: https://repo.maven.apache.org/maven2/org/apache/commons/commons-math3/3.6.1/commons-math3-3.6.1.pom (29 kB at 180 kB/s)
#15 62.95 [INFO] Downloading from central: https://repo.maven.apache.org/maven2/org/apache/commons/commons-parent/39/commons-parent-39.pom
#15 63.10 [INFO] Downloaded from central: https://repo.maven.apache.org/maven2/org/apache/commons/commons-parent/39/commons-parent-39.pom (62 kB at 419 kB/s)
#15 63.10 [INFO] Downloading from central: https://repo.maven.apache.org/maven2/org/apache/apache/16/apache-16.pom
#15 63.25 [INFO] Downloaded from central: https://repo.maven.apache.org/maven2/org/apache/apache/16/apache-16.pom (15 kB at 107 kB/s)
#15 63.28 [INFO] Downloading from central: https://repo.maven.apache.org/maven2/com/zaxxer/SparseBitSet/1.2/SparseBitSet-1.2.pom
#15 63.45 [INFO] Downloaded from central: https://repo.maven.apache.org/maven2/com/zaxxer/SparseBitSet/1.2/SparseBitSet-1.2.pom (4.2 kB at 26 kB/s)
#15 63.48 [INFO] Downloading from central: https://repo.maven.apache.org/maven2/org/apache/poi/poi-scratchpad/5.2.3/poi-scratchpad-5.2.3.pom
#15 63.67 [INFO] Downloaded from central: https://repo.maven.apache.org/maven2/org/apache/poi/poi-scratchpad/5.2.3/poi-scratchpad-5.2.3.pom (3.2 kB at 17 kB/s)
#15 63.70 [INFO] Downloading from central: https://repo.maven.apache.org/maven2/org/apache/poi/poi-ooxml/5.2.3/poi-ooxml-5.2.3.pom
#15 63.87 [INFO] Downloaded from central: https://repo.maven.apache.org/maven2/org/apache/poi/poi-ooxml/5.2.3/poi-ooxml-5.2.3.pom (6.3 kB at 38 kB/s)
#15 63.89 [INFO] Downloading from central: https://repo.maven.apache.org/maven2/org/apache/poi/poi-ooxml-lite/5.2.3/poi-ooxml-lite-5.2.3.pom
#15 64.06 [INFO] Downloaded from central: https://repo.maven.apache.org/maven2/org/apache/poi/poi-ooxml-lite/5.2.3/poi-ooxml-lite-5.2.3.pom (2.6 kB at 16 kB/s)
#15 64.08 [INFO] Downloading from central: https://repo.maven.apache.org/maven2/org/apache/xmlbeans/xmlbeans/5.1.1/xmlbeans-5.1.1.pom
#15 64.27 [INFO] Downloaded from central: https://repo.maven.apache.org/maven2/org/apache/xmlbeans/xmlbeans/5.1.1/xmlbeans-5.1.1.pom (4.6 kB at 25 kB/s)
#15 64.31 [INFO] Downloading from central: https://repo.maven.apache.org/maven2/org/apache/commons/commons-compress/1.21/commons-compress-1.21.pom
#15 64.48 [INFO] Downloaded from central: https://repo.maven.apache.org/maven2/org/apache/commons/commons-compress/1.21/commons-compress-1.21.pom (20 kB at 116 kB/s)
#15 64.53 [INFO] Downloading from central: https://repo.maven.apache.org/maven2/com/github/virtuald/curvesapi/1.07/curvesapi-1.07.pom
#15 64.70 [INFO] Downloaded from central: https://repo.maven.apache.org/maven2/com/github/virtuald/curvesapi/1.07/curvesapi-1.07.pom (4.4 kB at 25 kB/s)
#15 64.74 [INFO] Downloading from central: https://repo.maven.apache.org/maven2/commons-logging/commons-logging/1.2/commons-logging-1.2.pom
#15 64.93 [INFO] Downloaded from central: https://repo.maven.apache.org/maven2/commons-logging/commons-logging/1.2/commons-logging-1.2.pom (19 kB at 98 kB/s)
#15 65.00 [INFO] Downloading from central: https://repo.maven.apache.org/maven2/org/apache/commons/commons-parent/34/commons-parent-34.pom
#15 65.20 [INFO] Downloaded from central: https://repo.maven.apache.org/maven2/org/apache/commons/commons-parent/34/commons-parent-34.pom (56 kB at 284 kB/s)
#15 65.24 [INFO] Downloading from central: https://repo.maven.apache.org/maven2/org/apache/apache/13/apache-13.pom
#15 65.40 [INFO] Downloaded from central: https://repo.maven.apache.org/maven2/org/apache/apache/13/apache-13.pom (14 kB at 85 kB/s)
#15 65.44 [INFO] Downloading from central: https://repo.maven.apache.org/maven2/com/healthmarketscience/jackcess/jackcess/4.0.5/jackcess-4.0.5.pom
#15 65.63 [INFO] Downloaded from central: https://repo.maven.apache.org/maven2/com/healthmarketscience/jackcess/jackcess/4.0.5/jackcess-4.0.5.pom (11 kB at 62 kB/s)
#15 65.66 [INFO] Downloading from central: https://repo.maven.apache.org/maven2/com/healthmarketscience/openhms-parent/2.0.7/openhms-parent-2.0.7.pom
#15 65.84 [INFO] Downloaded from central: https://repo.maven.apache.org/maven2/com/healthmarketscience/openhms-parent/2.0.7/openhms-parent-2.0.7.pom (14 kB at 74 kB/s)
#15 65.89 [INFO] Downloading from central: https://repo.maven.apache.org/maven2/com/healthmarketscience/jackcess/jackcess-encrypt/4.0.2/jackcess-encrypt-4.0.2.pom
#15 66.13 [INFO] Downloaded from central: https://repo.maven.apache.org/maven2/com/healthmarketscience/jackcess/jackcess-encrypt/4.0.2/jackcess-encrypt-4.0.2.pom (8.8 kB at 37 kB/s)
#15 66.16 [INFO] Downloading from central: https://repo.maven.apache.org/maven2/org/bouncycastle/bcprov-jdk18on/1.72/bcprov-jdk18on-1.72.pom
#15 66.34 [INFO] Downloaded from central: https://repo.maven.apache.org/maven2/org/bouncycastle/bcprov-jdk18on/1.72/bcprov-jdk18on-1.72.pom (1.1 kB at 6.3 kB/s)
#15 66.36 [INFO] Downloading from central: https://repo.maven.apache.org/maven2/org/bouncycastle/bcmail-jdk18on/1.76/bcmail-jdk18on-1.76.pom
#15 66.52 [INFO] Downloaded from central: https://repo.maven.apache.org/maven2/org/bouncycastle/bcmail-jdk18on/1.76/bcmail-jdk18on-1.76.pom (1.8 kB at 11 kB/s)
#15 66.55 [INFO] Downloading from central: https://repo.maven.apache.org/maven2/org/bouncycastle/bcprov-jdk18on/1.76/bcprov-jdk18on-1.76.pom
#15 66.72 [INFO] Downloaded from central: https://repo.maven.apache.org/maven2/org/bouncycastle/bcprov-jdk18on/1.76/bcprov-jdk18on-1.76.pom (1.1 kB at 6.4 kB/s)
#15 66.75 [INFO] Downloading from central: https://repo.maven.apache.org/maven2/org/bouncycastle/bcutil-jdk18on/1.76/bcutil-jdk18on-1.76.pom
#15 66.92 [INFO] Downloaded from central: https://repo.maven.apache.org/maven2/org/bouncycastle/bcutil-jdk18on/1.76/bcutil-jdk18on-1.76.pom (1.3 kB at 7.6 kB/s)
#15 66.95 [INFO] Downloading from central: https://repo.maven.apache.org/maven2/org/bouncycastle/bcpkix-jdk18on/1.76/bcpkix-jdk18on-1.76.pom
#15 67.12 [INFO] Downloaded from central: https://repo.maven.apache.org/maven2/org/bouncycastle/bcpkix-jdk18on/1.76/bcpkix-jdk18on-1.76.pom (1.6 kB at 9.4 kB/s)
#15 67.15 [INFO] Downloading from central: https://repo.maven.apache.org/maven2/org/apache/tika/tika-parser-code-module/2.9.0/tika-parser-code-module-2.9.0.pom
#15 67.32 [INFO] Downloaded from central: https://repo.maven.apache.org/maven2/org/apache/tika/tika-parser-code-module/2.9.0/tika-parser-code-module-2.9.0.pom (3.2 kB at 19 kB/s)
#15 67.37 [INFO] Downloading from central: https://repo.maven.apache.org/maven2/org/codelibs/jhighlight/1.1.0/jhighlight-1.1.0.pom
#15 67.54 [INFO] Downloaded from central: https://repo.maven.apache.org/maven2/org/codelibs/jhighlight/1.1.0/jhighlight-1.1.0.pom (3.6 kB at 22 kB/s)
#15 67.57 [INFO] Downloading from central: https://repo.maven.apache.org/maven2/commons-io/commons-io/2.7/commons-io-2.7.pom
#15 67.75 [INFO] Downloaded from central: https://repo.maven.apache.org/maven2/commons-io/commons-io/2.7/commons-io-2.7.pom (16 kB at 87 kB/s)
#15 67.78 [INFO] Downloading from central: https://repo.maven.apache.org/maven2/org/apache/commons/commons-parent/50/commons-parent-50.pom
#15 67.96 [INFO] Downloaded from central: https://repo.maven.apache.org/maven2/org/apache/commons/commons-parent/50/commons-parent-50.pom (76 kB at 418 kB/s)
#15 68.02 [INFO] Downloading from central: https://repo.maven.apache.org/maven2/org/ow2/asm/asm/9.5/asm-9.5.pom
#15 68.17 [INFO] Downloaded from central: https://repo.maven.apache.org/maven2/org/ow2/asm/asm/9.5/asm-9.5.pom (2.4 kB at 16 kB/s)
#15 68.17 [INFO] Downloading from central: https://repo.maven.apache.org/maven2/com/epam/parso/2.0.14/parso-2.0.14.pom
#15 68.30 [INFO] Downloaded from central: https://repo.maven.apache.org/maven2/com/epam/parso/2.0.14/parso-2.0.14.pom (9.2 kB at 70 kB/s)
#15 68.31 [INFO] Downloading from central: https://repo.maven.apache.org/maven2/org/tallison/jmatio/1.5/jmatio-1.5.pom
#15 68.45 [INFO] Downloaded from central: https://repo.maven.apache.org/maven2/org/tallison/jmatio/1.5/jmatio-1.5.pom (5.0 kB at 36 kB/s)
#15 68.45 [INFO] Downloading from central: https://repo.maven.apache.org/maven2/org/apache/tika/tika-parser-crypto-module/2.9.0/tika-parser-crypto-module-2.9.0.pom
#15 68.60 [INFO] Downloaded from central: https://repo.maven.apache.org/maven2/org/apache/tika/tika-parser-crypto-module/2.9.0/tika-parser-crypto-module-2.9.0.pom (2.3 kB at 16 kB/s)
#15 68.63 [INFO] Downloading from central: https://repo.maven.apache.org/maven2/org/apache/tika/tika-parser-digest-commons/2.9.0/tika-parser-digest-commons-2.9.0.pom
#15 68.79 [INFO] Downloaded from central: https://repo.maven.apache.org/maven2/org/apache/tika/tika-parser-digest-commons/2.9.0/tika-parser-digest-commons-2.9.0.pom (1.8 kB at 12 kB/s)
#15 68.82 [INFO] Downloading from central: https://repo.maven.apache.org/maven2/org/apache/tika/tika-parser-font-module/2.9.0/tika-parser-font-module-2.9.0.pom
#15 68.99 [INFO] Downloaded from central: https://repo.maven.apache.org/maven2/org/apache/tika/tika-parser-font-module/2.9.0/tika-parser-font-module-2.9.0.pom (2.2 kB at 13 kB/s)
#15 69.02 [INFO] Downloading from central: https://repo.maven.apache.org/maven2/org/apache/pdfbox/fontbox/2.0.29/fontbox-2.0.29.pom
#15 69.19 [INFO] Downloaded from central: https://repo.maven.apache.org/maven2/org/apache/pdfbox/fontbox/2.0.29/fontbox-2.0.29.pom (6.6 kB at 39 kB/s)
#15 69.21 [INFO] Downloading from central: https://repo.maven.apache.org/maven2/org/apache/pdfbox/pdfbox-parent/2.0.29/pdfbox-parent-2.0.29.pom
#15 69.40 [INFO] Downloaded from central: https://repo.maven.apache.org/maven2/org/apache/pdfbox/pdfbox-parent/2.0.29/pdfbox-parent-2.0.29.pom (20 kB at 108 kB/s)
#15 69.42 [INFO] Downloading from central: https://repo.maven.apache.org/maven2/org/apache/apache/19/apache-19.pom
#15 69.57 [INFO] Downloaded from central: https://repo.maven.apache.org/maven2/org/apache/apache/19/apache-19.pom (15 kB at 102 kB/s)
#15 69.60 [INFO] Downloading from central: https://repo.maven.apache.org/maven2/org/apache/tika/tika-parser-image-module/2.9.0/tika-parser-image-module-2.9.0.pom
#15 69.83 [INFO] Downloaded from central: https://repo.maven.apache.org/maven2/org/apache/tika/tika-parser-image-module/2.9.0/tika-parser-image-module-2.9.0.pom (3.7 kB at 16 kB/s)
#15 69.87 [INFO] Downloading from central: https://repo.maven.apache.org/maven2/org/apache/tika/tika-parser-xmp-commons/2.9.0/tika-parser-xmp-commons-2.9.0.pom
#15 70.65 [INFO] Downloaded from central: https://repo.maven.apache.org/maven2/org/apache/tika/tika-parser-xmp-commons/2.9.0/tika-parser-xmp-commons-2.9.0.pom (2.4 kB at 3.0 kB/s)
#15 70.69 [INFO] Downloading from central: https://repo.maven.apache.org/maven2/org/apache/pdfbox/jempbox/1.8.17/jempbox-1.8.17.pom
#15 70.86 [INFO] Downloaded from central: https://repo.maven.apache.org/maven2/org/apache/pdfbox/jempbox/1.8.17/jempbox-1.8.17.pom (2.0 kB at 11 kB/s)
#15 70.88 [INFO] Downloading from central: https://repo.maven.apache.org/maven2/org/apache/pdfbox/pdfbox-parent/1.8.17/pdfbox-parent-1.8.17.pom
#15 71.05 [INFO] Downloaded from central: https://repo.maven.apache.org/maven2/org/apache/pdfbox/pdfbox-parent/1.8.17/pdfbox-parent-1.8.17.pom (12 kB at 70 kB/s)
#15 71.08 [INFO] Downloading from central: https://repo.maven.apache.org/maven2/org/apache/pdfbox/xmpbox/2.0.29/xmpbox-2.0.29.pom
#15 71.30 [INFO] Downloaded from central: https://repo.maven.apache.org/maven2/org/apache/pdfbox/xmpbox/2.0.29/xmpbox-2.0.29.pom (3.8 kB at 17 kB/s)
#15 71.34 [INFO] Downloading from central: https://repo.maven.apache.org/maven2/com/github/jai-imageio/jai-imageio-core/1.4.0/jai-imageio-core-1.4.0.pom
#15 71.51 [INFO] Downloaded from central: https://repo.maven.apache.org/maven2/com/github/jai-imageio/jai-imageio-core/1.4.0/jai-imageio-core-1.4.0.pom (12 kB at 70 kB/s)
#15 71.54 [INFO] Downloading from central: https://repo.maven.apache.org/maven2/org/apache/pdfbox/jbig2-imageio/3.0.4/jbig2-imageio-3.0.4.pom
#15 71.72 [INFO] Downloaded from central: https://repo.maven.apache.org/maven2/org/apache/pdfbox/jbig2-imageio/3.0.4/jbig2-imageio-3.0.4.pom (16 kB at 89 kB/s)
#15 71.75 [INFO] Downloading from central: https://repo.maven.apache.org/maven2/org/apache/apache/18/apache-18.pom
#15 71.91 [INFO] Downloaded from central: https://repo.maven.apache.org/maven2/org/apache/apache/18/apache-18.pom (16 kB at 101 kB/s)
#15 71.93 [INFO] Downloading from central: https://repo.maven.apache.org/maven2/org/apache/tika/tika-parser-mail-module/2.9.0/tika-parser-mail-module-2.9.0.pom
#15 72.19 [INFO] Downloaded from central: https://repo.maven.apache.org/maven2/org/apache/tika/tika-parser-mail-module/2.9.0/tika-parser-mail-module-2.9.0.pom (3.2 kB at 12 kB/s)
#15 72.22 [INFO] Downloading from central: https://repo.maven.apache.org/maven2/org/slf4j/jcl-over-slf4j/2.0.9/jcl-over-slf4j-2.0.9.pom
#15 72.40 [INFO] Downloaded from central: https://repo.maven.apache.org/maven2/org/slf4j/jcl-over-slf4j/2.0.9/jcl-over-slf4j-2.0.9.pom (1.7 kB at 9.7 kB/s)
#15 72.43 [INFO] Downloading from central: https://repo.maven.apache.org/maven2/org/apache/tika/tika-parser-miscoffice-module/2.9.0/tika-parser-miscoffice-module-2.9.0.pom
#15 72.61 [INFO] Downloaded from central: https://repo.maven.apache.org/maven2/org/apache/tika/tika-parser-miscoffice-module/2.9.0/tika-parser-miscoffice-module-2.9.0.pom (3.4 kB at 18 kB/s)
#15 72.66 [INFO] Downloading from central: https://repo.maven.apache.org/maven2/org/apache/tika/tika-parser-news-module/2.9.0/tika-parser-news-module-2.9.0.pom
#15 72.83 [INFO] Downloaded from central: https://repo.maven.apache.org/maven2/org/apache/tika/tika-parser-news-module/2.9.0/tika-parser-news-module-2.9.0.pom (2.3 kB at 14 kB/s)
#15 72.87 [INFO] Downloading from central: https://repo.maven.apache.org/maven2/com/rometools/rome/2.1.0/rome-2.1.0.pom
#15 73.14 [INFO] Downloaded from central: https://repo.maven.apache.org/maven2/com/rometools/rome/2.1.0/rome-2.1.0.pom (4.1 kB at 16 kB/s)
#15 73.17 [INFO] Downloading from central: https://repo.maven.apache.org/maven2/com/rometools/rome-parent/2.1.0/rome-parent-2.1.0.pom
#15 73.35 [INFO] Downloaded from central: https://repo.maven.apache.org/maven2/com/rometools/rome-parent/2.1.0/rome-parent-2.1.0.pom (8.4 kB at 46 kB/s)
#15 73.38 [INFO] Downloading from central: https://repo.maven.apache.org/maven2/com/rometools/rome-utils/2.1.0/rome-utils-2.1.0.pom
#15 73.56 [INFO] Downloaded from central: https://repo.maven.apache.org/maven2/com/rometools/rome-utils/2.1.0/rome-utils-2.1.0.pom (1.8 kB at 9.9 kB/s)
#15 73.59 [INFO] Downloading from central: https://repo.maven.apache.org/maven2/org/jdom/jdom2/2.0.6.1/jdom2-2.0.6.1.pom
#15 73.77 [INFO] Downloaded from central: https://repo.maven.apache.org/maven2/org/jdom/jdom2/2.0.6.1/jdom2-2.0.6.1.pom (4.6 kB at 25 kB/s)
#15 73.81 [INFO] Downloading from central: https://repo.maven.apache.org/maven2/org/apache/tika/tika-parser-ocr-module/2.9.0/tika-parser-ocr-module-2.9.0.pom
#15 73.97 [INFO] Downloaded from central: https://repo.maven.apache.org/maven2/org/apache/tika/tika-parser-ocr-module/2.9.0/tika-parser-ocr-module-2.9.0.pom (2.5 kB at 16 kB/s)
#15 74.00 [INFO] Downloading from central: https://repo.maven.apache.org/maven2/org/apache/commons/commons-exec/1.3/commons-exec-1.3.pom
#15 74.17 [INFO] Downloaded from central: https://repo.maven.apache.org/maven2/org/apache/commons/commons-exec/1.3/commons-exec-1.3.pom (11 kB at 64 kB/s)
#15 74.20 [INFO] Downloading from central: https://repo.maven.apache.org/maven2/org/apache/commons/commons-parent/35/commons-parent-35.pom
#15 74.35 [INFO] Downloaded from central: https://repo.maven.apache.org/maven2/org/apache/commons/commons-parent/35/commons-parent-35.pom (58 kB at 380 kB/s)
#15 74.38 [INFO] Downloading from central: https://repo.maven.apache.org/maven2/org/apache/apache/15/apache-15.pom
#15 74.55 [INFO] Downloaded from central: https://repo.maven.apache.org/maven2/org/apache/apache/15/apache-15.pom (15 kB at 88 kB/s)
#15 74.58 [INFO] Downloading from central: https://repo.maven.apache.org/maven2/org/apache/tika/tika-parser-pdf-module/2.9.0/tika-parser-pdf-module-2.9.0.pom
#15 75.06 [INFO] Downloaded from central: https://repo.maven.apache.org/maven2/org/apache/tika/tika-parser-pdf-module/2.9.0/tika-parser-pdf-module-2.9.0.pom (4.2 kB at 8.8 kB/s)
#15 75.10 [INFO] Downloading from central: https://repo.maven.apache.org/maven2/org/apache/pdfbox/pdfbox/2.0.29/pdfbox-2.0.29.pom
#15 75.27 [INFO] Downloaded from central: https://repo.maven.apache.org/maven2/org/apache/pdfbox/pdfbox/2.0.29/pdfbox-2.0.29.pom (43 kB at 258 kB/s)
#15 75.28 [INFO] Downloading from central: https://repo.maven.apache.org/maven2/org/apache/pdfbox/pdfbox-tools/2.0.29/pdfbox-tools-2.0.29.pom
#15 75.46 [INFO] Downloaded from central: https://repo.maven.apache.org/maven2/org/apache/pdfbox/pdfbox-tools/2.0.29/pdfbox-tools-2.0.29.pom (3.8 kB at 22 kB/s)
#15 75.49 [INFO] Downloading from central: https://repo.maven.apache.org/maven2/org/apache/tika/tika-parser-pkg-module/2.9.0/tika-parser-pkg-module-2.9.0.pom
#15 75.99 [INFO] Downloaded from central: https://repo.maven.apache.org/maven2/org/apache/tika/tika-parser-pkg-module/2.9.0/tika-parser-pkg-module-2.9.0.pom (3.3 kB at 6.6 kB/s)
#15 76.04 [INFO] Downloading from central: https://repo.maven.apache.org/maven2/org/tukaani/xz/1.9/xz-1.9.pom
#15 76.23 [INFO] Downloaded from central: https://repo.maven.apache.org/maven2/org/tukaani/xz/1.9/xz-1.9.pom (2.0 kB at 11 kB/s)
#15 76.26 [INFO] Downloading from central: https://repo.maven.apache.org/maven2/org/brotli/dec/0.1.2/dec-0.1.2.pom
#15 76.44 [INFO] Downloaded from central: https://repo.maven.apache.org/maven2/org/brotli/dec/0.1.2/dec-0.1.2.pom (4.3 kB at 24 kB/s)
#15 76.46 [INFO] Downloading from central: https://repo.maven.apache.org/maven2/org/brotli/parent/0.1.2/parent-0.1.2.pom
#15 76.63 [INFO] Downloaded from central: https://repo.maven.apache.org/maven2/org/brotli/parent/0.1.2/parent-0.1.2.pom (3.0 kB at 17 kB/s)
#15 76.66 [INFO] Downloading from central: https://repo.maven.apache.org/maven2/com/github/junrar/junrar/7.5.5/junrar-7.5.5.pom
#15 77.12 [INFO] Downloaded from central: https://repo.maven.apache.org/maven2/com/github/junrar/junrar/7.5.5/junrar-7.5.5.pom (1.4 kB at 3.1 kB/s)
#15 77.16 [INFO] Downloading from central: https://repo.maven.apache.org/maven2/org/apache/tika/tika-parser-webarchive-module/2.9.0/tika-parser-webarchive-module-2.9.0.pom
#15 77.63 [INFO] Downloaded from central: https://repo.maven.apache.org/maven2/org/apache/tika/tika-parser-webarchive-module/2.9.0/tika-parser-webarchive-module-2.9.0.pom (3.0 kB at 6.3 kB/s)
#15 77.68 [INFO] Downloading from central: https://repo.maven.apache.org/maven2/org/netpreserve/jwarc/0.28.1/jwarc-0.28.1.pom
#15 77.87 [INFO] Downloaded from central: https://repo.maven.apache.org/maven2/org/netpreserve/jwarc/0.28.1/jwarc-0.28.1.pom (5.6 kB at 31 kB/s)
#15 77.90 [INFO] Downloading from central: https://repo.maven.apache.org/maven2/org/gagravarr/vorbis-java-tika/0.8/vorbis-java-tika-0.8.pom
#15 78.08 [INFO] Downloaded from central: https://repo.maven.apache.org/maven2/org/gagravarr/vorbis-java-tika/0.8/vorbis-java-tika-0.8.pom (1.9 kB at 11 kB/s)
#15 78.08 [INFO] Downloading from central: https://repo.maven.apache.org/maven2/org/gagravarr/vorbis-java-parent/0.8/vorbis-java-parent-0.8.pom
#15 78.23 [INFO] Downloaded from central: https://repo.maven.apache.org/maven2/org/gagravarr/vorbis-java-parent/0.8/vorbis-java-parent-0.8.pom (6.2 kB at 43 kB/s)
#15 78.23 [INFO] Downloading from central: https://repo.maven.apache.org/maven2/org/gagravarr/vorbis-java-core/0.8/vorbis-java-core-0.8.pom
#15 78.37 [INFO] Downloaded from central: https://repo.maven.apache.org/maven2/org/gagravarr/vorbis-java-core/0.8/vorbis-java-core-0.8.pom (1.7 kB at 12 kB/s)
#15 78.43 [INFO] Downloading from central: https://repo.maven.apache.org/maven2/org/springframework/boot/spring-boot-starter-validation/3.2.1/spring-boot-starter-validation-3.2.1.pom
#15 78.59 [INFO] Downloaded from central: https://repo.maven.apache.org/maven2/org/springframework/boot/spring-boot-starter-validation/3.2.1/spring-boot-starter-validation-3.2.1.pom (2.5 kB at 16 kB/s)
#15 78.62 [INFO] Downloading from central: https://repo.maven.apache.org/maven2/org/hibernate/validator/hibernate-validator/8.0.1.Final/hibernate-validator-8.0.1.Final.pom
#15 78.81 [INFO] Downloaded from central: https://repo.maven.apache.org/maven2/org/hibernate/validator/hibernate-validator/8.0.1.Final/hibernate-validator-8.0.1.Final.pom (15 kB at 75 kB/s)
#15 78.84 [INFO] Downloading from central: https://repo.maven.apache.org/maven2/org/hibernate/validator/hibernate-validator-parent/8.0.1.Final/hibernate-validator-parent-8.0.1.Final.pom
#15 79.03 [INFO] Downloaded from central: https://repo.maven.apache.org/maven2/org/hibernate/validator/hibernate-validator-parent/8.0.1.Final/hibernate-validator-parent-8.0.1.Final.pom (81 kB at 425 kB/s)
#15 79.06 [INFO] Downloading from central: https://repo.maven.apache.org/maven2/org/jboss/arquillian/arquillian-bom/1.7.0.Alpha10/arquillian-bom-1.7.0.Alpha10.pom
#15 79.22 [INFO] Downloaded from central: https://repo.maven.apache.org/maven2/org/jboss/arquillian/arquillian-bom/1.7.0.Alpha10/arquillian-bom-1.7.0.Alpha10.pom (10 kB at 65 kB/s)
#15 79.23 [INFO] Downloading from central: https://repo.maven.apache.org/maven2/org/jboss/shrinkwrap/shrinkwrap-bom/1.2.6/shrinkwrap-bom-1.2.6.pom
#15 79.39 [INFO] Downloaded from central: https://repo.maven.apache.org/maven2/org/jboss/shrinkwrap/shrinkwrap-bom/1.2.6/shrinkwrap-bom-1.2.6.pom (4.0 kB at 24 kB/s)
#15 79.41 [INFO] Downloading from central: https://repo.maven.apache.org/maven2/org/jboss/shrinkwrap/resolver/shrinkwrap-resolver-bom/3.1.4/shrinkwrap-resolver-bom-3.1.4.pom
#15 79.59 [INFO] Downloaded from central: https://repo.maven.apache.org/maven2/org/jboss/shrinkwrap/resolver/shrinkwrap-resolver-bom/3.1.4/shrinkwrap-resolver-bom-3.1.4.pom (7.0 kB at 39 kB/s)
#15 79.62 [INFO] Downloading from central: https://repo.maven.apache.org/maven2/org/apache/maven/maven/3.6.3/maven-3.6.3.pom
#15 79.80 [INFO] Downloaded from central: https://repo.maven.apache.org/maven2/org/apache/maven/maven/3.6.3/maven-3.6.3.pom (26 kB at 147 kB/s)
#15 79.82 [INFO] Downloading from central: https://repo.maven.apache.org/maven2/org/apache/maven/maven-parent/33/maven-parent-33.pom
#15 79.97 [INFO] Downloaded from central: https://repo.maven.apache.org/maven2/org/apache/maven/maven-parent/33/maven-parent-33.pom (44 kB at 290 kB/s)
#15 79.99 [INFO] Downloading from central: https://repo.maven.apache.org/maven2/org/jboss/shrinkwrap/descriptors/shrinkwrap-descriptors-bom/2.0.0/shrinkwrap-descriptors-bom-2.0.0.pom
#15 80.13 [INFO] Downloaded from central: https://repo.maven.apache.org/maven2/org/jboss/shrinkwrap/descriptors/shrinkwrap-descriptors-bom/2.0.0/shrinkwrap-descriptors-bom-2.0.0.pom (5.2 kB at 36 kB/s)
#15 80.15 [INFO] Downloading from central: https://repo.maven.apache.org/maven2/jakarta/validation/jakarta.validation-api/3.0.2/jakarta.validation-api-3.0.2.pom
#15 80.29 [INFO] Downloaded from central: https://repo.maven.apache.org/maven2/jakarta/validation/jakarta.validation-api/3.0.2/jakarta.validation-api-3.0.2.pom (11 kB at 79 kB/s)
#15 80.30 [INFO] Downloading from central: https://repo.maven.apache.org/maven2/org/projectlombok/lombok/1.18.30/lombok-1.18.30.pom
#15 80.46 [INFO] Downloaded from central: https://repo.maven.apache.org/maven2/org/projectlombok/lombok/1.18.30/lombok-1.18.30.pom (1.5 kB at 9.0 kB/s)
#15 80.49 [INFO] Downloading from central: https://repo.maven.apache.org/maven2/org/springframework/boot/spring-boot-starter-security/3.2.1/spring-boot-starter-security-3.2.1.pom
#15 80.68 [INFO] Downloaded from central: https://repo.maven.apache.org/maven2/org/springframework/boot/spring-boot-starter-security/3.2.1/spring-boot-starter-security-3.2.1.pom (2.7 kB at 14 kB/s)
#15 80.72 [INFO] Downloading from central: https://repo.maven.apache.org/maven2/org/springframework/security/spring-security-config/6.2.1/spring-security-config-6.2.1.pom
#15 81.17 [INFO] Downloaded from central: https://repo.maven.apache.org/maven2/org/springframework/security/spring-security-config/6.2.1/spring-security-config-6.2.1.pom (2.8 kB at 6.2 kB/s)
#15 81.20 [INFO] Downloading from central: https://repo.maven.apache.org/maven2/org/springframework/security/spring-security-core/6.2.1/spring-security-core-6.2.1.pom
#15 81.36 [INFO] Downloaded from central: https://repo.maven.apache.org/maven2/org/springframework/security/spring-security-core/6.2.1/spring-security-core-6.2.1.pom (3.2 kB at 19 kB/s)
#15 81.38 [INFO] Downloading from central: https://repo.maven.apache.org/maven2/org/springframework/security/spring-security-crypto/6.2.1/spring-security-crypto-6.2.1.pom
#15 81.56 [INFO] Downloaded from central: https://repo.maven.apache.org/maven2/org/springframework/security/spring-security-crypto/6.2.1/spring-security-crypto-6.2.1.pom (1.9 kB at 11 kB/s)
#15 81.59 [INFO] Downloading from central: https://repo.maven.apache.org/maven2/org/springframework/security/spring-security-web/6.2.1/spring-security-web-6.2.1.pom
#15 81.76 [INFO] Downloaded from central: https://repo.maven.apache.org/maven2/org/springframework/security/spring-security-web/6.2.1/spring-security-web-6.2.1.pom (3.2 kB at 18 kB/s)
#15 81.78 [INFO] Downloading from central: https://repo.maven.apache.org/maven2/io/jsonwebtoken/jjwt-api/0.11.5/jjwt-api-0.11.5.pom
#15 81.92 [INFO] Downloaded from central: https://repo.maven.apache.org/maven2/io/jsonwebtoken/jjwt-api/0.11.5/jjwt-api-0.11.5.pom (1.8 kB at 13 kB/s)
#15 81.92 [INFO] Downloading from central: https://repo.maven.apache.org/maven2/io/jsonwebtoken/jjwt-root/0.11.5/jjwt-root-0.11.5.pom
#15 82.07 [INFO] Downloaded from central: https://repo.maven.apache.org/maven2/io/jsonwebtoken/jjwt-root/0.11.5/jjwt-root-0.11.5.pom (29 kB at 206 kB/s)
#15 82.07 [INFO] Downloading from central: https://repo.maven.apache.org/maven2/io/jsonwebtoken/jjwt-impl/0.11.5/jjwt-impl-0.11.5.pom
#15 82.21 [INFO] Downloaded from central: https://repo.maven.apache.org/maven2/io/jsonwebtoken/jjwt-impl/0.11.5/jjwt-impl-0.11.5.pom (2.3 kB at 17 kB/s)
#15 82.21 [INFO] Downloading from central: https://repo.maven.apache.org/maven2/io/jsonwebtoken/jjwt-jackson/0.11.5/jjwt-jackson-0.11.5.pom
#15 82.35 [INFO] Downloaded from central: https://repo.maven.apache.org/maven2/io/jsonwebtoken/jjwt-jackson/0.11.5/jjwt-jackson-0.11.5.pom (3.3 kB at 24 kB/s)
#15 82.36 [INFO] Downloading from central: https://repo.maven.apache.org/maven2/com/warrenstrange/googleauth/1.4.0/googleauth-1.4.0.pom
#15 82.55 [INFO] Downloaded from central: https://repo.maven.apache.org/maven2/com/warrenstrange/googleauth/1.4.0/googleauth-1.4.0.pom (9.1 kB at 48 kB/s)
#15 82.56 [INFO] Downloading from central: https://repo.maven.apache.org/maven2/org/apache/httpcomponents/httpclient/4.5.3/httpclient-4.5.3.pom
#15 82.69 [INFO] Downloaded from central: https://repo.maven.apache.org/maven2/org/apache/httpcomponents/httpclient/4.5.3/httpclient-4.5.3.pom (6.4 kB at 48 kB/s)
#15 82.69 [INFO] Downloading from central: https://repo.maven.apache.org/maven2/org/apache/httpcomponents/httpcomponents-client/4.5.3/httpcomponents-client-4.5.3.pom
#15 82.83 [INFO] Downloaded from central: https://repo.maven.apache.org/maven2/org/apache/httpcomponents/httpcomponents-client/4.5.3/httpcomponents-client-4.5.3.pom (16 kB at 112 kB/s)
#15 82.84 [INFO] Downloading from central: https://repo.maven.apache.org/maven2/org/apache/httpcomponents/project/7/project-7.pom
#15 82.97 [INFO] Downloaded from central: https://repo.maven.apache.org/maven2/org/apache/httpcomponents/project/7/project-7.pom (27 kB at 211 kB/s)
#15 82.97 [INFO] Downloading from central: https://repo.maven.apache.org/maven2/org/apache/httpcomponents/httpcore/4.4.16/httpcore-4.4.16.pom
#15 83.11 [INFO] Downloaded from central: https://repo.maven.apache.org/maven2/org/apache/httpcomponents/httpcore/4.4.16/httpcore-4.4.16.pom (5.0 kB at 37 kB/s)
#15 83.11 [INFO] Downloading from central: https://repo.maven.apache.org/maven2/org/apache/httpcomponents/httpcomponents-core/4.4.16/httpcomponents-core-4.4.16.pom
#15 83.26 [INFO] Downloaded from central: https://repo.maven.apache.org/maven2/org/apache/httpcomponents/httpcomponents-core/4.4.16/httpcomponents-core-4.4.16.pom (12 kB at 80 kB/s)
#15 83.28 [INFO] Downloading from central: https://repo.maven.apache.org/maven2/org/apache/httpcomponents/httpcomponents-parent/11/httpcomponents-parent-11.pom
#15 83.46 [INFO] Downloaded from central: https://repo.maven.apache.org/maven2/org/apache/httpcomponents/httpcomponents-parent/11/httpcomponents-parent-11.pom (35 kB at 199 kB/s)
#15 83.48 [INFO] Downloading from central: https://repo.maven.apache.org/maven2/com/google/zxing/core/3.5.0/core-3.5.0.pom
#15 83.65 [INFO] Downloaded from central: https://repo.maven.apache.org/maven2/com/google/zxing/core/3.5.0/core-3.5.0.pom (2.8 kB at 17 kB/s)
#15 83.67 [INFO] Downloading from central: https://repo.maven.apache.org/maven2/com/google/zxing/zxing-parent/3.5.0/zxing-parent-3.5.0.pom
#15 83.84 [INFO] Downloaded from central: https://repo.maven.apache.org/maven2/com/google/zxing/zxing-parent/3.5.0/zxing-parent-3.5.0.pom (28 kB at 160 kB/s)
#15 83.86 [INFO] Downloading from central: https://repo.maven.apache.org/maven2/com/google/zxing/javase/3.5.0/javase-3.5.0.pom
#15 84.37 [INFO] Downloaded from central: https://repo.maven.apache.org/maven2/com/google/zxing/javase/3.5.0/javase-3.5.0.pom (2.7 kB at 5.3 kB/s)
#15 84.40 [INFO] Downloading from central: https://repo.maven.apache.org/maven2/com/beust/jcommander/1.82/jcommander-1.82.pom
#15 84.57 [INFO] Downloaded from central: https://repo.maven.apache.org/maven2/com/beust/jcommander/1.82/jcommander-1.82.pom (1.5 kB at 8.7 kB/s)
#15 84.60 [INFO] Downloading from central: https://repo.maven.apache.org/maven2/org/springdoc/springdoc-openapi-starter-webmvc-ui/2.1.0/springdoc-openapi-starter-webmvc-ui-2.1.0.pom
#15 84.78 [INFO] Downloaded from central: https://repo.maven.apache.org/maven2/org/springdoc/springdoc-openapi-starter-webmvc-ui/2.1.0/springdoc-openapi-starter-webmvc-ui-2.1.0.pom (1.8 kB at 9.8 kB/s)
#15 84.80 [INFO] Downloading from central: https://repo.maven.apache.org/maven2/org/springdoc/springdoc-openapi/2.1.0/springdoc-openapi-2.1.0.pom
#15 84.96 [INFO] Downloaded from central: https://repo.maven.apache.org/maven2/org/springdoc/springdoc-openapi/2.1.0/springdoc-openapi-2.1.0.pom (10 kB at 65 kB/s)
#15 84.97 [INFO] Downloading from central: https://repo.maven.apache.org/maven2/org/springframework/boot/spring-boot-starter-parent/3.0.5/spring-boot-starter-parent-3.0.5.pom
#15 85.13 [INFO] Downloaded from central: https://repo.maven.apache.org/maven2/org/springframework/boot/spring-boot-starter-parent/3.0.5/spring-boot-starter-parent-3.0.5.pom (12 kB at 76 kB/s)
#15 85.15 [INFO] Downloading from central: https://repo.maven.apache.org/maven2/org/springframework/boot/spring-boot-dependencies/3.0.5/spring-boot-dependencies-3.0.5.pom
#15 85.34 [INFO] Downloaded from central: https://repo.maven.apache.org/maven2/org/springframework/boot/spring-boot-dependencies/3.0.5/spring-boot-dependencies-3.0.5.pom (93 kB at 498 kB/s)
#15 85.37 [INFO] Downloading from central: https://repo.maven.apache.org/maven2/io/zipkin/brave/brave-bom/5.14.1/brave-bom-5.14.1.pom
#15 85.54 [INFO] Downloaded from central: https://repo.maven.apache.org/maven2/io/zipkin/brave/brave-bom/5.14.1/brave-bom-5.14.1.pom (12 kB at 68 kB/s)
#15 85.56 [INFO] Downloading from central: https://repo.maven.apache.org/maven2/com/datastax/oss/java-driver-bom/4.15.0/java-driver-bom-4.15.0.pom
#15 85.70 [INFO] Downloaded from central: https://repo.maven.apache.org/maven2/com/datastax/oss/java-driver-bom/4.15.0/java-driver-bom-4.15.0.pom (4.1 kB at 29 kB/s)
#15 85.73 [INFO] Downloading from central: https://repo.maven.apache.org/maven2/io/dropwizard/metrics/metrics-bom/4.2.18/metrics-bom-4.2.18.pom
#15 85.89 [INFO] Downloaded from central: https://repo.maven.apache.org/maven2/io/dropwizard/metrics/metrics-bom/4.2.18/metrics-bom-4.2.18.pom (7.5 kB at 45 kB/s)
#15 85.92 [INFO] Downloading from central: https://repo.maven.apache.org/maven2/io/dropwizard/metrics/metrics-parent/4.2.18/metrics-parent-4.2.18.pom
#15 86.08 [INFO] Downloaded from central: https://repo.maven.apache.org/maven2/io/dropwizard/metrics/metrics-parent/4.2.18/metrics-parent-4.2.18.pom (20 kB at 122 kB/s)
#15 86.11 [INFO] Downloading from central: https://repo.maven.apache.org/maven2/org/glassfish/jaxb/jaxb-bom/4.0.2/jaxb-bom-4.0.2.pom
#15 86.27 [INFO] Downloaded from central: https://repo.maven.apache.org/maven2/org/glassfish/jaxb/jaxb-bom/4.0.2/jaxb-bom-4.0.2.pom (11 kB at 65 kB/s)
#15 86.30 [INFO] Downloading from central: https://repo.maven.apache.org/maven2/org/apache/groovy/groovy-bom/4.0.10/groovy-bom-4.0.10.pom
#15 86.48 [INFO] Downloaded from central: https://repo.maven.apache.org/maven2/org/apache/groovy/groovy-bom/4.0.10/groovy-bom-4.0.10.pom (27 kB at 158 kB/s)
#15 86.50 [INFO] Downloading from central: https://repo.maven.apache.org/maven2/org/infinispan/infinispan-bom/14.0.7.Final/infinispan-bom-14.0.7.Final.pom
#15 86.67 [INFO] Downloaded from central: https://repo.maven.apache.org/maven2/org/infinispan/infinispan-bom/14.0.7.Final/infinispan-bom-14.0.7.Final.pom (23 kB at 139 kB/s)
#15 86.70 [INFO] Downloading from central: https://repo.maven.apache.org/maven2/org/infinispan/infinispan-build-configuration-parent/14.0.7.Final/infinispan-build-configuration-parent-14.0.7.Final.pom
#15 86.87 [INFO] Downloaded from central: https://repo.maven.apache.org/maven2/org/infinispan/infinispan-build-configuration-parent/14.0.7.Final/infinispan-build-configuration-parent-14.0.7.Final.pom (24 kB at 141 kB/s)
#15 86.91 [INFO] Downloading from central: https://repo.maven.apache.org/maven2/com/fasterxml/jackson/jackson-bom/2.14.2/jackson-bom-2.14.2.pom
#15 87.07 [INFO] Downloaded from central: https://repo.maven.apache.org/maven2/com/fasterxml/jackson/jackson-bom/2.14.2/jackson-bom-2.14.2.pom (17 kB at 110 kB/s)
#15 87.11 [INFO] Downloading from central: https://repo.maven.apache.org/maven2/com/fasterxml/jackson/jackson-parent/2.14/jackson-parent-2.14.pom
#15 87.28 [INFO] Downloaded from central: https://repo.maven.apache.org/maven2/com/fasterxml/jackson/jackson-parent/2.14/jackson-parent-2.14.pom (7.7 kB at 44 kB/s)
#15 87.30 [INFO] Downloading from central: https://repo.maven.apache.org/maven2/com/fasterxml/oss-parent/48/oss-parent-48.pom
#15 87.49 [INFO] Downloaded from central: https://repo.maven.apache.org/maven2/com/fasterxml/oss-parent/48/oss-parent-48.pom (24 kB at 128 kB/s)
#15 87.52 [INFO] Downloading from central: https://repo.maven.apache.org/maven2/org/glassfish/jersey/jersey-bom/3.1.1/jersey-bom-3.1.1.pom
#15 87.68 [INFO] Downloaded from central: https://repo.maven.apache.org/maven2/org/glassfish/jersey/jersey-bom/3.1.1/jersey-bom-3.1.1.pom (19 kB at 119 kB/s)
#15 87.71 [INFO] Downloading from central: https://repo.maven.apache.org/maven2/org/eclipse/jetty/jetty-bom/11.0.14/jetty-bom-11.0.14.pom
#15 87.88 [INFO] Downloaded from central: https://repo.maven.apache.org/maven2/org/eclipse/jetty/jetty-bom/11.0.14/jetty-bom-11.0.14.pom (20 kB at 114 kB/s)
#15 87.90 [INFO] Downloading from central: https://repo.maven.apache.org/maven2/org/jetbrains/kotlin/kotlin-bom/1.7.22/kotlin-bom-1.7.22.pom
#15 88.08 [INFO] Downloaded from central: https://repo.maven.apache.org/maven2/org/jetbrains/kotlin/kotlin-bom/1.7.22/kotlin-bom-1.7.22.pom (9.3 kB at 52 kB/s)
#15 88.11 [INFO] Downloading from central: https://repo.maven.apache.org/maven2/org/jetbrains/kotlinx/kotlinx-coroutines-bom/1.6.4/kotlinx-coroutines-bom-1.6.4.pom
#15 88.27 [INFO] Downloaded from central: https://repo.maven.apache.org/maven2/org/jetbrains/kotlinx/kotlinx-coroutines-bom/1.6.4/kotlinx-coroutines-bom-1.6.4.pom (4.3 kB at 28 kB/s)
#15 88.29 [INFO] Downloading from central: https://repo.maven.apache.org/maven2/org/apache/logging/log4j/log4j-bom/2.19.0/log4j-bom-2.19.0.pom
#15 88.44 [INFO] Downloaded from central: https://repo.maven.apache.org/maven2/org/apache/logging/log4j/log4j-bom/2.19.0/log4j-bom-2.19.0.pom (9.2 kB at 58 kB/s)
#15 88.47 [INFO] Downloading from central: https://repo.maven.apache.org/maven2/org/apache/logging/logging-parent/5/logging-parent-5.pom
#15 88.64 [INFO] Downloaded from central: https://repo.maven.apache.org/maven2/org/apache/logging/logging-parent/5/logging-parent-5.pom (3.3 kB at 18 kB/s)
#15 88.66 [INFO] Downloading from central: https://repo.maven.apache.org/maven2/org/apache/apache/24/apache-24.pom
#15 88.83 [INFO] Downloaded from central: https://repo.maven.apache.org/maven2/org/apache/apache/24/apache-24.pom (20 kB at 117 kB/s)
#15 88.86 [INFO] Downloading from central: https://repo.maven.apache.org/maven2/io/micrometer/micrometer-bom/1.10.5/micrometer-bom-1.10.5.pom
#15 89.02 [INFO] Downloaded from central: https://repo.maven.apache.org/maven2/io/micrometer/micrometer-bom/1.10.5/micrometer-bom-1.10.5.pom (7.8 kB at 48 kB/s)
#15 89.06 [INFO] Downloading from central: https://repo.maven.apache.org/maven2/io/micrometer/micrometer-tracing-bom/1.0.3/micrometer-tracing-bom-1.0.3.pom
#15 89.24 [INFO] Downloaded from central: https://repo.maven.apache.org/maven2/io/micrometer/micrometer-tracing-bom/1.0.3/micrometer-tracing-bom-1.0.3.pom (4.4 kB at 25 kB/s)
#15 89.26 [INFO] Downloading from central: https://repo.maven.apache.org/maven2/org/mockito/mockito-bom/4.8.1/mockito-bom-4.8.1.pom
#15 89.43 [INFO] Downloaded from central: https://repo.maven.apache.org/maven2/org/mockito/mockito-bom/4.8.1/mockito-bom-4.8.1.pom (3.0 kB at 18 kB/s)
#15 89.46 [INFO] Downloading from central: https://repo.maven.apache.org/maven2/io/netty/netty-bom/4.1.90.Final/netty-bom-4.1.90.Final.pom
#15 89.62 [INFO] Downloaded from central: https://repo.maven.apache.org/maven2/io/netty/netty-bom/4.1.90.Final/netty-bom-4.1.90.Final.pom (13 kB at 82 kB/s)
#15 89.64 [INFO] Downloading from central: https://repo.maven.apache.org/maven2/com/squareup/okhttp3/okhttp-bom/4.10.0/okhttp-bom-4.10.0.pom
#15 89.80 [INFO] Downloaded from central: https://repo.maven.apache.org/maven2/com/squareup/okhttp3/okhttp-bom/4.10.0/okhttp-bom-4.10.0.pom (3.1 kB at 19 kB/s)
#15 89.83 [INFO] Downloading from central: https://repo.maven.apache.org/maven2/io/opentelemetry/opentelemetry-bom/1.19.0/opentelemetry-bom-1.19.0.pom
#15 89.99 [INFO] Downloaded from central: https://repo.maven.apache.org/maven2/io/opentelemetry/opentelemetry-bom/1.19.0/opentelemetry-bom-1.19.0.pom (6.0 kB at 36 kB/s)
#15 90.02 [INFO] Downloading from central: https://repo.maven.apache.org/maven2/com/oracle/database/jdbc/ojdbc-bom/21.7.0.0/ojdbc-bom-21.7.0.0.pom
#15 90.19 [INFO] Downloaded from central: https://repo.maven.apache.org/maven2/com/oracle/database/jdbc/ojdbc-bom/21.7.0.0/ojdbc-bom-21.7.0.0.pom (13 kB at 74 kB/s)
#15 90.25 [INFO] Downloading from central: https://repo.maven.apache.org/maven2/io/projectreactor/reactor-bom/2022.0.5/reactor-bom-2022.0.5.pom
#15 90.42 [INFO] Downloaded from central: https://repo.maven.apache.org/maven2/io/projectreactor/reactor-bom/2022.0.5/reactor-bom-2022.0.5.pom (4.8 kB at 28 kB/s)
#15 90.44 [INFO] Downloading from central: https://repo.maven.apache.org/maven2/io/rest-assured/rest-assured-bom/5.2.1/rest-assured-bom-5.2.1.pom
#15 90.60 [INFO] Downloaded from central: https://repo.maven.apache.org/maven2/io/rest-assured/rest-assured-bom/5.2.1/rest-assured-bom-5.2.1.pom (4.3 kB at 27 kB/s)
#15 90.62 [INFO] Downloading from central: https://repo.maven.apache.org/maven2/org/springframework/batch/spring-batch-bom/5.0.1/spring-batch-bom-5.0.1.pom
#15 90.79 [INFO] Downloaded from central: https://repo.maven.apache.org/maven2/org/springframework/batch/spring-batch-bom/5.0.1/spring-batch-bom-5.0.1.pom (3.2 kB at 19 kB/s)
#15 90.83 [INFO] Downloading from central: https://repo.maven.apache.org/maven2/org/springframework/data/spring-data-bom/2022.0.4/spring-data-bom-2022.0.4.pom
#15 91.00 [INFO] Downloaded from central: https://repo.maven.apache.org/maven2/org/springframework/data/spring-data-bom/2022.0.4/spring-data-bom-2022.0.4.pom (5.5 kB at 32 kB/s)
#15 91.04 [INFO] Downloading from central: https://repo.maven.apache.org/maven2/org/springframework/spring-framework-bom/6.0.7/spring-framework-bom-6.0.7.pom
#15 91.19 [INFO] Downloaded from central: https://repo.maven.apache.org/maven2/org/springframework/spring-framework-bom/6.0.7/spring-framework-bom-6.0.7.pom (5.8 kB at 37 kB/s)
#15 91.23 [INFO] Downloading from central: https://repo.maven.apache.org/maven2/org/springframework/integration/spring-integration-bom/6.0.4/spring-integration-bom-6.0.4.pom
#15 91.39 [INFO] Downloaded from central: https://repo.maven.apache.org/maven2/org/springframework/integration/spring-integration-bom/6.0.4/spring-integration-bom-6.0.4.pom (9.7 kB at 59 kB/s)
#15 91.40 [INFO] Downloading from central: https://repo.maven.apache.org/maven2/org/springframework/restdocs/spring-restdocs-bom/3.0.0/spring-restdocs-bom-3.0.0.pom
#15 91.53 [INFO] Downloaded from central: https://repo.maven.apache.org/maven2/org/springframework/restdocs/spring-restdocs-bom/3.0.0/spring-restdocs-bom-3.0.0.pom (2.6 kB at 19 kB/s)
#15 91.54 [INFO] Downloading from central: https://repo.maven.apache.org/maven2/org/springframework/security/spring-security-bom/6.0.2/spring-security-bom-6.0.2.pom
#15 91.70 [INFO] Downloaded from central: https://repo.maven.apache.org/maven2/org/springframework/security/spring-security-bom/6.0.2/spring-security-bom-6.0.2.pom (5.2 kB at 33 kB/s)
#15 91.73 [INFO] Downloading from central: https://repo.maven.apache.org/maven2/org/springframework/session/spring-session-bom/3.0.1/spring-session-bom-3.0.1.pom
#15 91.89 [INFO] Downloaded from central: https://repo.maven.apache.org/maven2/org/springframework/session/spring-session-bom/3.0.1/spring-session-bom-3.0.1.pom (2.9 kB at 18 kB/s)
#15 91.93 [INFO] Downloading from central: https://repo.maven.apache.org/maven2/org/springframework/ws/spring-ws-bom/4.0.2/spring-ws-bom-4.0.2.pom
#15 92.11 [INFO] Downloaded from central: https://repo.maven.apache.org/maven2/org/springframework/ws/spring-ws-bom/4.0.2/spring-ws-bom-4.0.2.pom (3.5 kB at 20 kB/s)
#15 92.16 [INFO] Downloading from central: https://repo.maven.apache.org/maven2/org/springdoc/springdoc-openapi-starter-webmvc-api/2.1.0/springdoc-openapi-starter-webmvc-api-2.1.0.pom
#15 92.32 [INFO] Downloaded from central: https://repo.maven.apache.org/maven2/org/springdoc/springdoc-openapi-starter-webmvc-api/2.1.0/springdoc-openapi-starter-webmvc-api-2.1.0.pom (1.8 kB at 11 kB/s)
#15 92.39 [INFO] Downloading from central: https://repo.maven.apache.org/maven2/org/springdoc/springdoc-openapi-starter-common/2.1.0/springdoc-openapi-starter-common-2.1.0.pom
#15 92.55 [INFO] Downloaded from central: https://repo.maven.apache.org/maven2/org/springdoc/springdoc-openapi-starter-common/2.1.0/springdoc-openapi-starter-common-2.1.0.pom (4.5 kB at 29 kB/s)
#15 92.59 [INFO] Downloading from central: https://repo.maven.apache.org/maven2/io/swagger/core/v3/swagger-core-jakarta/2.2.9/swagger-core-jakarta-2.2.9.pom
#15 92.79 [INFO] Downloaded from central: https://repo.maven.apache.org/maven2/io/swagger/core/v3/swagger-core-jakarta/2.2.9/swagger-core-jakarta-2.2.9.pom (3.0 kB at 16 kB/s)
#15 92.81 [INFO] Downloading from central: https://repo.maven.apache.org/maven2/io/swagger/core/v3/swagger-project-jakarta/2.2.9/swagger-project-jakarta-2.2.9.pom
#15 92.99 [INFO] Downloaded from central: https://repo.maven.apache.org/maven2/io/swagger/core/v3/swagger-project-jakarta/2.2.9/swagger-project-jakarta-2.2.9.pom (27 kB at 144 kB/s)
#15 93.02 [INFO] Downloading from central: https://repo.maven.apache.org/maven2/io/swagger/core/v3/swagger-annotations-jakarta/2.2.9/swagger-annotations-jakarta-2.2.9.pom
#15 93.20 [INFO] Downloaded from central: https://repo.maven.apache.org/maven2/io/swagger/core/v3/swagger-annotations-jakarta/2.2.9/swagger-annotations-jakarta-2.2.9.pom (708 B at 4.0 kB/s)
#15 93.23 [INFO] Downloading from central: https://repo.maven.apache.org/maven2/io/swagger/core/v3/swagger-models-jakarta/2.2.9/swagger-models-jakarta-2.2.9.pom
#15 93.40 [INFO] Downloaded from central: https://repo.maven.apache.org/maven2/io/swagger/core/v3/swagger-models-jakarta/2.2.9/swagger-models-jakarta-2.2.9.pom (856 B at 4.9 kB/s)
#15 93.44 [INFO] Downloading from central: https://repo.maven.apache.org/maven2/com/fasterxml/jackson/dataformat/jackson-dataformat-yaml/2.15.3/jackson-dataformat-yaml-2.15.3.pom
#15 93.60 [INFO] Downloaded from central: https://repo.maven.apache.org/maven2/com/fasterxml/jackson/dataformat/jackson-dataformat-yaml/2.15.3/jackson-dataformat-yaml-2.15.3.pom (2.6 kB at 16 kB/s)
#15 93.61 [INFO] Downloading from central: https://repo.maven.apache.org/maven2/com/fasterxml/jackson/dataformat/jackson-dataformats-text/2.15.3/jackson-dataformats-text-2.15.3.pom
#15 93.76 [INFO] Downloaded from central: https://repo.maven.apache.org/maven2/com/fasterxml/jackson/dataformat/jackson-dataformats-text/2.15.3/jackson-dataformats-text-2.15.3.pom (3.5 kB at 23 kB/s)
#15 93.76 [INFO] Downloading from central: https://repo.maven.apache.org/maven2/org/webjars/swagger-ui/4.18.2/swagger-ui-4.18.2.pom
#15 93.93 [INFO] Downloaded from central: https://repo.maven.apache.org/maven2/org/webjars/swagger-ui/4.18.2/swagger-ui-4.18.2.pom (6.2 kB at 38 kB/s)
#15 93.95 [INFO] Downloading from central: https://repo.maven.apache.org/maven2/org/springframework/boot/spring-boot-devtools/3.2.1/spring-boot-devtools-3.2.1.pom
#15 94.11 [INFO] Downloaded from central: https://repo.maven.apache.org/maven2/org/springframework/boot/spring-boot-devtools/3.2.1/spring-boot-devtools-3.2.1.pom (2.3 kB at 15 kB/s)
#15 94.15 [INFO] Downloading from central: https://repo.maven.apache.org/maven2/org/springframework/boot/spring-boot-starter-test/3.2.1/spring-boot-starter-test-3.2.1.pom
#15 94.31 [INFO] Downloaded from central: https://repo.maven.apache.org/maven2/org/springframework/boot/spring-boot-starter-test/3.2.1/spring-boot-starter-test-3.2.1.pom (5.0 kB at 31 kB/s)
#15 94.35 [INFO] Downloading from central: https://repo.maven.apache.org/maven2/org/springframework/boot/spring-boot-test/3.2.1/spring-boot-test-3.2.1.pom
#15 94.54 [INFO] Downloaded from central: https://repo.maven.apache.org/maven2/org/springframework/boot/spring-boot-test/3.2.1/spring-boot-test-3.2.1.pom (2.0 kB at 11 kB/s)
#15 94.57 [INFO] Downloading from central: https://repo.maven.apache.org/maven2/org/springframework/boot/spring-boot-test-autoconfigure/3.2.1/spring-boot-test-autoconfigure-3.2.1.pom
#15 94.75 [INFO] Downloaded from central: https://repo.maven.apache.org/maven2/org/springframework/boot/spring-boot-test-autoconfigure/3.2.1/spring-boot-test-autoconfigure-3.2.1.pom (2.5 kB at 14 kB/s)
#15 94.78 [INFO] Downloading from central: https://repo.maven.apache.org/maven2/com/jayway/jsonpath/json-path/2.8.0/json-path-2.8.0.pom
#15 94.95 [INFO] Downloaded from central: https://repo.maven.apache.org/maven2/com/jayway/jsonpath/json-path/2.8.0/json-path-2.8.0.pom (1.9 kB at 11 kB/s)
#15 95.00 [INFO] Downloading from central: https://repo.maven.apache.org/maven2/net/minidev/json-smart/2.5.0/json-smart-2.5.0.pom
#15 95.19 [INFO] Downloaded from central: https://repo.maven.apache.org/maven2/net/minidev/json-smart/2.5.0/json-smart-2.5.0.pom (9.2 kB at 46 kB/s)
#15 95.22 [INFO] Downloading from central: https://repo.maven.apache.org/maven2/net/minidev/accessors-smart/2.5.0/accessors-smart-2.5.0.pom
#15 95.38 [INFO] Downloaded from central: https://repo.maven.apache.org/maven2/net/minidev/accessors-smart/2.5.0/accessors-smart-2.5.0.pom (11 kB at 64 kB/s)
#15 95.41 [INFO] Downloading from central: https://repo.maven.apache.org/maven2/org/ow2/asm/asm/9.3/asm-9.3.pom
#15 95.56 [INFO] Downloaded from central: https://repo.maven.apache.org/maven2/org/ow2/asm/asm/9.3/asm-9.3.pom (2.4 kB at 16 kB/s)
#15 95.58 [INFO] Downloading from central: https://repo.maven.apache.org/maven2/org/ow2/ow2/1.5/ow2-1.5.pom
#15 95.74 [INFO] Downloaded from central: https://repo.maven.apache.org/maven2/org/ow2/ow2/1.5/ow2-1.5.pom (11 kB at 70 kB/s)
#15 95.77 [INFO] Downloading from central: https://repo.maven.apache.org/maven2/org/assertj/assertj-core/3.24.2/assertj-core-3.24.2.pom
#15 95.94 [INFO] Downloaded from central: https://repo.maven.apache.org/maven2/org/assertj/assertj-core/3.24.2/assertj-core-3.24.2.pom (19 kB at 111 kB/s)
#15 95.97 [INFO] Downloading from central: https://repo.maven.apache.org/maven2/org/assertj/assertj-parent/3.24.2/assertj-parent-3.24.2.pom
#15 96.14 [INFO] Downloaded from central: https://repo.maven.apache.org/maven2/org/assertj/assertj-parent/3.24.2/assertj-parent-3.24.2.pom (13 kB at 80 kB/s)
#15 96.17 [INFO] Downloading from central: https://repo.maven.apache.org/maven2/org/assertj/assertj-build/3.24.2/assertj-build-3.24.2.pom
#15 96.34 [INFO] Downloaded from central: https://repo.maven.apache.org/maven2/org/assertj/assertj-build/3.24.2/assertj-build-3.24.2.pom (8.8 kB at 51 kB/s)
#15 96.37 [INFO] Downloading from central: https://repo.maven.apache.org/maven2/org/awaitility/awaitility/4.2.0/awaitility-4.2.0.pom
#15 96.52 [INFO] Downloaded from central: https://repo.maven.apache.org/maven2/org/awaitility/awaitility/4.2.0/awaitility-4.2.0.pom (3.5 kB at 23 kB/s)
#15 96.56 [INFO] Downloading from central: https://repo.maven.apache.org/maven2/org/awaitility/awaitility-parent/4.2.0/awaitility-parent-4.2.0.pom
#15 96.74 [INFO] Downloaded from central: https://repo.maven.apache.org/maven2/org/awaitility/awaitility-parent/4.2.0/awaitility-parent-4.2.0.pom (10 kB at 55 kB/s)
#15 96.77 [INFO] Downloading from central: https://repo.maven.apache.org/maven2/org/hamcrest/hamcrest/2.2/hamcrest-2.2.pom
#15 96.95 [INFO] Downloaded from central: https://repo.maven.apache.org/maven2/org/hamcrest/hamcrest/2.2/hamcrest-2.2.pom (1.1 kB at 6.3 kB/s)
#15 96.98 [INFO] Downloading from central: https://repo.maven.apache.org/maven2/org/junit/jupiter/junit-jupiter/5.10.1/junit-jupiter-5.10.1.pom
#15 97.15 [INFO] Downloaded from central: https://repo.maven.apache.org/maven2/org/junit/jupiter/junit-jupiter/5.10.1/junit-jupiter-5.10.1.pom (3.2 kB at 19 kB/s)
#15 97.18 [INFO] Downloading from central: https://repo.maven.apache.org/maven2/org/junit/jupiter/junit-jupiter-api/5.10.1/junit-jupiter-api-5.10.1.pom
#15 97.36 [INFO] Downloaded from central: https://repo.maven.apache.org/maven2/org/junit/jupiter/junit-jupiter-api/5.10.1/junit-jupiter-api-5.10.1.pom (3.2 kB at 17 kB/s)
#15 97.39 [INFO] Downloading from central: https://repo.maven.apache.org/maven2/org/opentest4j/opentest4j/1.3.0/opentest4j-1.3.0.pom
#15 97.59 [INFO] Downloaded from central: https://repo.maven.apache.org/maven2/org/opentest4j/opentest4j/1.3.0/opentest4j-1.3.0.pom (2.0 kB at 9.9 kB/s)
#15 97.63 [INFO] Downloading from central: https://repo.maven.apache.org/maven2/org/junit/platform/junit-platform-commons/1.10.1/junit-platform-commons-1.10.1.pom
#15 97.82 [INFO] Downloaded from central: https://repo.maven.apache.org/maven2/org/junit/platform/junit-platform-commons/1.10.1/junit-platform-commons-1.10.1.pom (2.8 kB at 14 kB/s)
#15 97.85 [INFO] Downloading from central: https://repo.maven.apache.org/maven2/org/apiguardian/apiguardian-api/1.1.2/apiguardian-api-1.1.2.pom
#15 98.21 [INFO] Downloaded from central: https://repo.maven.apache.org/maven2/org/apiguardian/apiguardian-api/1.1.2/apiguardian-api-1.1.2.pom (1.5 kB at 4.2 kB/s)
#15 98.24 [INFO] Downloading from central: https://repo.maven.apache.org/maven2/org/junit/jupiter/junit-jupiter-params/5.10.1/junit-jupiter-params-5.10.1.pom
#15 98.45 [INFO] Downloaded from central: https://repo.maven.apache.org/maven2/org/junit/jupiter/junit-jupiter-params/5.10.1/junit-jupiter-params-5.10.1.pom (3.0 kB at 14 kB/s)
#15 98.47 [INFO] Downloading from central: https://repo.maven.apache.org/maven2/org/junit/jupiter/junit-jupiter-engine/5.10.1/junit-jupiter-engine-5.10.1.pom
#15 98.65 [INFO] Downloaded from central: https://repo.maven.apache.org/maven2/org/junit/jupiter/junit-jupiter-engine/5.10.1/junit-jupiter-engine-5.10.1.pom (3.2 kB at 18 kB/s)
#15 98.68 [INFO] Downloading from central: https://repo.maven.apache.org/maven2/org/junit/platform/junit-platform-engine/1.10.1/junit-platform-engine-1.10.1.pom
#15 98.87 [INFO] Downloaded from central: https://repo.maven.apache.org/maven2/org/junit/platform/junit-platform-engine/1.10.1/junit-platform-engine-1.10.1.pom (3.2 kB at 17 kB/s)
#15 98.90 [INFO] Downloading from central: https://repo.maven.apache.org/maven2/org/mockito/mockito-core/5.7.0/mockito-core-5.7.0.pom
#15 99.09 [INFO] Downloaded from central: https://repo.maven.apache.org/maven2/org/mockito/mockito-core/5.7.0/mockito-core-5.7.0.pom (2.5 kB at 13 kB/s)
#15 99.14 [INFO] Downloading from central: https://repo.maven.apache.org/maven2/net/bytebuddy/byte-buddy-agent/1.14.10/byte-buddy-agent-1.14.10.pom
#15 99.33 [INFO] Downloaded from central: https://repo.maven.apache.org/maven2/net/bytebuddy/byte-buddy-agent/1.14.10/byte-buddy-agent-1.14.10.pom (10 kB at 54 kB/s)
#15 99.35 [INFO] Downloading from central: https://repo.maven.apache.org/maven2/org/objenesis/objenesis/3.3/objenesis-3.3.pom
#15 99.53 [INFO] Downloaded from central: https://repo.maven.apache.org/maven2/org/objenesis/objenesis/3.3/objenesis-3.3.pom (3.0 kB at 17 kB/s)
#15 99.55 [INFO] Downloading from central: https://repo.maven.apache.org/maven2/org/objenesis/objenesis-parent/3.3/objenesis-parent-3.3.pom
#15 99.73 [INFO] Downloaded from central: https://repo.maven.apache.org/maven2/org/objenesis/objenesis-parent/3.3/objenesis-parent-3.3.pom (19 kB at 108 kB/s)
#15 99.74 [INFO] Downloading from central: https://repo.maven.apache.org/maven2/org/mockito/mockito-junit-jupiter/5.7.0/mockito-junit-jupiter-5.7.0.pom
#15 99.88 [INFO] Downloaded from central: https://repo.maven.apache.org/maven2/org/mockito/mockito-junit-jupiter/5.7.0/mockito-junit-jupiter-5.7.0.pom (2.3 kB at 16 kB/s)
#15 99.89 [INFO] Downloading from central: https://repo.maven.apache.org/maven2/org/skyscreamer/jsonassert/1.5.1/jsonassert-1.5.1.pom
#15 100.0 [INFO] Downloaded from central: https://repo.maven.apache.org/maven2/org/skyscreamer/jsonassert/1.5.1/jsonassert-1.5.1.pom (5.2 kB at 38 kB/s)
#15 100.0 [INFO] Downloading from central: https://repo.maven.apache.org/maven2/com/vaadin/external/google/android-json/0.0.20131108.vaadin1/android-json-0.0.20131108.vaadin1.pom
#15 100.2 [INFO] Downloaded from central: https://repo.maven.apache.org/maven2/com/vaadin/external/google/android-json/0.0.20131108.vaadin1/android-json-0.0.20131108.vaadin1.pom (2.8 kB at 17 kB/s)
#15 100.2 [INFO] Downloading from central: https://repo.maven.apache.org/maven2/org/springframework/spring-test/6.1.2/spring-test-6.1.2.pom
#15 100.4 [INFO] Downloaded from central: https://repo.maven.apache.org/maven2/org/springframework/spring-test/6.1.2/spring-test-6.1.2.pom (2.0 kB at 13 kB/s)
#15 100.4 [INFO] Downloading from central: https://repo.maven.apache.org/maven2/org/xmlunit/xmlunit-core/2.9.1/xmlunit-core-2.9.1.pom
#15 100.5 [INFO] Downloaded from central: https://repo.maven.apache.org/maven2/org/xmlunit/xmlunit-core/2.9.1/xmlunit-core-2.9.1.pom (2.4 kB at 17 kB/s)
#15 100.6 [INFO] Downloading from central: https://repo.maven.apache.org/maven2/org/xmlunit/xmlunit-parent/2.9.1/xmlunit-parent-2.9.1.pom
#15 100.8 [INFO] Downloaded from central: https://repo.maven.apache.org/maven2/org/xmlunit/xmlunit-parent/2.9.1/xmlunit-parent-2.9.1.pom (21 kB at 106 kB/s)
#15 100.9 [INFO] Downloading from central: https://repo.maven.apache.org/maven2/org/springframework/boot/spring-boot-starter-web/3.2.1/spring-boot-starter-web-3.2.1.jar
#15 100.9 [INFO] Downloading from central: https://repo.maven.apache.org/maven2/org/springframework/boot/spring-boot-starter/3.2.1/spring-boot-starter-3.2.1.jar
#15 100.9 [INFO] Downloading from central: https://repo.maven.apache.org/maven2/org/springframework/boot/spring-boot-starter-logging/3.2.1/spring-boot-starter-logging-3.2.1.jar
#15 100.9 [INFO] Downloading from central: https://repo.maven.apache.org/maven2/ch/qos/logback/logback-classic/1.4.14/logback-classic-1.4.14.jar
#15 101.0 [INFO] Downloading from central: https://repo.maven.apache.org/maven2/ch/qos/logback/logback-core/1.4.14/logback-core-1.4.14.jar
#15 101.1 [INFO] Downloaded from central: https://repo.maven.apache.org/maven2/org/springframework/boot/spring-boot-starter-web/3.2.1/spring-boot-starter-web-3.2.1.jar (4.8 kB at 34 kB/s)
#15 101.1 [INFO] Downloading from central: https://repo.maven.apache.org/maven2/org/apache/logging/log4j/log4j-to-slf4j/2.21.1/log4j-to-slf4j-2.21.1.jar
#15 101.3 [INFO] Downloaded from central: https://repo.maven.apache.org/maven2/org/apache/logging/log4j/log4j-to-slf4j/2.21.1/log4j-to-slf4j-2.21.1.jar (23 kB at 72 kB/s)
#15 101.3 [INFO] Downloading from central: https://repo.maven.apache.org/maven2/org/slf4j/jul-to-slf4j/2.0.9/jul-to-slf4j-2.0.9.jar
#15 101.3 [INFO] Downloaded from central: https://repo.maven.apache.org/maven2/org/springframework/boot/spring-boot-starter-logging/3.2.1/spring-boot-starter-logging-3.2.1.jar (4.8 kB at 14 kB/s)
#15 101.3 [INFO] Downloading from central: https://repo.maven.apache.org/maven2/jakarta/annotation/jakarta.annotation-api/2.1.1/jakarta.annotation-api-2.1.1.jar
#15 101.3 [INFO] Downloaded from central: https://repo.maven.apache.org/maven2/org/springframework/boot/spring-boot-starter/3.2.1/spring-boot-starter-3.2.1.jar (4.8 kB at 14 kB/s)
#15 101.3 [INFO] Downloading from central: https://repo.maven.apache.org/maven2/org/yaml/snakeyaml/2.2/snakeyaml-2.2.jar
#15 101.5 [INFO] Downloaded from central: https://repo.maven.apache.org/maven2/org/slf4j/jul-to-slf4j/2.0.9/jul-to-slf4j-2.0.9.jar (6.3 kB at 11 kB/s)
#15 101.5 [INFO] Downloading from central: https://repo.maven.apache.org/maven2/org/springframework/boot/spring-boot-starter-json/3.2.1/spring-boot-starter-json-3.2.1.jar
#15 101.6 [INFO] Downloaded from central: https://repo.maven.apache.org/maven2/jakarta/annotation/jakarta.annotation-api/2.1.1/jakarta.annotation-api-2.1.1.jar (26 kB at 41 kB/s)
#15 101.6 [INFO] Downloading from central: https://repo.maven.apache.org/maven2/com/fasterxml/jackson/datatype/jackson-datatype-jdk8/2.15.3/jackson-datatype-jdk8-2.15.3.jar
#15 101.6 [INFO] Downloaded from central: https://repo.maven.apache.org/maven2/ch/qos/logback/logback-classic/1.4.14/logback-classic-1.4.14.jar (284 kB at 436 kB/s)
#15 101.6 [INFO] Downloading from central: https://repo.maven.apache.org/maven2/com/fasterxml/jackson/datatype/jackson-datatype-jsr310/2.15.3/jackson-datatype-jsr310-2.15.3.jar
#15 101.6 [INFO] Downloaded from central: https://repo.maven.apache.org/maven2/ch/qos/logback/logback-core/1.4.14/logback-core-1.4.14.jar (597 kB at 915 kB/s)
#15 101.6 [INFO] Downloading from central: https://repo.maven.apache.org/maven2/com/fasterxml/jackson/module/jackson-module-parameter-names/2.15.3/jackson-module-parameter-names-2.15.3.jar
#15 101.7 [INFO] Downloaded from central: https://repo.maven.apache.org/maven2/org/yaml/snakeyaml/2.2/snakeyaml-2.2.jar (334 kB at 452 kB/s)
#15 101.7 [INFO] Downloading from central: https://repo.maven.apache.org/maven2/org/springframework/boot/spring-boot-starter-tomcat/3.2.1/spring-boot-starter-tomcat-3.2.1.jar
#15 101.7 [INFO] Downloaded from central: https://repo.maven.apache.org/maven2/org/springframework/boot/spring-boot-starter-json/3.2.1/spring-boot-starter-json-3.2.1.jar (4.7 kB at 6.2 kB/s)
#15 101.7 [INFO] Downloading from central: https://repo.maven.apache.org/maven2/org/apache/tomcat/embed/tomcat-embed-core/10.1.17/tomcat-embed-core-10.1.17.jar
#15 101.8 [INFO] Downloaded from central: https://repo.maven.apache.org/maven2/com/fasterxml/jackson/datatype/jackson-datatype-jdk8/2.15.3/jackson-datatype-jdk8-2.15.3.jar (36 kB at 44 kB/s)
#15 101.8 [INFO] Downloading from central: https://repo.maven.apache.org/maven2/org/apache/tomcat/embed/tomcat-embed-websocket/10.1.17/tomcat-embed-websocket-10.1.17.jar
#15 101.8 [INFO] Downloaded from central: https://repo.maven.apache.org/maven2/com/fasterxml/jackson/module/jackson-module-parameter-names/2.15.3/jackson-module-parameter-names-2.15.3.jar (10 kB at 12 kB/s)
#15 101.8 [INFO] Downloading from central: https://repo.maven.apache.org/maven2/org/springframework/spring-web/6.1.2/spring-web-6.1.2.jar
#15 101.8 [INFO] Downloaded from central: https://repo.maven.apache.org/maven2/com/fasterxml/jackson/datatype/jackson-datatype-jsr310/2.15.3/jackson-datatype-jsr310-2.15.3.jar (123 kB at 139 kB/s)
#15 101.8 [INFO] Downloading from central: https://repo.maven.apache.org/maven2/org/springframework/spring-beans/6.1.2/spring-beans-6.1.2.jar
#15 102.0 [INFO] Downloaded from central: https://repo.maven.apache.org/maven2/org/springframework/boot/spring-boot-starter-tomcat/3.2.1/spring-boot-starter-tomcat-3.2.1.jar (4.8 kB at 4.8 kB/s)
#15 102.0 [INFO] Downloading from central: https://repo.maven.apache.org/maven2/io/micrometer/micrometer-observation/1.12.1/micrometer-observation-1.12.1.jar
#15 102.6 [INFO] Downloaded from central: https://repo.maven.apache.org/maven2/io/micrometer/micrometer-observation/1.12.1/micrometer-observation-1.12.1.jar (72 kB at 44 kB/s)
#15 102.6 [INFO] Downloading from central: https://repo.maven.apache.org/maven2/io/micrometer/micrometer-commons/1.12.1/micrometer-commons-1.12.1.jar
#15 102.8 [INFO] Downloaded from central: https://repo.maven.apache.org/maven2/org/apache/tomcat/embed/tomcat-embed-websocket/10.1.17/tomcat-embed-websocket-10.1.17.jar (281 kB at 153 kB/s)
#15 102.8 [INFO] Downloading from central: https://repo.maven.apache.org/maven2/org/springframework/spring-webmvc/6.1.2/spring-webmvc-6.1.2.jar
#15 103.2 [INFO] Downloaded from central: https://repo.maven.apache.org/maven2/io/micrometer/micrometer-commons/1.12.1/micrometer-commons-1.12.1.jar (47 kB at 22 kB/s)
#15 103.2 [INFO] Downloading from central: https://repo.maven.apache.org/maven2/org/springframework/spring-context/6.1.2/spring-context-6.1.2.jar
#15 103.6 [INFO] Downloaded from central: https://repo.maven.apache.org/maven2/org/springframework/spring-beans/6.1.2/spring-beans-6.1.2.jar (857 kB at 329 kB/s)
#15 103.6 [INFO] Downloading from central: https://repo.maven.apache.org/maven2/org/springframework/spring-expression/6.1.2/spring-expression-6.1.2.jar
#15 103.6 [INFO] Downloaded from central: https://repo.maven.apache.org/maven2/org/springframework/spring-web/6.1.2/spring-web-6.1.2.jar (1.9 MB at 715 kB/s)
#15 103.6 [INFO] Downloading from central: https://repo.maven.apache.org/maven2/org/springframework/boot/spring-boot-starter-data-jpa/3.2.1/spring-boot-starter-data-jpa-3.2.1.jar
#15 103.9 [INFO] Downloaded from central: https://repo.maven.apache.org/maven2/org/springframework/boot/spring-boot-starter-data-jpa/3.2.1/spring-boot-starter-data-jpa-3.2.1.jar (4.8 kB at 1.6 kB/s)
#15 103.9 [INFO] Downloading from central: https://repo.maven.apache.org/maven2/org/springframework/boot/spring-boot-starter-aop/3.2.1/spring-boot-starter-aop-3.2.1.jar
#15 104.1 [INFO] Downloaded from central: https://repo.maven.apache.org/maven2/org/springframework/spring-expression/6.1.2/spring-expression-6.1.2.jar (301 kB at 97 kB/s)
#15 104.1 [INFO] Downloading from central: https://repo.maven.apache.org/maven2/org/aspectj/aspectjweaver/1.9.21/aspectjweaver-1.9.21.jar
#15 104.1 [INFO] Downloaded from central: https://repo.maven.apache.org/maven2/org/apache/tomcat/embed/tomcat-embed-core/10.1.17/tomcat-embed-core-10.1.17.jar (3.5 MB at 1.1 MB/s)
#15 104.1 [INFO] Downloading from central: https://repo.maven.apache.org/maven2/org/springframework/boot/spring-boot-starter-jdbc/3.2.1/spring-boot-starter-jdbc-3.2.1.jar
#15 104.1 [INFO] Downloaded from central: https://repo.maven.apache.org/maven2/org/springframework/spring-webmvc/6.1.2/spring-webmvc-6.1.2.jar (1.0 MB at 332 kB/s)
#15 104.1 [INFO] Downloading from central: https://repo.maven.apache.org/maven2/com/zaxxer/HikariCP/5.0.1/HikariCP-5.0.1.jar
#15 104.1 [INFO] Downloaded from central: https://repo.maven.apache.org/maven2/org/springframework/boot/spring-boot-starter-aop/3.2.1/spring-boot-starter-aop-3.2.1.jar (4.8 kB at 1.5 kB/s)
#15 104.1 [INFO] Downloading from central: https://repo.maven.apache.org/maven2/org/springframework/spring-jdbc/6.1.2/spring-jdbc-6.1.2.jar
#15 104.4 [INFO] Downloaded from central: https://repo.maven.apache.org/maven2/org/springframework/boot/spring-boot-starter-jdbc/3.2.1/spring-boot-starter-jdbc-3.2.1.jar (4.8 kB at 1.4 kB/s)
#15 104.4 [INFO] Downloading from central: https://repo.maven.apache.org/maven2/org/hibernate/orm/hibernate-core/6.4.1.Final/hibernate-core-6.4.1.Final.jar
#15 104.4 [INFO] Downloaded from central: https://repo.maven.apache.org/maven2/com/zaxxer/HikariCP/5.0.1/HikariCP-5.0.1.jar (162 kB at 47 kB/s)
#15 104.4 [INFO] Downloading from central: https://repo.maven.apache.org/maven2/jakarta/persistence/jakarta.persistence-api/3.1.0/jakarta.persistence-api-3.1.0.jar
#15 104.6 [INFO] Downloaded from central: https://repo.maven.apache.org/maven2/org/springframework/spring-jdbc/6.1.2/spring-jdbc-6.1.2.jar (460 kB at 125 kB/s)
#15 104.6 [INFO] Downloading from central: https://repo.maven.apache.org/maven2/jakarta/transaction/jakarta.transaction-api/2.0.1/jakarta.transaction-api-2.0.1.jar
#15 104.8 [INFO] Downloaded from central: https://repo.maven.apache.org/maven2/jakarta/persistence/jakarta.persistence-api/3.1.0/jakarta.persistence-api-3.1.0.jar (165 kB at 43 kB/s)
#15 104.8 [INFO] Downloading from central: https://repo.maven.apache.org/maven2/org/jboss/logging/jboss-logging/3.5.3.Final/jboss-logging-3.5.3.Final.jar
#15 104.9 [INFO] Downloaded from central: https://repo.maven.apache.org/maven2/jakarta/transaction/jakarta.transaction-api/2.0.1/jakarta.transaction-api-2.0.1.jar (29 kB at 7.3 kB/s)
#15 104.9 [INFO] Downloading from central: https://repo.maven.apache.org/maven2/org/hibernate/common/hibernate-commons-annotations/6.0.6.Final/hibernate-commons-annotations-6.0.6.Final.jar
#15 104.9 [INFO] Downloaded from central: https://repo.maven.apache.org/maven2/org/aspectj/aspectjweaver/1.9.21/aspectjweaver-1.9.21.jar (2.1 MB at 535 kB/s)
#15 104.9 [INFO] Downloading from central: https://repo.maven.apache.org/maven2/io/smallrye/jandex/3.1.2/jandex-3.1.2.jar
#15 105.0 [INFO] Downloaded from central: https://repo.maven.apache.org/maven2/org/jboss/logging/jboss-logging/3.5.3.Final/jboss-logging-3.5.3.Final.jar (59 kB at 15 kB/s)
#15 105.0 [INFO] Downloading from central: https://repo.maven.apache.org/maven2/com/fasterxml/classmate/1.6.0/classmate-1.6.0.jar
#15 105.1 [INFO] Downloaded from central: https://repo.maven.apache.org/maven2/org/hibernate/common/hibernate-commons-annotations/6.0.6.Final/hibernate-commons-annotations-6.0.6.Final.jar (68 kB at 16 kB/s)
#15 105.1 [INFO] Downloading from central: https://repo.maven.apache.org/maven2/net/bytebuddy/byte-buddy/1.14.10/byte-buddy-1.14.10.jar
#15 105.1 [INFO] Downloaded from central: https://repo.maven.apache.org/maven2/org/springframework/spring-context/6.1.2/spring-context-6.1.2.jar (1.3 MB at 310 kB/s)
#15 105.1 [INFO] Downloading from central: https://repo.maven.apache.org/maven2/org/glassfish/jaxb/jaxb-runtime/4.0.4/jaxb-runtime-4.0.4.jar
#15 105.2 [INFO] Downloaded from central: https://repo.maven.apache.org/maven2/com/fasterxml/classmate/1.6.0/classmate-1.6.0.jar (69 kB at 16 kB/s)
#15 105.2 [INFO] Downloading from central: https://repo.maven.apache.org/maven2/org/glassfish/jaxb/jaxb-core/4.0.4/jaxb-core-4.0.4.jar
#15 105.2 [INFO] Downloaded from central: https://repo.maven.apache.org/maven2/io/smallrye/jandex/3.1.2/jandex-3.1.2.jar (327 kB at 78 kB/s)
#15 105.2 [INFO] Downloading from central: https://repo.maven.apache.org/maven2/org/eclipse/angus/angus-activation/2.0.1/angus-activation-2.0.1.jar
#15 105.4 [INFO] Downloaded from central: https://repo.maven.apache.org/maven2/org/eclipse/angus/angus-activation/2.0.1/angus-activation-2.0.1.jar (27 kB at 6.1 kB/s)
#15 105.4 [INFO] Downloading from central: https://repo.maven.apache.org/maven2/org/glassfish/jaxb/txw2/4.0.4/txw2-4.0.4.jar
#15 105.5 [INFO] Downloaded from central: https://repo.maven.apache.org/maven2/org/glassfish/jaxb/jaxb-core/4.0.4/jaxb-core-4.0.4.jar (139 kB at 30 kB/s)
#15 105.5 [INFO] Downloading from central: https://repo.maven.apache.org/maven2/com/sun/istack/istack-commons-runtime/4.1.2/istack-commons-runtime-4.1.2.jar
#15 105.8 [INFO] Downloaded from central: https://repo.maven.apache.org/maven2/org/glassfish/jaxb/txw2/4.0.4/txw2-4.0.4.jar (73 kB at 15 kB/s)
#15 105.8 [INFO] Downloading from central: https://repo.maven.apache.org/maven2/jakarta/inject/jakarta.inject-api/2.0.1/jakarta.inject-api-2.0.1.jar
#15 106.0 [INFO] Downloaded from central: https://repo.maven.apache.org/maven2/com/sun/istack/istack-commons-runtime/4.1.2/istack-commons-runtime-4.1.2.jar (26 kB at 5.2 kB/s)
#15 106.0 [INFO] Downloading from central: https://repo.maven.apache.org/maven2/org/antlr/antlr4-runtime/4.13.0/antlr4-runtime-4.13.0.jar
#15 106.0 [INFO] Downloaded from central: https://repo.maven.apache.org/maven2/org/glassfish/jaxb/jaxb-runtime/4.0.4/jaxb-runtime-4.0.4.jar (920 kB at 181 kB/s)
#15 106.0 [INFO] Downloading from central: https://repo.maven.apache.org/maven2/org/springframework/data/spring-data-jpa/3.2.1/spring-data-jpa-3.2.1.jar
#15 106.1 [INFO] Downloaded from central: https://repo.maven.apache.org/maven2/jakarta/inject/jakarta.inject-api/2.0.1/jakarta.inject-api-2.0.1.jar (11 kB at 2.1 kB/s)
#15 106.1 [INFO] Downloading from central: https://repo.maven.apache.org/maven2/org/springframework/data/spring-data-commons/3.2.1/spring-data-commons-3.2.1.jar
#15 106.6 [INFO] Downloaded from central: https://repo.maven.apache.org/maven2/org/antlr/antlr4-runtime/4.13.0/antlr4-runtime-4.13.0.jar (326 kB at 58 kB/s)
#15 106.6 [INFO] Downloading from central: https://repo.maven.apache.org/maven2/org/springframework/spring-orm/6.1.2/spring-orm-6.1.2.jar
#15 107.1 [INFO] Downloaded from central: https://repo.maven.apache.org/maven2/org/springframework/spring-orm/6.1.2/spring-orm-6.1.2.jar (233 kB at 38 kB/s)
#15 107.1 [INFO] Downloading from central: https://repo.maven.apache.org/maven2/org/springframework/spring-tx/6.1.2/spring-tx-6.1.2.jar
#15 108.0 [INFO] Downloaded from central: https://repo.maven.apache.org/maven2/org/springframework/spring-tx/6.1.2/spring-tx-6.1.2.jar (284 kB at 41 kB/s)
#15 108.0 [INFO] Downloading from central: https://repo.maven.apache.org/maven2/org/springframework/spring-aspects/6.1.2/spring-aspects-6.1.2.jar
#15 108.0 [INFO] Downloaded from central: https://repo.maven.apache.org/maven2/net/bytebuddy/byte-buddy/1.14.10/byte-buddy-1.14.10.jar (4.2 MB at 601 kB/s)
#15 108.0 [INFO] Downloading from central: https://repo.maven.apache.org/maven2/org/springframework/boot/spring-boot-starter-webflux/3.2.1/spring-boot-starter-webflux-3.2.1.jar
#15 108.0 [INFO] Downloaded from central: https://repo.maven.apache.org/maven2/org/springframework/data/spring-data-commons/3.2.1/spring-data-commons-3.2.1.jar (1.4 MB at 205 kB/s)
#15 108.0 [INFO] Downloading from central: https://repo.maven.apache.org/maven2/org/springframework/boot/spring-boot-starter-reactor-netty/3.2.1/spring-boot-starter-reactor-netty-3.2.1.jar
#15 108.1 [INFO] Downloaded from central: https://repo.maven.apache.org/maven2/org/springframework/boot/spring-boot-starter-reactor-netty/3.2.1/spring-boot-starter-reactor-netty-3.2.1.jar (4.8 kB at 667 B/s)
#15 108.1 [INFO] Downloading from central: https://repo.maven.apache.org/maven2/io/projectreactor/netty/reactor-netty-http/1.1.14/reactor-netty-http-1.1.14.jar
#15 108.1 [INFO] Downloaded from central: https://repo.maven.apache.org/maven2/org/springframework/boot/spring-boot-starter-webflux/3.2.1/spring-boot-starter-webflux-3.2.1.jar (4.8 kB at 667 B/s)
#15 108.1 [INFO] Downloading from central: https://repo.maven.apache.org/maven2/io/netty/netty-codec-http/4.1.104.Final/netty-codec-http-4.1.104.Final.jar
#15 108.1 [INFO] Downloaded from central: https://repo.maven.apache.org/maven2/org/springframework/spring-aspects/6.1.2/spring-aspects-6.1.2.jar (50 kB at 6.9 kB/s)
#15 108.1 [INFO] Downloading from central: https://repo.maven.apache.org/maven2/io/netty/netty-common/4.1.104.Final/netty-common-4.1.104.Final.jar
#15 108.2 [INFO] Downloaded from central: https://repo.maven.apache.org/maven2/org/springframework/data/spring-data-jpa/3.2.1/spring-data-jpa-3.2.1.jar (1.4 MB at 200 kB/s)
#15 108.2 [INFO] Downloading from central: https://repo.maven.apache.org/maven2/io/netty/netty-buffer/4.1.104.Final/netty-buffer-4.1.104.Final.jar
#15 108.7 [INFO] Downloaded from central: https://repo.maven.apache.org/maven2/io/netty/netty-buffer/4.1.104.Final/netty-buffer-4.1.104.Final.jar (308 kB at 40 kB/s)
#15 108.7 [INFO] Downloading from central: https://repo.maven.apache.org/maven2/io/netty/netty-transport/4.1.104.Final/netty-transport-4.1.104.Final.jar
#15 108.8 [INFO] Downloaded from central: https://repo.maven.apache.org/maven2/io/projectreactor/netty/reactor-netty-http/1.1.14/reactor-netty-http-1.1.14.jar (463 kB at 59 kB/s)
#15 108.8 [INFO] Downloading from central: https://repo.maven.apache.org/maven2/io/netty/netty-codec/4.1.104.Final/netty-codec-4.1.104.Final.jar
#15 108.8 [INFO] Downloaded from central: https://repo.maven.apache.org/maven2/io/netty/netty-common/4.1.104.Final/netty-common-4.1.104.Final.jar (661 kB at 84 kB/s)
#15 108.8 [INFO] Downloading from central: https://repo.maven.apache.org/maven2/io/netty/netty-handler/4.1.104.Final/netty-handler-4.1.104.Final.jar
#15 109.1 [INFO] Downloaded from central: https://repo.maven.apache.org/maven2/io/netty/netty-codec-http/4.1.104.Final/netty-codec-http-4.1.104.Final.jar (665 kB at 82 kB/s)
#15 109.1 [INFO] Downloading from central: https://repo.maven.apache.org/maven2/io/netty/netty-codec-http2/4.1.104.Final/netty-codec-http2-4.1.104.Final.jar
#15 109.4 [INFO] Downloaded from central: https://repo.maven.apache.org/maven2/io/netty/netty-codec/4.1.104.Final/netty-codec-4.1.104.Final.jar (345 kB at 41 kB/s)
#15 109.4 [INFO] Downloading from central: https://repo.maven.apache.org/maven2/io/netty/netty-resolver-dns/4.1.104.Final/netty-resolver-dns-4.1.104.Final.jar
#15 109.4 [INFO] Downloaded from central: https://repo.maven.apache.org/maven2/io/netty/netty-handler/4.1.104.Final/netty-handler-4.1.104.Final.jar (561 kB at 66 kB/s)
#15 109.4 [INFO] Downloading from central: https://repo.maven.apache.org/maven2/io/netty/netty-resolver/4.1.104.Final/netty-resolver-4.1.104.Final.jar
#15 109.5 [INFO] Downloaded from central: https://repo.maven.apache.org/maven2/io/netty/netty-transport/4.1.104.Final/netty-transport-4.1.104.Final.jar (497 kB at 58 kB/s)
#15 109.5 [INFO] Downloading from central: https://repo.maven.apache.org/maven2/io/netty/netty-codec-dns/4.1.104.Final/netty-codec-dns-4.1.104.Final.jar
#15 109.7 [INFO] Downloaded from central: https://repo.maven.apache.org/maven2/io/netty/netty-codec-http2/4.1.104.Final/netty-codec-http2-4.1.104.Final.jar (488 kB at 56 kB/s)
#15 109.7 [INFO] Downloading from central: https://repo.maven.apache.org/maven2/io/netty/netty-resolver-dns-native-macos/4.1.104.Final/netty-resolver-dns-native-macos-4.1.104.Final-osx-x86_64.jar
#15 109.7 [INFO] Downloaded from central: https://repo.maven.apache.org/maven2/io/netty/netty-resolver/4.1.104.Final/netty-resolver-4.1.104.Final.jar (38 kB at 4.3 kB/s)
#15 109.7 [INFO] Downloading from central: https://repo.maven.apache.org/maven2/io/netty/netty-resolver-dns-classes-macos/4.1.104.Final/netty-resolver-dns-classes-macos-4.1.104.Final.jar
#15 109.7 [INFO] Downloaded from central: https://repo.maven.apache.org/maven2/io/netty/netty-resolver-dns/4.1.104.Final/netty-resolver-dns-4.1.104.Final.jar (172 kB at 20 kB/s)
#15 109.7 [INFO] Downloading from central: https://repo.maven.apache.org/maven2/io/netty/netty-transport-native-epoll/4.1.104.Final/netty-transport-native-epoll-4.1.104.Final-linux-x86_64.jar
#15 109.8 [INFO] Downloaded from central: https://repo.maven.apache.org/maven2/io/netty/netty-codec-dns/4.1.104.Final/netty-codec-dns-4.1.104.Final.jar (67 kB at 7.6 kB/s)
#15 109.8 [INFO] Downloading from central: https://repo.maven.apache.org/maven2/io/netty/netty-transport-native-unix-common/4.1.104.Final/netty-transport-native-unix-common-4.1.104.Final.jar
#15 109.9 [INFO] Downloaded from central: https://repo.maven.apache.org/maven2/io/netty/netty-resolver-dns-native-macos/4.1.104.Final/netty-resolver-dns-native-macos-4.1.104.Final-osx-x86_64.jar (19 kB at 2.2 kB/s)
#15 109.9 [INFO] Downloading from central: https://repo.maven.apache.org/maven2/io/netty/netty-transport-classes-epoll/4.1.104.Final/netty-transport-classes-epoll-4.1.104.Final.jar
#15 109.9 [INFO] Downloaded from central: https://repo.maven.apache.org/maven2/io/netty/netty-resolver-dns-classes-macos/4.1.104.Final/netty-resolver-dns-classes-macos-4.1.104.Final.jar (9.1 kB at 1.0 kB/s)
#15 109.9 [INFO] Downloading from central: https://repo.maven.apache.org/maven2/io/projectreactor/netty/reactor-netty-core/1.1.14/reactor-netty-core-1.1.14.jar
#15 110.0 [INFO] Downloaded from central: https://repo.maven.apache.org/maven2/io/netty/netty-transport-native-epoll/4.1.104.Final/netty-transport-native-epoll-4.1.104.Final-linux-x86_64.jar (40 kB at 4.4 kB/s)
#15 110.0 [INFO] Downloading from central: https://repo.maven.apache.org/maven2/io/netty/netty-handler-proxy/4.1.104.Final/netty-handler-proxy-4.1.104.Final.jar
#15 110.3 [INFO] Downloaded from central: https://repo.maven.apache.org/maven2/io/netty/netty-transport-native-unix-common/4.1.104.Final/netty-transport-native-unix-common-4.1.104.Final.jar (44 kB at 4.7 kB/s)
#15 110.3 [INFO] Downloading from central: https://repo.maven.apache.org/maven2/io/netty/netty-codec-socks/4.1.104.Final/netty-codec-socks-4.1.104.Final.jar
#15 110.5 [INFO] Downloaded from central: https://repo.maven.apache.org/maven2/io/netty/netty-transport-classes-epoll/4.1.104.Final/netty-transport-classes-epoll-4.1.104.Final.jar (147 kB at 15 kB/s)
#15 110.5 [INFO] Downloading from central: https://repo.maven.apache.org/maven2/org/springframework/spring-webflux/6.1.2/spring-webflux-6.1.2.jar
#15 110.6 [INFO] Downloaded from central: https://repo.maven.apache.org/maven2/org/hibernate/orm/hibernate-core/6.4.1.Final/hibernate-core-6.4.1.Final.jar (12 MB at 1.2 MB/s)
#15 110.6 [INFO] Downloading from central: https://repo.maven.apache.org/maven2/io/projectreactor/reactor-core/3.6.1/reactor-core-3.6.1.jar
#15 110.7 [INFO] Downloaded from central: https://repo.maven.apache.org/maven2/io/netty/netty-codec-socks/4.1.104.Final/netty-codec-socks-4.1.104.Final.jar (121 kB at 12 kB/s)
#15 110.7 [INFO] Downloading from central: https://repo.maven.apache.org/maven2/org/reactivestreams/reactive-streams/1.0.4/reactive-streams-1.0.4.jar
#15 110.8 [INFO] Downloaded from central: https://repo.maven.apache.org/maven2/io/netty/netty-handler-proxy/4.1.104.Final/netty-handler-proxy-4.1.104.Final.jar (26 kB at 2.6 kB/s)
#15 110.8 [INFO] Downloading from central: https://repo.maven.apache.org/maven2/com/mysql/mysql-connector-j/8.1.0/mysql-connector-j-8.1.0.jar
#15 110.8 [INFO] Downloaded from central: https://repo.maven.apache.org/maven2/io/projectreactor/netty/reactor-netty-core/1.1.14/reactor-netty-core-1.1.14.jar (513 kB at 52 kB/s)
#15 110.8 [INFO] Downloading from central: https://repo.maven.apache.org/maven2/org/apache/tika/tika-core/2.9.0/tika-core-2.9.0.jar
#15 111.0 [INFO] Downloaded from central: https://repo.maven.apache.org/maven2/org/reactivestreams/reactive-streams/1.0.4/reactive-streams-1.0.4.jar (12 kB at 1.2 kB/s)
#15 111.0 [INFO] Downloading from central: https://repo.maven.apache.org/maven2/org/slf4j/slf4j-api/2.0.9/slf4j-api-2.0.9.jar
#15 111.2 [INFO] Downloaded from central: https://repo.maven.apache.org/maven2/org/springframework/spring-webflux/6.1.2/spring-webflux-6.1.2.jar (967 kB at 95 kB/s)
#15 111.2 [INFO] Downloading from central: https://repo.maven.apache.org/maven2/commons-io/commons-io/2.13.0/commons-io-2.13.0.jar
#15 111.3 [INFO] Downloaded from central: https://repo.maven.apache.org/maven2/org/slf4j/slf4j-api/2.0.9/slf4j-api-2.0.9.jar (65 kB at 6.2 kB/s)
#15 111.3 [INFO] Downloading from central: https://repo.maven.apache.org/maven2/org/apache/tika/tika-parsers-standard-package/2.9.0/tika-parsers-standard-package-2.9.0.jar
#15 111.6 [INFO] Downloaded from central: https://repo.maven.apache.org/maven2/commons-io/commons-io/2.13.0/commons-io-2.13.0.jar (484 kB at 46 kB/s)
#15 111.6 [INFO] Downloading from central: https://repo.maven.apache.org/maven2/org/apache/tika/tika-parser-apple-module/2.9.0/tika-parser-apple-module-2.9.0.jar
#15 111.6 [INFO] Downloaded from central: https://repo.maven.apache.org/maven2/org/apache/tika/tika-parsers-standard-package/2.9.0/tika-parsers-standard-package-2.9.0.jar (13 kB at 1.3 kB/s)
#15 111.6 [INFO] Downloading from central: https://repo.maven.apache.org/maven2/org/apache/tika/tika-parser-zip-commons/2.9.0/tika-parser-zip-commons-2.9.0.jar
#15 111.6 [INFO] Downloaded from central: https://repo.maven.apache.org/maven2/org/apache/tika/tika-core/2.9.0/tika-core-2.9.0.jar (744 kB at 70 kB/s)
#15 111.6 [INFO] Downloading from central: https://repo.maven.apache.org/maven2/com/googlecode/plist/dd-plist/1.27/dd-plist-1.27.jar
#15 111.7 [INFO] Downloaded from central: https://repo.maven.apache.org/maven2/io/projectreactor/reactor-core/3.6.1/reactor-core-3.6.1.jar (1.9 MB at 174 kB/s)
#15 111.7 [INFO] Downloading from central: https://repo.maven.apache.org/maven2/org/apache/tika/tika-parser-audiovideo-module/2.9.0/tika-parser-audiovideo-module-2.9.0.jar
#15 111.7 [INFO] Downloaded from central: https://repo.maven.apache.org/maven2/org/apache/tika/tika-parser-apple-module/2.9.0/tika-parser-apple-module-2.9.0.jar (60 kB at 5.6 kB/s)
#15 111.7 [INFO] Downloading from central: https://repo.maven.apache.org/maven2/com/drewnoakes/metadata-extractor/2.18.0/metadata-extractor-2.18.0.jar
#15 111.9 [INFO] Downloaded from central: https://repo.maven.apache.org/maven2/com/googlecode/plist/dd-plist/1.27/dd-plist-1.27.jar (92 kB at 8.4 kB/s)
#15 111.9 [INFO] Downloading from central: https://repo.maven.apache.org/maven2/com/adobe/xmp/xmpcore/6.1.11/xmpcore-6.1.11.jar
#15 111.9 [INFO] Downloaded from central: https://repo.maven.apache.org/maven2/org/apache/tika/tika-parser-zip-commons/2.9.0/tika-parser-zip-commons-2.9.0.jar (44 kB at 4.0 kB/s)
#15 111.9 [INFO] Downloading from central: https://repo.maven.apache.org/maven2/org/apache/tika/tika-parser-cad-module/2.9.0/tika-parser-cad-module-2.9.0.jar
#15 111.9 [INFO] Downloaded from central: https://repo.maven.apache.org/maven2/org/apache/tika/tika-parser-audiovideo-module/2.9.0/tika-parser-audiovideo-module-2.9.0.jar (68 kB at 6.2 kB/s)
#15 111.9 [INFO] Downloading from central: https://repo.maven.apache.org/maven2/org/apache/tika/tika-parser-code-module/2.9.0/tika-parser-code-module-2.9.0.jar
#15 112.2 [INFO] Downloaded from central: https://repo.maven.apache.org/maven2/org/apache/tika/tika-parser-cad-module/2.9.0/tika-parser-cad-module-2.9.0.jar (34 kB at 3.0 kB/s)
#15 112.2 [INFO] Downloading from central: https://repo.maven.apache.org/maven2/org/codelibs/jhighlight/1.1.0/jhighlight-1.1.0.jar
#15 112.2 [INFO] Downloaded from central: https://repo.maven.apache.org/maven2/com/adobe/xmp/xmpcore/6.1.11/xmpcore-6.1.11.jar (143 kB at 13 kB/s)
#15 112.2 [INFO] Downloading from central: https://repo.maven.apache.org/maven2/org/ccil/cowan/tagsoup/tagsoup/1.2.1/tagsoup-1.2.1.jar
#15 112.2 [INFO] Downloaded from central: https://repo.maven.apache.org/maven2/com/drewnoakes/metadata-extractor/2.18.0/metadata-extractor-2.18.0.jar (733 kB at 65 kB/s)
#15 112.2 [INFO] Downloading from central: https://repo.maven.apache.org/maven2/org/ow2/asm/asm/9.5/asm-9.5.jar
#15 112.4 [INFO] Downloaded from central: https://repo.maven.apache.org/maven2/org/apache/tika/tika-parser-code-module/2.9.0/tika-parser-code-module-2.9.0.jar (29 kB at 2.6 kB/s)
#15 112.4 [INFO] Downloaded from central: https://repo.maven.apache.org/maven2/org/ccil/cowan/tagsoup/tagsoup/1.2.1/tagsoup-1.2.1.jar (91 kB at 7.9 kB/s)
#15 112.4 [INFO] Downloading from central: https://repo.maven.apache.org/maven2/com/epam/parso/2.0.14/parso-2.0.14.jar
#15 112.4 [INFO] Downloading from central: https://repo.maven.apache.org/maven2/org/tallison/jmatio/1.5/jmatio-1.5.jar
#15 112.5 [INFO] Downloaded from central: https://repo.maven.apache.org/maven2/org/ow2/asm/asm/9.5/asm-9.5.jar (122 kB at 11 kB/s)
#15 112.5 [INFO] Downloading from central: https://repo.maven.apache.org/maven2/org/apache/tika/tika-parser-crypto-module/2.9.0/tika-parser-crypto-module-2.9.0.jar
#15 112.6 [INFO] Downloaded from central: https://repo.maven.apache.org/maven2/org/codelibs/jhighlight/1.1.0/jhighlight-1.1.0.jar (238 kB at 20 kB/s)
#15 112.6 [INFO] Downloading from central: https://repo.maven.apache.org/maven2/org/bouncycastle/bcmail-jdk18on/1.76/bcmail-jdk18on-1.76.jar
#15 112.7 [INFO] Downloaded from central: https://repo.maven.apache.org/maven2/org/tallison/jmatio/1.5/jmatio-1.5.jar (76 kB at 6.4 kB/s)
#15 112.7 [INFO] Downloading from central: https://repo.maven.apache.org/maven2/org/bouncycastle/bcutil-jdk18on/1.76/bcutil-jdk18on-1.76.jar
#15 112.7 [INFO] Downloaded from central: https://repo.maven.apache.org/maven2/com/epam/parso/2.0.14/parso-2.0.14.jar (139 kB at 12 kB/s)
#15 112.7 [INFO] Downloading from central: https://repo.maven.apache.org/maven2/org/bouncycastle/bcpkix-jdk18on/1.76/bcpkix-jdk18on-1.76.jar
#15 112.8 [INFO] Downloaded from central: https://repo.maven.apache.org/maven2/com/mysql/mysql-connector-j/8.1.0/mysql-connector-j-8.1.0.jar (2.5 MB at 211 kB/s)
#15 112.8 [INFO] Downloading from central: https://repo.maven.apache.org/maven2/org/bouncycastle/bcprov-jdk18on/1.76/bcprov-jdk18on-1.76.jar
#15 112.8 [INFO] Downloaded from central: https://repo.maven.apache.org/maven2/org/apache/tika/tika-parser-crypto-module/2.9.0/tika-parser-crypto-module-2.9.0.jar (20 kB at 1.7 kB/s)
#15 112.8 [INFO] Downloading from central: https://repo.maven.apache.org/maven2/org/apache/tika/tika-parser-digest-commons/2.9.0/tika-parser-digest-commons-2.9.0.jar
#15 113.0 [INFO] Downloaded from central: https://repo.maven.apache.org/maven2/org/bouncycastle/bcmail-jdk18on/1.76/bcmail-jdk18on-1.76.jar (111 kB at 9.2 kB/s)
#15 113.0 [INFO] Downloading from central: https://repo.maven.apache.org/maven2/org/apache/tika/tika-parser-font-module/2.9.0/tika-parser-font-module-2.9.0.jar
#15 113.4 [INFO] Downloaded from central: https://repo.maven.apache.org/maven2/org/apache/tika/tika-parser-digest-commons/2.9.0/tika-parser-digest-commons-2.9.0.jar (19 kB at 1.5 kB/s)
#15 113.4 [INFO] Downloading from central: https://repo.maven.apache.org/maven2/org/apache/pdfbox/fontbox/2.0.29/fontbox-2.0.29.jar
#15 113.4 [INFO] Downloaded from central: https://repo.maven.apache.org/maven2/org/apache/tika/tika-parser-font-module/2.9.0/tika-parser-font-module-2.9.0.jar (14 kB at 1.1 kB/s)
#15 113.4 [INFO] Downloading from central: https://repo.maven.apache.org/maven2/org/apache/tika/tika-parser-html-module/2.9.0/tika-parser-html-module-2.9.0.jar
#15 113.4 [INFO] Downloaded from central: https://repo.maven.apache.org/maven2/org/bouncycastle/bcpkix-jdk18on/1.76/bcpkix-jdk18on-1.76.jar (1.1 MB at 89 kB/s)
#15 113.4 [INFO] Downloading from central: https://repo.maven.apache.org/maven2/org/apache/tika/tika-parser-image-module/2.9.0/tika-parser-image-module-2.9.0.jar
#15 113.6 [INFO] Downloaded from central: https://repo.maven.apache.org/maven2/org/bouncycastle/bcutil-jdk18on/1.76/bcutil-jdk18on-1.76.jar (677 kB at 54 kB/s)
#15 113.6 [INFO] Downloading from central: https://repo.maven.apache.org/maven2/org/apache/pdfbox/jbig2-imageio/3.0.4/jbig2-imageio-3.0.4.jar
#15 113.7 [INFO] Downloaded from central: https://repo.maven.apache.org/maven2/org/apache/tika/tika-parser-image-module/2.9.0/tika-parser-image-module-2.9.0.jar (62 kB at 4.9 kB/s)
#15 113.7 [INFO] Downloading from central: https://repo.maven.apache.org/maven2/org/apache/tika/tika-parser-mail-module/2.9.0/tika-parser-mail-module-2.9.0.jar
#15 113.8 [INFO] Downloaded from central: https://repo.maven.apache.org/maven2/org/apache/tika/tika-parser-html-module/2.9.0/tika-parser-html-module-2.9.0.jar (53 kB at 4.1 kB/s)
#15 113.8 [INFO] Downloading from central: https://repo.maven.apache.org/maven2/org/apache/tika/tika-parser-mail-commons/2.9.0/tika-parser-mail-commons-2.9.0.jar
#15 113.9 [INFO] Downloaded from central: https://repo.maven.apache.org/maven2/org/apache/pdfbox/jbig2-imageio/3.0.4/jbig2-imageio-3.0.4.jar (144 kB at 11 kB/s)
#15 113.9 [INFO] Downloading from central: https://repo.maven.apache.org/maven2/org/apache/james/apache-mime4j-core/0.8.9/apache-mime4j-core-0.8.9.jar
#15 113.9 [INFO] Downloaded from central: https://repo.maven.apache.org/maven2/org/apache/tika/tika-parser-mail-module/2.9.0/tika-parser-mail-module-2.9.0.jar (27 kB at 2.1 kB/s)
#15 113.9 [INFO] Downloading from central: https://repo.maven.apache.org/maven2/org/apache/james/apache-mime4j-dom/0.8.9/apache-mime4j-dom-0.8.9.jar
#15 113.9 [INFO] Downloaded from central: https://repo.maven.apache.org/maven2/org/apache/tika/tika-parser-mail-commons/2.9.0/tika-parser-mail-commons-2.9.0.jar (15 kB at 1.2 kB/s)
#15 113.9 [INFO] Downloading from central: https://repo.maven.apache.org/maven2/org/apache/tika/tika-parser-microsoft-module/2.9.0/tika-parser-microsoft-module-2.9.0.jar
#15 114.3 [INFO] Downloaded from central: https://repo.maven.apache.org/maven2/org/apache/james/apache-mime4j-core/0.8.9/apache-mime4j-core-0.8.9.jar (119 kB at 9.0 kB/s)
#15 114.3 [INFO] Downloading from central: https://repo.maven.apache.org/maven2/com/pff/java-libpst/0.9.3/java-libpst-0.9.3.jar
#15 114.4 [INFO] Downloaded from central: https://repo.maven.apache.org/maven2/org/apache/james/apache-mime4j-dom/0.8.9/apache-mime4j-dom-0.8.9.jar (349 kB at 26 kB/s)
#15 114.4 [INFO] Downloading from central: https://repo.maven.apache.org/maven2/org/apache/commons/commons-lang3/3.13.0/commons-lang3-3.13.0.jar
#15 114.7 [INFO] Downloaded from central: https://repo.maven.apache.org/maven2/com/pff/java-libpst/0.9.3/java-libpst-0.9.3.jar (108 kB at 7.9 kB/s)
#15 114.7 [INFO] Downloading from central: https://repo.maven.apache.org/maven2/org/apache/poi/poi/5.2.3/poi-5.2.3.jar
#15 114.8 [INFO] Downloaded from central: https://repo.maven.apache.org/maven2/org/apache/pdfbox/fontbox/2.0.29/fontbox-2.0.29.jar (1.6 MB at 113 kB/s)
#15 114.9 [INFO] Downloading from central: https://repo.maven.apache.org/maven2/org/apache/commons/commons-math3/3.6.1/commons-math3-3.6.1.jar
#15 115.2 [INFO] Downloaded from central: https://repo.maven.apache.org/maven2/org/apache/commons/commons-lang3/3.13.0/commons-lang3-3.13.0.jar (632 kB at 45 kB/s)
#15 115.2 [INFO] Downloading from central: https://repo.maven.apache.org/maven2/com/zaxxer/SparseBitSet/1.2/SparseBitSet-1.2.jar
#15 115.2 [INFO] Downloaded from central: https://repo.maven.apache.org/maven2/org/apache/tika/tika-parser-microsoft-module/2.9.0/tika-parser-microsoft-module-2.9.0.jar (683 kB at 48 kB/s)
#15 115.2 [INFO] Downloading from central: https://repo.maven.apache.org/maven2/org/apache/logging/log4j/log4j-api/2.21.1/log4j-api-2.21.1.jar
#15 115.6 [INFO] Downloaded from central: https://repo.maven.apache.org/maven2/com/zaxxer/SparseBitSet/1.2/SparseBitSet-1.2.jar (25 kB at 1.7 kB/s)
#15 115.6 [INFO] Downloading from central: https://repo.maven.apache.org/maven2/org/apache/poi/poi-scratchpad/5.2.3/poi-scratchpad-5.2.3.jar
#15 116.0 [INFO] Downloaded from central: https://repo.maven.apache.org/maven2/org/apache/logging/log4j/log4j-api/2.21.1/log4j-api-2.21.1.jar (317 kB at 21 kB/s)
#15 116.0 [INFO] Downloading from central: https://repo.maven.apache.org/maven2/org/apache/poi/poi-ooxml/5.2.3/poi-ooxml-5.2.3.jar
#15 117.2 [INFO] Downloaded from central: https://repo.maven.apache.org/maven2/org/apache/commons/commons-math3/3.6.1/commons-math3-3.6.1.jar (2.2 MB at 137 kB/s)
#15 117.2 [INFO] Downloading from central: https://repo.maven.apache.org/maven2/org/apache/poi/poi-ooxml-lite/5.2.3/poi-ooxml-lite-5.2.3.jar
#15 117.3 [INFO] Downloaded from central: https://repo.maven.apache.org/maven2/org/apache/poi/poi-scratchpad/5.2.3/poi-scratchpad-5.2.3.jar (1.9 MB at 116 kB/s)
#15 117.3 [INFO] Downloading from central: https://repo.maven.apache.org/maven2/org/apache/xmlbeans/xmlbeans/5.1.1/xmlbeans-5.1.1.jar
#15 118.7 [INFO] Downloaded from central: https://repo.maven.apache.org/maven2/org/apache/poi/poi/5.2.3/poi-5.2.3.jar (3.0 MB at 167 kB/s)
#15 118.7 [INFO] Downloading from central: https://repo.maven.apache.org/maven2/com/github/virtuald/curvesapi/1.07/curvesapi-1.07.jar
#15 119.0 [INFO] Downloaded from central: https://repo.maven.apache.org/maven2/org/apache/xmlbeans/xmlbeans/5.1.1/xmlbeans-5.1.1.jar (2.2 MB at 122 kB/s)
#15 119.0 [INFO] Downloading from central: https://repo.maven.apache.org/maven2/commons-logging/commons-logging/1.2/commons-logging-1.2.jar
#15 119.1 [INFO] Downloaded from central: https://repo.maven.apache.org/maven2/com/github/virtuald/curvesapi/1.07/curvesapi-1.07.jar (112 kB at 6.2 kB/s)
#15 119.1 [INFO] Downloading from central: https://repo.maven.apache.org/maven2/com/healthmarketscience/jackcess/jackcess/4.0.5/jackcess-4.0.5.jar
#15 119.2 [INFO] Downloaded from central: https://repo.maven.apache.org/maven2/commons-logging/commons-logging/1.2/commons-logging-1.2.jar (62 kB at 3.4 kB/s)
#15 119.2 [INFO] Downloading from central: https://repo.maven.apache.org/maven2/com/healthmarketscience/jackcess/jackcess-encrypt/4.0.2/jackcess-encrypt-4.0.2.jar
#15 119.2 [INFO] Downloaded from central: https://repo.maven.apache.org/maven2/org/bouncycastle/bcprov-jdk18on/1.76/bcprov-jdk18on-1.76.jar (8.4 MB at 459 kB/s)
#15 119.2 [INFO] Downloading from central: https://repo.maven.apache.org/maven2/org/slf4j/jcl-over-slf4j/2.0.9/jcl-over-slf4j-2.0.9.jar
#15 119.2 [INFO] Downloaded from central: https://repo.maven.apache.org/maven2/org/apache/poi/poi-ooxml/5.2.3/poi-ooxml-5.2.3.jar (2.0 MB at 110 kB/s)
#15 119.2 [INFO] Downloading from central: https://repo.maven.apache.org/maven2/org/apache/tika/tika-parser-miscoffice-module/2.9.0/tika-parser-miscoffice-module-2.9.0.jar
#15 119.4 [INFO] Downloaded from central: https://repo.maven.apache.org/maven2/org/slf4j/jcl-over-slf4j/2.0.9/jcl-over-slf4j-2.0.9.jar (18 kB at 1.0 kB/s)
#15 119.4 [INFO] Downloading from central: https://repo.maven.apache.org/maven2/org/apache/commons/commons-collections4/4.4/commons-collections4-4.4.jar
#15 119.4 [INFO] Downloaded from central: https://repo.maven.apache.org/maven2/com/healthmarketscience/jackcess/jackcess-encrypt/4.0.2/jackcess-encrypt-4.0.2.jar (84 kB at 4.5 kB/s)
#15 119.5 [INFO] Downloading from central: https://repo.maven.apache.org/maven2/org/apache/tika/tika-parser-news-module/2.9.0/tika-parser-news-module-2.9.0.jar
#15 119.6 [INFO] Downloaded from central: https://repo.maven.apache.org/maven2/org/apache/tika/tika-parser-miscoffice-module/2.9.0/tika-parser-miscoffice-module-2.9.0.jar (153 kB at 8.2 kB/s)
#15 119.6 [INFO] Downloading from central: https://repo.maven.apache.org/maven2/com/rometools/rome/2.1.0/rome-2.1.0.jar
#15 120.0 [INFO] Downloaded from central: https://repo.maven.apache.org/maven2/org/apache/commons/commons-collections4/4.4/commons-collections4-4.4.jar (752 kB at 39 kB/s)
#15 120.0 [INFO] Downloading from central: https://repo.maven.apache.org/maven2/com/rometools/rome-utils/2.1.0/rome-utils-2.1.0.jar
#15 120.1 [INFO] Downloaded from central: https://repo.maven.apache.org/maven2/org/apache/tika/tika-parser-news-module/2.9.0/tika-parser-news-module-2.9.0.jar (20 kB at 1.1 kB/s)
#15 120.1 [INFO] Downloading from central: https://repo.maven.apache.org/maven2/org/jdom/jdom2/2.0.6.1/jdom2-2.0.6.1.jar
#15 120.2 [INFO] Downloaded from central: https://repo.maven.apache.org/maven2/com/rometools/rome-utils/2.1.0/rome-utils-2.1.0.jar (8.7 kB at 454 B/s)
#15 120.2 [INFO] Downloading from central: https://repo.maven.apache.org/maven2/org/apache/tika/tika-parser-ocr-module/2.9.0/tika-parser-ocr-module-2.9.0.jar
#15 120.3 [INFO] Downloaded from central: https://repo.maven.apache.org/maven2/com/rometools/rome/2.1.0/rome-2.1.0.jar (258 kB at 13 kB/s)
#15 120.3 [INFO] Downloading from central: https://repo.maven.apache.org/maven2/org/apache/commons/commons-exec/1.3/commons-exec-1.3.jar
#15 120.4 [INFO] Downloaded from central: https://repo.maven.apache.org/maven2/com/healthmarketscience/jackcess/jackcess/4.0.5/jackcess-4.0.5.jar (1.3 MB at 68 kB/s)
#15 120.4 [INFO] Downloading from central: https://repo.maven.apache.org/maven2/org/apache/tika/tika-parser-pdf-module/2.9.0/tika-parser-pdf-module-2.9.0.jar
#15 120.4 [INFO] Downloaded from central: https://repo.maven.apache.org/maven2/org/apache/tika/tika-parser-ocr-module/2.9.0/tika-parser-ocr-module-2.9.0.jar (39 kB at 2.0 kB/s)
#15 120.4 [INFO] Downloading from central: https://repo.maven.apache.org/maven2/org/apache/pdfbox/pdfbox/2.0.29/pdfbox-2.0.29.jar
#15 120.5 [INFO] Downloaded from central: https://repo.maven.apache.org/maven2/org/jdom/jdom2/2.0.6.1/jdom2-2.0.6.1.jar (328 kB at 17 kB/s)
#15 120.5 [INFO] Downloading from central: https://repo.maven.apache.org/maven2/org/apache/pdfbox/pdfbox-tools/2.0.29/pdfbox-tools-2.0.29.jar
#15 120.6 [INFO] Downloaded from central: https://repo.maven.apache.org/maven2/org/apache/commons/commons-exec/1.3/commons-exec-1.3.jar (54 kB at 2.8 kB/s)
#15 120.6 [INFO] Downloading from central: https://repo.maven.apache.org/maven2/org/apache/pdfbox/jempbox/1.8.17/jempbox-1.8.17.jar
#15 120.7 [INFO] Downloaded from central: https://repo.maven.apache.org/maven2/org/apache/tika/tika-parser-pdf-module/2.9.0/tika-parser-pdf-module-2.9.0.jar (140 kB at 7.1 kB/s)
#15 120.7 [INFO] Downloading from central: https://repo.maven.apache.org/maven2/org/apache/tika/tika-parser-pkg-module/2.9.0/tika-parser-pkg-module-2.9.0.jar
#15 120.8 [INFO] Downloaded from central: https://repo.maven.apache.org/maven2/org/apache/pdfbox/pdfbox-tools/2.0.29/pdfbox-tools-2.0.29.jar (88 kB at 4.4 kB/s)
#15 120.8 [INFO] Downloading from central: https://repo.maven.apache.org/maven2/org/tukaani/xz/1.9/xz-1.9.jar
#15 120.9 [INFO] Downloaded from central: https://repo.maven.apache.org/maven2/org/apache/pdfbox/jempbox/1.8.17/jempbox-1.8.17.jar (52 kB at 2.6 kB/s)
#15 120.9 [INFO] Downloading from central: https://repo.maven.apache.org/maven2/org/brotli/dec/0.1.2/dec-0.1.2.jar
#15 121.1 [INFO] Downloaded from central: https://repo.maven.apache.org/maven2/org/apache/tika/tika-parser-pkg-module/2.9.0/tika-parser-pkg-module-2.9.0.jar (32 kB at 1.6 kB/s)
#15 121.1 [INFO] Downloading from central: https://repo.maven.apache.org/maven2/com/github/junrar/junrar/7.5.5/junrar-7.5.5.jar
#15 121.1 [INFO] Downloaded from central: https://repo.maven.apache.org/maven2/org/tukaani/xz/1.9/xz-1.9.jar (116 kB at 5.8 kB/s)
#15 121.1 [INFO] Downloading from central: https://repo.maven.apache.org/maven2/org/apache/tika/tika-parser-text-module/2.9.0/tika-parser-text-module-2.9.0.jar
#15 121.1 [INFO] Downloaded from central: https://repo.maven.apache.org/maven2/org/apache/poi/poi-ooxml-lite/5.2.3/poi-ooxml-lite-5.2.3.jar (5.9 MB at 293 kB/s)
#15 121.1 [INFO] Downloading from central: https://repo.maven.apache.org/maven2/com/github/albfernandez/juniversalchardet/2.4.0/juniversalchardet-2.4.0.jar
#15 121.2 [INFO] Downloaded from central: https://repo.maven.apache.org/maven2/org/brotli/dec/0.1.2/dec-0.1.2.jar (98 kB at 4.9 kB/s)
#15 121.2 [INFO] Downloading from central: https://repo.maven.apache.org/maven2/org/apache/commons/commons-csv/1.10.0/commons-csv-1.10.0.jar
#15 121.4 [INFO] Downloaded from central: https://repo.maven.apache.org/maven2/com/github/junrar/junrar/7.5.5/junrar-7.5.5.jar (162 kB at 7.9 kB/s)
#15 121.4 [INFO] Downloading from central: https://repo.maven.apache.org/maven2/org/apache/tika/tika-parser-webarchive-module/2.9.0/tika-parser-webarchive-module-2.9.0.jar
#15 121.4 [INFO] Downloaded from central: https://repo.maven.apache.org/maven2/org/apache/tika/tika-parser-text-module/2.9.0/tika-parser-text-module-2.9.0.jar (124 kB at 6.0 kB/s)
#15 121.4 [INFO] Downloading from central: https://repo.maven.apache.org/maven2/org/netpreserve/jwarc/0.28.1/jwarc-0.28.1.jar
#15 121.4 [INFO] Downloaded from central: https://repo.maven.apache.org/maven2/org/apache/commons/commons-csv/1.10.0/commons-csv-1.10.0.jar (55 kB at 2.7 kB/s)
#15 121.4 [INFO] Downloading from central: https://repo.maven.apache.org/maven2/org/apache/commons/commons-compress/1.23.0/commons-compress-1.23.0.jar
#15 121.5 [INFO] Downloaded from central: https://repo.maven.apache.org/maven2/com/github/albfernandez/juniversalchardet/2.4.0/juniversalchardet-2.4.0.jar (245 kB at 12 kB/s)
#15 121.5 [INFO] Downloading from central: https://repo.maven.apache.org/maven2/org/apache/tika/tika-parser-xml-module/2.9.0/tika-parser-xml-module-2.9.0.jar
#15 121.7 [INFO] Downloaded from central: https://repo.maven.apache.org/maven2/org/apache/tika/tika-parser-webarchive-module/2.9.0/tika-parser-webarchive-module-2.9.0.jar (19 kB at 933 B/s)
#15 121.7 [INFO] Downloading from central: https://repo.maven.apache.org/maven2/xerces/xercesImpl/2.12.2/xercesImpl-2.12.2.jar
#15 121.8 [INFO] Downloaded from central: https://repo.maven.apache.org/maven2/org/netpreserve/jwarc/0.28.1/jwarc-0.28.1.jar (253 kB at 12 kB/s)
#15 121.8 [INFO] Downloading from central: https://repo.maven.apache.org/maven2/xml-apis/xml-apis/1.4.01/xml-apis-1.4.01.jar
#15 121.9 [INFO] Downloaded from central: https://repo.maven.apache.org/maven2/org/apache/tika/tika-parser-xml-module/2.9.0/tika-parser-xml-module-2.9.0.jar (36 kB at 1.7 kB/s)
#15 121.9 [INFO] Downloading from central: https://repo.maven.apache.org/maven2/org/apache/tika/tika-parser-xmp-commons/2.9.0/tika-parser-xmp-commons-2.9.0.jar
#15 122.1 [INFO] Downloaded from central: https://repo.maven.apache.org/maven2/org/apache/tika/tika-parser-xmp-commons/2.9.0/tika-parser-xmp-commons-2.9.0.jar (15 kB at 732 B/s)
#15 122.1 [INFO] Downloading from central: https://repo.maven.apache.org/maven2/org/apache/pdfbox/xmpbox/2.0.29/xmpbox-2.0.29.jar
#15 122.3 [INFO] Downloaded from central: https://repo.maven.apache.org/maven2/xml-apis/xml-apis/1.4.01/xml-apis-1.4.01.jar (221 kB at 10 kB/s)
#15 122.3 [INFO] Downloading from central: https://repo.maven.apache.org/maven2/org/gagravarr/vorbis-java-tika/0.8/vorbis-java-tika-0.8.jar
#15 122.5 [INFO] Downloaded from central: https://repo.maven.apache.org/maven2/org/apache/pdfbox/pdfbox/2.0.29/pdfbox-2.0.29.jar (2.8 MB at 129 kB/s)
#15 122.5 [INFO] Downloading from central: https://repo.maven.apache.org/maven2/org/gagravarr/vorbis-java-core/0.8/vorbis-java-core-0.8.jar
#15 122.5 [INFO] Downloaded from central: https://repo.maven.apache.org/maven2/org/apache/pdfbox/xmpbox/2.0.29/xmpbox-2.0.29.jar (133 kB at 6.2 kB/s)
#15 122.5 [INFO] Downloading from central: https://repo.maven.apache.org/maven2/com/fasterxml/jackson/core/jackson-databind/2.15.3/jackson-databind-2.15.3.jar
#15 122.6 [INFO] Downloaded from central: https://repo.maven.apache.org/maven2/org/gagravarr/vorbis-java-tika/0.8/vorbis-java-tika-0.8.jar (25 kB at 1.2 kB/s)
#15 122.6 [INFO] Downloading from central: https://repo.maven.apache.org/maven2/com/fasterxml/jackson/core/jackson-annotations/2.15.3/jackson-annotations-2.15.3.jar
#15 122.9 [INFO] Downloaded from central: https://repo.maven.apache.org/maven2/org/gagravarr/vorbis-java-core/0.8/vorbis-java-core-0.8.jar (121 kB at 5.5 kB/s)
#15 122.9 [INFO] Downloading from central: https://repo.maven.apache.org/maven2/com/fasterxml/jackson/core/jackson-core/2.15.3/jackson-core-2.15.3.jar
#15 123.0 [INFO] Downloaded from central: https://repo.maven.apache.org/maven2/com/fasterxml/jackson/core/jackson-annotations/2.15.3/jackson-annotations-2.15.3.jar (76 kB at 3.4 kB/s)
#15 123.0 [INFO] Downloading from central: https://repo.maven.apache.org/maven2/org/springframework/boot/spring-boot-starter-validation/3.2.1/spring-boot-starter-validation-3.2.1.jar
#15 123.0 [INFO] Downloaded from central: https://repo.maven.apache.org/maven2/xerces/xercesImpl/2.12.2/xercesImpl-2.12.2.jar (1.4 MB at 66 kB/s)
#15 123.0 [INFO] Downloading from central: https://repo.maven.apache.org/maven2/org/apache/tomcat/embed/tomcat-embed-el/10.1.17/tomcat-embed-el-10.1.17.jar
#15 123.0 [INFO] Downloaded from central: https://repo.maven.apache.org/maven2/org/apache/commons/commons-compress/1.23.0/commons-compress-1.23.0.jar (1.1 MB at 48 kB/s)
#15 123.0 [INFO] Downloading from central: https://repo.maven.apache.org/maven2/org/hibernate/validator/hibernate-validator/8.0.1.Final/hibernate-validator-8.0.1.Final.jar
#15 123.2 [INFO] Downloaded from central: https://repo.maven.apache.org/maven2/org/springframework/boot/spring-boot-starter-validation/3.2.1/spring-boot-starter-validation-3.2.1.jar (4.8 kB at 214 B/s)
#15 123.2 [INFO] Downloading from central: https://repo.maven.apache.org/maven2/jakarta/validation/jakarta.validation-api/3.0.2/jakarta.validation-api-3.0.2.jar
#15 123.5 [INFO] Downloaded from central: https://repo.maven.apache.org/maven2/org/apache/tomcat/embed/tomcat-embed-el/10.1.17/tomcat-embed-el-10.1.17.jar (261 kB at 12 kB/s)
#15 123.5 [INFO] Downloading from central: https://repo.maven.apache.org/maven2/org/projectlombok/lombok/1.18.30/lombok-1.18.30.jar
#15 123.7 [INFO] Downloaded from central: https://repo.maven.apache.org/maven2/com/fasterxml/jackson/core/jackson-core/2.15.3/jackson-core-2.15.3.jar (549 kB at 24 kB/s)
#15 123.7 [INFO] Downloading from central: https://repo.maven.apache.org/maven2/org/springframework/boot/spring-boot-starter-security/3.2.1/spring-boot-starter-security-3.2.1.jar
#15 123.7 [INFO] Downloaded from central: https://repo.maven.apache.org/maven2/jakarta/validation/jakarta.validation-api/3.0.2/jakarta.validation-api-3.0.2.jar (93 kB at 4.1 kB/s)
#15 123.7 [INFO] Downloading from central: https://repo.maven.apache.org/maven2/org/springframework/spring-aop/6.1.2/spring-aop-6.1.2.jar
#15 123.8 [INFO] Downloaded from central: https://repo.maven.apache.org/maven2/com/fasterxml/jackson/core/jackson-databind/2.15.3/jackson-databind-2.15.3.jar (1.6 MB at 71 kB/s)
#15 123.8 [INFO] Downloading from central: https://repo.maven.apache.org/maven2/org/springframework/security/spring-security-config/6.2.1/spring-security-config-6.2.1.jar
#15 123.8 [INFO] Downloaded from central: https://repo.maven.apache.org/maven2/org/springframework/boot/spring-boot-starter-security/3.2.1/spring-boot-starter-security-3.2.1.jar (4.7 kB at 207 B/s)
#15 123.8 [INFO] Downloading from central: https://repo.maven.apache.org/maven2/org/springframework/security/spring-security-core/6.2.1/spring-security-core-6.2.1.jar
#15 124.6 [INFO] Downloaded from central: https://repo.maven.apache.org/maven2/org/springframework/spring-aop/6.1.2/spring-aop-6.1.2.jar (414 kB at 18 kB/s)
#15 124.6 [INFO] Downloading from central: https://repo.maven.apache.org/maven2/org/springframework/security/spring-security-crypto/6.2.1/spring-security-crypto-6.2.1.jar
#15 125.1 [INFO] Downloaded from central: https://repo.maven.apache.org/maven2/org/springframework/security/spring-security-core/6.2.1/spring-security-core-6.2.1.jar (513 kB at 21 kB/s)
#15 125.1 [INFO] Downloading from central: https://repo.maven.apache.org/maven2/org/springframework/security/spring-security-web/6.2.1/spring-security-web-6.2.1.jar
#15 125.1 [INFO] Downloaded from central: https://repo.maven.apache.org/maven2/org/springframework/security/spring-security-crypto/6.2.1/spring-security-crypto-6.2.1.jar (84 kB at 3.5 kB/s)
#15 125.1 [INFO] Downloading from central: https://repo.maven.apache.org/maven2/io/jsonwebtoken/jjwt-api/0.11.5/jjwt-api-0.11.5.jar
#15 125.1 [INFO] Downloaded from central: https://repo.maven.apache.org/maven2/org/hibernate/validator/hibernate-validator/8.0.1.Final/hibernate-validator-8.0.1.Final.jar (1.3 MB at 55 kB/s)
#15 125.1 [INFO] Downloading from central: https://repo.maven.apache.org/maven2/io/jsonwebtoken/jjwt-impl/0.11.5/jjwt-impl-0.11.5.jar
#15 125.4 [INFO] Downloaded from central: https://repo.maven.apache.org/maven2/org/springframework/security/spring-security-config/6.2.1/spring-security-config-6.2.1.jar (1.8 MB at 74 kB/s)
#15 125.4 [INFO] Downloading from central: https://repo.maven.apache.org/maven2/io/jsonwebtoken/jjwt-jackson/0.11.5/jjwt-jackson-0.11.5.jar
#15 125.4 [INFO] Downloaded from central: https://repo.maven.apache.org/maven2/io/jsonwebtoken/jjwt-impl/0.11.5/jjwt-impl-0.11.5.jar (81 kB at 3.3 kB/s)
#15 125.4 [INFO] Downloading from central: https://repo.maven.apache.org/maven2/com/warrenstrange/googleauth/1.4.0/googleauth-1.4.0.jar
#15 125.4 [INFO] Downloaded from central: https://repo.maven.apache.org/maven2/io/jsonwebtoken/jjwt-api/0.11.5/jjwt-api-0.11.5.jar (77 kB at 3.2 kB/s)
#15 125.4 [INFO] Downloading from central: https://repo.maven.apache.org/maven2/commons-codec/commons-codec/1.16.0/commons-codec-1.16.0.jar
#15 125.5 [INFO] Downloaded from central: https://repo.maven.apache.org/maven2/org/projectlombok/lombok/1.18.30/lombok-1.18.30.jar (2.0 MB at 82 kB/s)
#15 125.5 [INFO] Downloading from central: https://repo.maven.apache.org/maven2/org/apache/httpcomponents/httpclient/4.5.3/httpclient-4.5.3.jar
#15 125.5 [INFO] Downloaded from central: https://repo.maven.apache.org/maven2/io/jsonwebtoken/jjwt-jackson/0.11.5/jjwt-jackson-0.11.5.jar (8.2 kB at 335 B/s)
#15 125.5 [INFO] Downloading from central: https://repo.maven.apache.org/maven2/org/apache/httpcomponents/httpcore/4.4.16/httpcore-4.4.16.jar
#15 125.6 [INFO] Downloaded from central: https://repo.maven.apache.org/maven2/com/warrenstrange/googleauth/1.4.0/googleauth-1.4.0.jar (23 kB at 928 B/s)
#15 125.6 [INFO] Downloading from central: https://repo.maven.apache.org/maven2/com/google/zxing/core/3.5.0/core-3.5.0.jar
#15 126.1 [INFO] Downloaded from central: https://repo.maven.apache.org/maven2/org/springframework/security/spring-security-web/6.2.1/spring-security-web-6.2.1.jar (781 kB at 31 kB/s)
#15 126.1 [INFO] Downloading from central: https://repo.maven.apache.org/maven2/com/google/zxing/javase/3.5.0/javase-3.5.0.jar
#15 126.1 [INFO] Downloaded from central: https://repo.maven.apache.org/maven2/commons-codec/commons-codec/1.16.0/commons-codec-1.16.0.jar (361 kB at 14 kB/s)
#15 126.1 [INFO] Downloading from central: https://repo.maven.apache.org/maven2/com/beust/jcommander/1.82/jcommander-1.82.jar
#15 126.1 [INFO] Downloaded from central: https://repo.maven.apache.org/maven2/org/apache/httpcomponents/httpcore/4.4.16/httpcore-4.4.16.jar (328 kB at 13 kB/s)
#15 126.1 [INFO] Downloading from central: https://repo.maven.apache.org/maven2/com/github/jai-imageio/jai-imageio-core/1.4.0/jai-imageio-core-1.4.0.jar
#15 126.2 [INFO] Downloaded from central: https://repo.maven.apache.org/maven2/org/apache/httpcomponents/httpclient/4.5.3/httpclient-4.5.3.jar (748 kB at 30 kB/s)
#15 126.2 [INFO] Downloading from central: https://repo.maven.apache.org/maven2/org/springdoc/springdoc-openapi-starter-webmvc-ui/2.1.0/springdoc-openapi-starter-webmvc-ui-2.1.0.jar
#15 126.3 [INFO] Downloaded from central: https://repo.maven.apache.org/maven2/com/google/zxing/javase/3.5.0/javase-3.5.0.jar (37 kB at 1.5 kB/s)
#15 126.3 [INFO] Downloading from central: https://repo.maven.apache.org/maven2/org/springdoc/springdoc-openapi-starter-webmvc-api/2.1.0/springdoc-openapi-starter-webmvc-api-2.1.0.jar
#15 126.3 [INFO] Downloaded from central: https://repo.maven.apache.org/maven2/com/beust/jcommander/1.82/jcommander-1.82.jar (88 kB at 3.5 kB/s)
#15 126.3 [INFO] Downloading from central: https://repo.maven.apache.org/maven2/org/springdoc/springdoc-openapi-starter-common/2.1.0/springdoc-openapi-starter-common-2.1.0.jar
#15 126.4 [INFO] Downloaded from central: https://repo.maven.apache.org/maven2/com/google/zxing/core/3.5.0/core-3.5.0.jar (602 kB at 24 kB/s)
#15 126.4 [INFO] Downloading from central: https://repo.maven.apache.org/maven2/io/swagger/core/v3/swagger-core-jakarta/2.2.9/swagger-core-jakarta-2.2.9.jar
#15 126.4 [INFO] Downloaded from central: https://repo.maven.apache.org/maven2/org/springdoc/springdoc-openapi-starter-webmvc-ui/2.1.0/springdoc-openapi-starter-webmvc-ui-2.1.0.jar (23 kB at 911 B/s)
#15 126.4 [INFO] Downloading from central: https://repo.maven.apache.org/maven2/io/swagger/core/v3/swagger-annotations-jakarta/2.2.9/swagger-annotations-jakarta-2.2.9.jar
#15 126.4 [INFO] Downloaded from central: https://repo.maven.apache.org/maven2/org/springdoc/springdoc-openapi-starter-webmvc-api/2.1.0/springdoc-openapi-starter-webmvc-api-2.1.0.jar (42 kB at 1.7 kB/s)
#15 126.4 [INFO] Downloading from central: https://repo.maven.apache.org/maven2/io/swagger/core/v3/swagger-models-jakarta/2.2.9/swagger-models-jakarta-2.2.9.jar
#15 126.7 [INFO] Downloaded from central: https://repo.maven.apache.org/maven2/com/github/jai-imageio/jai-imageio-core/1.4.0/jai-imageio-core-1.4.0.jar (628 kB at 24 kB/s)
#15 126.7 [INFO] Downloading from central: https://repo.maven.apache.org/maven2/com/fasterxml/jackson/dataformat/jackson-dataformat-yaml/2.15.3/jackson-dataformat-yaml-2.15.3.jar
#15 126.7 [INFO] Downloaded from central: https://repo.maven.apache.org/maven2/io/swagger/core/v3/swagger-annotations-jakarta/2.2.9/swagger-annotations-jakarta-2.2.9.jar (43 kB at 1.7 kB/s)
#15 126.7 [INFO] Downloading from central: https://repo.maven.apache.org/maven2/org/webjars/swagger-ui/4.18.2/swagger-ui-4.18.2.jar
#15 126.8 [INFO] Downloaded from central: https://repo.maven.apache.org/maven2/io/swagger/core/v3/swagger-models-jakarta/2.2.9/swagger-models-jakarta-2.2.9.jar (135 kB at 5.2 kB/s)
#15 126.8 [INFO] Downloading from central: https://repo.maven.apache.org/maven2/org/springframework/boot/spring-boot-devtools/3.2.1/spring-boot-devtools-3.2.1.jar
#15 126.8 [INFO] Downloaded from central: https://repo.maven.apache.org/maven2/io/swagger/core/v3/swagger-core-jakarta/2.2.9/swagger-core-jakarta-2.2.9.jar (212 kB at 8.2 kB/s)
#15 126.8 [INFO] Downloading from central: https://repo.maven.apache.org/maven2/org/springframework/boot/spring-boot/3.2.1/spring-boot-3.2.1.jar
#15 126.9 [INFO] Downloaded from central: https://repo.maven.apache.org/maven2/org/springdoc/springdoc-openapi-starter-common/2.1.0/springdoc-openapi-starter-common-2.1.0.jar (459 kB at 18 kB/s)
#15 126.9 [INFO] Downloading from central: https://repo.maven.apache.org/maven2/org/springframework/boot/spring-boot-autoconfigure/3.2.1/spring-boot-autoconfigure-3.2.1.jar
#15 126.9 [INFO] Downloaded from central: https://repo.maven.apache.org/maven2/com/fasterxml/jackson/dataformat/jackson-dataformat-yaml/2.15.3/jackson-dataformat-yaml-2.15.3.jar (55 kB at 2.1 kB/s)
#15 126.9 [INFO] Downloading from central: https://repo.maven.apache.org/maven2/org/springframework/boot/spring-boot-starter-test/3.2.1/spring-boot-starter-test-3.2.1.jar
#15 127.3 [INFO] Downloaded from central: https://repo.maven.apache.org/maven2/org/springframework/boot/spring-boot-starter-test/3.2.1/spring-boot-starter-test-3.2.1.jar (4.8 kB at 182 B/s)
#15 127.3 [INFO] Downloading from central: https://repo.maven.apache.org/maven2/org/springframework/boot/spring-boot-test/3.2.1/spring-boot-test-3.2.1.jar
#15 127.4 [INFO] Downloaded from central: https://repo.maven.apache.org/maven2/org/springframework/boot/spring-boot-devtools/3.2.1/spring-boot-devtools-3.2.1.jar (203 kB at 7.7 kB/s)
#15 127.4 [INFO] Downloading from central: https://repo.maven.apache.org/maven2/org/springframework/boot/spring-boot-test-autoconfigure/3.2.1/spring-boot-test-autoconfigure-3.2.1.jar
#15 128.2 [INFO] Downloaded from central: https://repo.maven.apache.org/maven2/org/springframework/boot/spring-boot-test-autoconfigure/3.2.1/spring-boot-test-autoconfigure-3.2.1.jar (219 kB at 8.1 kB/s)
#15 128.2 [INFO] Downloading from central: https://repo.maven.apache.org/maven2/com/jayway/jsonpath/json-path/2.8.0/json-path-2.8.0.jar
#15 128.2 [INFO] Downloaded from central: https://repo.maven.apache.org/maven2/org/springframework/boot/spring-boot-test/3.2.1/spring-boot-test-3.2.1.jar (245 kB at 9.0 kB/s)
#15 128.2 [INFO] Downloading from central: https://repo.maven.apache.org/maven2/jakarta/xml/bind/jakarta.xml.bind-api/4.0.1/jakarta.xml.bind-api-4.0.1.jar
#15 128.9 [INFO] Downloaded from central: https://repo.maven.apache.org/maven2/org/springframework/boot/spring-boot-autoconfigure/3.2.1/spring-boot-autoconfigure-3.2.1.jar (1.9 MB at 69 kB/s)
#15 128.9 [INFO] Downloading from central: https://repo.maven.apache.org/maven2/jakarta/activation/jakarta.activation-api/2.1.2/jakarta.activation-api-2.1.2.jar
#15 128.9 [INFO] Downloaded from central: https://repo.maven.apache.org/maven2/com/jayway/jsonpath/json-path/2.8.0/json-path-2.8.0.jar (278 kB at 10.0 kB/s)
#15 128.9 [INFO] Downloading from central: https://repo.maven.apache.org/maven2/net/minidev/json-smart/2.5.0/json-smart-2.5.0.jar
#15 128.9 [INFO] Downloaded from central: https://repo.maven.apache.org/maven2/jakarta/xml/bind/jakarta.xml.bind-api/4.0.1/jakarta.xml.bind-api-4.0.1.jar (130 kB at 4.7 kB/s)
#15 128.9 [INFO] Downloading from central: https://repo.maven.apache.org/maven2/net/minidev/accessors-smart/2.5.0/accessors-smart-2.5.0.jar
#15 129.1 [INFO] Downloaded from central: https://repo.maven.apache.org/maven2/jakarta/activation/jakarta.activation-api/2.1.2/jakarta.activation-api-2.1.2.jar (66 kB at 2.3 kB/s)
#15 129.1 [INFO] Downloading from central: https://repo.maven.apache.org/maven2/org/assertj/assertj-core/3.24.2/assertj-core-3.24.2.jar
#15 129.1 [INFO] Downloaded from central: https://repo.maven.apache.org/maven2/net/minidev/accessors-smart/2.5.0/accessors-smart-2.5.0.jar (30 kB at 1.1 kB/s)
#15 129.1 [INFO] Downloading from central: https://repo.maven.apache.org/maven2/org/awaitility/awaitility/4.2.0/awaitility-4.2.0.jar
#15 129.1 [INFO] Downloaded from central: https://repo.maven.apache.org/maven2/net/minidev/json-smart/2.5.0/json-smart-2.5.0.jar (120 kB at 4.3 kB/s)
#15 129.2 [INFO] Downloading from central: https://repo.maven.apache.org/maven2/org/hamcrest/hamcrest/2.2/hamcrest-2.2.jar
#15 129.2 [INFO] Downloaded from central: https://repo.maven.apache.org/maven2/org/springframework/boot/spring-boot/3.2.1/spring-boot-3.2.1.jar (1.6 MB at 57 kB/s)
#15 129.2 [INFO] Downloading from central: https://repo.maven.apache.org/maven2/org/junit/jupiter/junit-jupiter/5.10.1/junit-jupiter-5.10.1.jar
#15 129.3 [INFO] Downloaded from central: https://repo.maven.apache.org/maven2/org/junit/jupiter/junit-jupiter/5.10.1/junit-jupiter-5.10.1.jar (6.4 kB at 224 B/s)
#15 129.3 [INFO] Downloading from central: https://repo.maven.apache.org/maven2/org/junit/jupiter/junit-jupiter-api/5.10.1/junit-jupiter-api-5.10.1.jar
#15 129.4 [INFO] Downloaded from central: https://repo.maven.apache.org/maven2/org/webjars/swagger-ui/4.18.2/swagger-ui-4.18.2.jar (3.6 MB at 127 kB/s)
#15 129.4 [INFO] Downloading from central: https://repo.maven.apache.org/maven2/org/opentest4j/opentest4j/1.3.0/opentest4j-1.3.0.jar
#15 129.4 [INFO] Downloaded from central: https://repo.maven.apache.org/maven2/org/awaitility/awaitility/4.2.0/awaitility-4.2.0.jar (96 kB at 3.4 kB/s)
#15 129.4 [INFO] Downloading from central: https://repo.maven.apache.org/maven2/org/junit/platform/junit-platform-commons/1.10.1/junit-platform-commons-1.10.1.jar
#15 129.4 [INFO] Downloaded from central: https://repo.maven.apache.org/maven2/org/hamcrest/hamcrest/2.2/hamcrest-2.2.jar (123 kB at 4.3 kB/s)
#15 129.4 [INFO] Downloading from central: https://repo.maven.apache.org/maven2/org/apiguardian/apiguardian-api/1.1.2/apiguardian-api-1.1.2.jar
#15 129.5 [INFO] Downloaded from central: https://repo.maven.apache.org/maven2/org/opentest4j/opentest4j/1.3.0/opentest4j-1.3.0.jar (14 kB at 501 B/s)
#15 129.5 [INFO] Downloading from central: https://repo.maven.apache.org/maven2/org/junit/jupiter/junit-jupiter-params/5.10.1/junit-jupiter-params-5.10.1.jar
#15 129.6 [INFO] Downloaded from central: https://repo.maven.apache.org/maven2/org/apiguardian/apiguardian-api/1.1.2/apiguardian-api-1.1.2.jar (6.8 kB at 238 B/s)
#15 129.6 [INFO] Downloading from central: https://repo.maven.apache.org/maven2/org/junit/jupiter/junit-jupiter-engine/5.10.1/junit-jupiter-engine-5.10.1.jar
#15 129.7 [INFO] Downloaded from central: https://repo.maven.apache.org/maven2/org/junit/jupiter/junit-jupiter-api/5.10.1/junit-jupiter-api-5.10.1.jar (211 kB at 7.4 kB/s)
#15 129.7 [INFO] Downloading from central: https://repo.maven.apache.org/maven2/org/junit/platform/junit-platform-engine/1.10.1/junit-platform-engine-1.10.1.jar
#15 129.7 [INFO] Downloaded from central: https://repo.maven.apache.org/maven2/org/junit/platform/junit-platform-commons/1.10.1/junit-platform-commons-1.10.1.jar (106 kB at 3.7 kB/s)
#15 129.7 [INFO] Downloading from central: https://repo.maven.apache.org/maven2/org/mockito/mockito-core/5.7.0/mockito-core-5.7.0.jar
#15 130.1 [INFO] Downloaded from central: https://repo.maven.apache.org/maven2/org/junit/jupiter/junit-jupiter-engine/5.10.1/junit-jupiter-engine-5.10.1.jar (245 kB at 8.4 kB/s)
#15 130.1 [INFO] Downloading from central: https://repo.maven.apache.org/maven2/net/bytebuddy/byte-buddy-agent/1.14.10/byte-buddy-agent-1.14.10.jar
#15 130.1 [INFO] Downloaded from central: https://repo.maven.apache.org/maven2/org/junit/platform/junit-platform-engine/1.10.1/junit-platform-engine-1.10.1.jar (205 kB at 7.0 kB/s)
#15 130.1 [INFO] Downloading from central: https://repo.maven.apache.org/maven2/org/objenesis/objenesis/3.3/objenesis-3.3.jar
#15 130.1 [INFO] Downloaded from central: https://repo.maven.apache.org/maven2/org/junit/jupiter/junit-jupiter-params/5.10.1/junit-jupiter-params-5.10.1.jar (586 kB at 20 kB/s)
#15 130.1 [INFO] Downloading from central: https://repo.maven.apache.org/maven2/org/mockito/mockito-junit-jupiter/5.7.0/mockito-junit-jupiter-5.7.0.jar
#15 130.4 [INFO] Downloaded from central: https://repo.maven.apache.org/maven2/org/mockito/mockito-junit-jupiter/5.7.0/mockito-junit-jupiter-5.7.0.jar (8.8 kB at 300 B/s)
#15 130.4 [INFO] Downloading from central: https://repo.maven.apache.org/maven2/org/skyscreamer/jsonassert/1.5.1/jsonassert-1.5.1.jar
#15 130.4 [INFO] Downloaded from central: https://repo.maven.apache.org/maven2/org/objenesis/objenesis/3.3/objenesis-3.3.jar (49 kB at 1.7 kB/s)
#15 130.4 [INFO] Downloading from central: https://repo.maven.apache.org/maven2/com/vaadin/external/google/android-json/0.0.20131108.vaadin1/android-json-0.0.20131108.vaadin1.jar
#15 130.5 [INFO] Downloaded from central: https://repo.maven.apache.org/maven2/net/bytebuddy/byte-buddy-agent/1.14.10/byte-buddy-agent-1.14.10.jar (257 kB at 8.7 kB/s)
#15 130.5 [INFO] Downloading from central: https://repo.maven.apache.org/maven2/org/springframework/spring-core/6.1.2/spring-core-6.1.2.jar
#15 130.6 [INFO] Downloaded from central: https://repo.maven.apache.org/maven2/com/vaadin/external/google/android-json/0.0.20131108.vaadin1/android-json-0.0.20131108.vaadin1.jar (18 kB at 618 B/s)
#15 130.6 [INFO] Downloading from central: https://repo.maven.apache.org/maven2/org/springframework/spring-jcl/6.1.2/spring-jcl-6.1.2.jar
#15 130.6 [INFO] Downloaded from central: https://repo.maven.apache.org/maven2/org/skyscreamer/jsonassert/1.5.1/jsonassert-1.5.1.jar (31 kB at 1.0 kB/s)
#15 130.6 [INFO] Downloading from central: https://repo.maven.apache.org/maven2/org/springframework/spring-test/6.1.2/spring-test-6.1.2.jar
#15 130.8 [INFO] Downloaded from central: https://repo.maven.apache.org/maven2/org/springframework/spring-jcl/6.1.2/spring-jcl-6.1.2.jar (25 kB at 824 B/s)
#15 130.8 [INFO] Downloading from central: https://repo.maven.apache.org/maven2/org/xmlunit/xmlunit-core/2.9.1/xmlunit-core-2.9.1.jar
#15 130.8 [INFO] Downloaded from central: https://repo.maven.apache.org/maven2/org/assertj/assertj-core/3.24.2/assertj-core-3.24.2.jar (1.3 MB at 45 kB/s)
#15 130.8 [INFO] Downloaded from central: https://repo.maven.apache.org/maven2/org/mockito/mockito-core/5.7.0/mockito-core-5.7.0.jar (700 kB at 23 kB/s)
#15 131.1 [INFO] Downloaded from central: https://repo.maven.apache.org/maven2/org/xmlunit/xmlunit-core/2.9.1/xmlunit-core-2.9.1.jar (175 kB at 5.8 kB/s)
#15 131.4 [INFO] Downloaded from central: https://repo.maven.apache.org/maven2/org/springframework/spring-test/6.1.2/spring-test-6.1.2.jar (854 kB at 28 kB/s)
#15 131.9 [INFO] Downloaded from central: https://repo.maven.apache.org/maven2/org/springframework/spring-core/6.1.2/spring-core-6.1.2.jar (1.9 MB at 61 kB/s)
#15 132.1 [INFO] 
#15 132.1 [INFO] --- maven-resources-plugin:3.3.1:resources (default-resources) @ emp_backend_2fa ---
#15 132.2 [INFO] Downloading from central: https://repo.maven.apache.org/maven2/org/codehaus/plexus/plexus-interpolation/1.26/plexus-interpolation-1.26.pom
#15 132.3 [INFO] Downloaded from central: https://repo.maven.apache.org/maven2/org/codehaus/plexus/plexus-interpolation/1.26/plexus-interpolation-1.26.pom (2.7 kB at 18 kB/s)
#15 132.3 [INFO] Downloading from central: https://repo.maven.apache.org/maven2/org/codehaus/plexus/plexus/5.1/plexus-5.1.pom
#15 132.5 [INFO] Downloaded from central: https://repo.maven.apache.org/maven2/org/codehaus/plexus/plexus/5.1/plexus-5.1.pom (23 kB at 154 kB/s)
#15 132.5 [INFO] Downloading from central: https://repo.maven.apache.org/maven2/org/codehaus/plexus/plexus-utils/3.5.1/plexus-utils-3.5.1.pom
#15 132.6 [INFO] Downloaded from central: https://repo.maven.apache.org/maven2/org/codehaus/plexus/plexus-utils/3.5.1/plexus-utils-3.5.1.pom (8.8 kB at 64 kB/s)
#15 132.6 [INFO] Downloading from central: https://repo.maven.apache.org/maven2/org/codehaus/plexus/plexus/10/plexus-10.pom
#15 132.8 [INFO] Downloaded from central: https://repo.maven.apache.org/maven2/org/codehaus/plexus/plexus/10/plexus-10.pom (25 kB at 152 kB/s)
#15 132.8 [INFO] Downloading from central: https://repo.maven.apache.org/maven2/org/apache/maven/shared/maven-filtering/3.3.1/maven-filtering-3.3.1.pom
#15 133.0 [INFO] Downloaded from central: https://repo.maven.apache.org/maven2/org/apache/maven/shared/maven-filtering/3.3.1/maven-filtering-3.3.1.pom (6.0 kB at 34 kB/s)
#15 133.0 [INFO] Downloading from central: https://repo.maven.apache.org/maven2/org/apache/maven/shared/maven-shared-components/39/maven-shared-components-39.pom
#15 133.2 [INFO] Downloaded from central: https://repo.maven.apache.org/maven2/org/apache/maven/shared/maven-shared-components/39/maven-shared-components-39.pom (3.2 kB at 19 kB/s)
#15 133.2 [INFO] Downloading from central: https://repo.maven.apache.org/maven2/javax/inject/javax.inject/1/javax.inject-1.pom
#15 133.4 [INFO] Downloaded from central: https://repo.maven.apache.org/maven2/javax/inject/javax.inject/1/javax.inject-1.pom (612 B at 3.5 kB/s)
#15 133.4 [INFO] Downloading from central: https://repo.maven.apache.org/maven2/org/slf4j/slf4j-api/1.7.36/slf4j-api-1.7.36.pom
#15 133.6 [INFO] Downloaded from central: https://repo.maven.apache.org/maven2/org/slf4j/slf4j-api/1.7.36/slf4j-api-1.7.36.pom (2.7 kB at 19 kB/s)
#15 133.6 [INFO] Downloading from central: https://repo.maven.apache.org/maven2/org/slf4j/slf4j-parent/1.7.36/slf4j-parent-1.7.36.pom
#15 133.7 [INFO] Downloaded from central: https://repo.maven.apache.org/maven2/org/slf4j/slf4j-parent/1.7.36/slf4j-parent-1.7.36.pom (14 kB at 82 kB/s)
#15 133.8 [INFO] Downloading from central: https://repo.maven.apache.org/maven2/org/sonatype/plexus/plexus-build-api/0.0.7/plexus-build-api-0.0.7.pom
#15 133.9 [INFO] Downloaded from central: https://repo.maven.apache.org/maven2/org/sonatype/plexus/plexus-build-api/0.0.7/plexus-build-api-0.0.7.pom (3.2 kB at 22 kB/s)
#15 133.9 [INFO] Downloading from central: https://repo.maven.apache.org/maven2/org/sonatype/spice/spice-parent/15/spice-parent-15.pom
#15 134.1 [INFO] Downloaded from central: https://repo.maven.apache.org/maven2/org/sonatype/spice/spice-parent/15/spice-parent-15.pom (8.4 kB at 51 kB/s)
#15 134.1 [INFO] Downloading from central: https://repo.maven.apache.org/maven2/org/sonatype/forge/forge-parent/5/forge-parent-5.pom
#15 134.3 [INFO] Downloaded from central: https://repo.maven.apache.org/maven2/org/sonatype/forge/forge-parent/5/forge-parent-5.pom (8.4 kB at 52 kB/s)
#15 134.3 [INFO] Downloading from central: https://repo.maven.apache.org/maven2/org/codehaus/plexus/plexus-utils/3.5.0/plexus-utils-3.5.0.pom
#15 134.4 [INFO] Downloaded from central: https://repo.maven.apache.org/maven2/org/codehaus/plexus/plexus-utils/3.5.0/plexus-utils-3.5.0.pom (8.0 kB at 56 kB/s)
#15 134.5 [INFO] Downloading from central: https://repo.maven.apache.org/maven2/org/apache/commons/commons-lang3/3.12.0/commons-lang3-3.12.0.pom
#15 134.6 [INFO] Downloaded from central: https://repo.maven.apache.org/maven2/org/apache/commons/commons-lang3/3.12.0/commons-lang3-3.12.0.pom (31 kB at 194 kB/s)
#15 134.6 [INFO] Downloading from central: https://repo.maven.apache.org/maven2/org/junit/junit-bom/5.7.1/junit-bom-5.7.1.pom
#15 134.8 [INFO] Downloaded from central: https://repo.maven.apache.org/maven2/org/junit/junit-bom/5.7.1/junit-bom-5.7.1.pom (5.1 kB at 34 kB/s)
#15 134.8 [INFO] Downloading from central: https://repo.maven.apache.org/maven2/org/codehaus/plexus/plexus-interpolation/1.26/plexus-interpolation-1.26.jar
#15 134.8 [INFO] Downloading from central: https://repo.maven.apache.org/maven2/org/codehaus/plexus/plexus-utils/3.5.1/plexus-utils-3.5.1.jar
#15 134.8 [INFO] Downloading from central: https://repo.maven.apache.org/maven2/org/apache/maven/shared/maven-filtering/3.3.1/maven-filtering-3.3.1.jar
#15 134.8 [INFO] Downloading from central: https://repo.maven.apache.org/maven2/javax/inject/javax.inject/1/javax.inject-1.jar
#15 134.8 [INFO] Downloading from central: https://repo.maven.apache.org/maven2/org/slf4j/slf4j-api/1.7.36/slf4j-api-1.7.36.jar
#15 135.1 [INFO] Downloaded from central: https://repo.maven.apache.org/maven2/javax/inject/javax.inject/1/javax.inject-1.jar (2.5 kB at 8.9 kB/s)
#15 135.1 [INFO] Downloading from central: https://repo.maven.apache.org/maven2/org/sonatype/plexus/plexus-build-api/0.0.7/plexus-build-api-0.0.7.jar
#15 135.1 [INFO] Downloaded from central: https://repo.maven.apache.org/maven2/org/apache/maven/shared/maven-filtering/3.3.1/maven-filtering-3.3.1.jar (55 kB at 195 kB/s)
#15 135.1 [INFO] Downloading from central: https://repo.maven.apache.org/maven2/commons-io/commons-io/2.11.0/commons-io-2.11.0.jar
#15 135.1 [INFO] Downloaded from central: https://repo.maven.apache.org/maven2/org/codehaus/plexus/plexus-interpolation/1.26/plexus-interpolation-1.26.jar (85 kB at 277 kB/s)
#15 135.1 [INFO] Downloading from central: https://repo.maven.apache.org/maven2/org/apache/commons/commons-lang3/3.12.0/commons-lang3-3.12.0.jar
#15 135.1 [INFO] Downloaded from central: https://repo.maven.apache.org/maven2/org/slf4j/slf4j-api/1.7.36/slf4j-api-1.7.36.jar (41 kB at 133 kB/s)
#15 135.1 [INFO] Downloaded from central: https://repo.maven.apache.org/maven2/org/codehaus/plexus/plexus-utils/3.5.1/plexus-utils-3.5.1.jar (269 kB at 792 kB/s)
#15 135.2 [INFO] Downloaded from central: https://repo.maven.apache.org/maven2/org/sonatype/plexus/plexus-build-api/0.0.7/plexus-build-api-0.0.7.jar (8.5 kB at 19 kB/s)
#15 135.4 [INFO] Downloaded from central: https://repo.maven.apache.org/maven2/commons-io/commons-io/2.11.0/commons-io-2.11.0.jar (327 kB at 494 kB/s)
#15 135.6 [INFO] Downloaded from central: https://repo.maven.apache.org/maven2/org/apache/commons/commons-lang3/3.12.0/commons-lang3-3.12.0.jar (587 kB at 724 kB/s)
#15 135.8 [INFO] Copying 1 resource from src/main/resources to target/classes
#15 135.8 [INFO] Copying 1 resource from src/main/resources to target/classes
#15 135.8 [INFO] 
#15 135.8 [INFO] --- maven-compiler-plugin:3.11.0:compile (default-compile) @ emp_backend_2fa ---
#15 135.8 [INFO] Downloading from central: https://repo.maven.apache.org/maven2/org/apache/maven/shared/maven-shared-utils/3.3.4/maven-shared-utils-3.3.4.pom
#15 136.0 [INFO] Downloaded from central: https://repo.maven.apache.org/maven2/org/apache/maven/shared/maven-shared-utils/3.3.4/maven-shared-utils-3.3.4.pom (5.8 kB at 45 kB/s)
#15 136.0 [INFO] Downloading from central: https://repo.maven.apache.org/maven2/org/apache/maven/shared/maven-shared-components/34/maven-shared-components-34.pom
#15 136.1 [INFO] Downloaded from central: https://repo.maven.apache.org/maven2/org/apache/maven/shared/maven-shared-components/34/maven-shared-components-34.pom (5.1 kB at 35 kB/s)
#15 136.1 [INFO] Downloading from central: https://repo.maven.apache.org/maven2/org/apache/maven/maven-parent/34/maven-parent-34.pom
#15 136.3 [INFO] Downloaded from central: https://repo.maven.apache.org/maven2/org/apache/maven/maven-parent/34/maven-parent-34.pom (43 kB at 229 kB/s)
#15 136.3 [INFO] Downloading from central: https://repo.maven.apache.org/maven2/commons-io/commons-io/2.6/commons-io-2.6.pom
#15 136.5 [INFO] Downloaded from central: https://repo.maven.apache.org/maven2/commons-io/commons-io/2.6/commons-io-2.6.pom (14 kB at 85 kB/s)
#15 136.5 [INFO] Downloading from central: https://repo.maven.apache.org/maven2/org/apache/commons/commons-parent/42/commons-parent-42.pom
#15 136.7 [INFO] Downloaded from central: https://repo.maven.apache.org/maven2/org/apache/commons/commons-parent/42/commons-parent-42.pom (68 kB at 327 kB/s)
#15 136.8 [INFO] Downloading from central: https://repo.maven.apache.org/maven2/org/apache/maven/shared/maven-shared-incremental/1.1/maven-shared-incremental-1.1.pom
#15 137.0 [INFO] Downloaded from central: https://repo.maven.apache.org/maven2/org/apache/maven/shared/maven-shared-incremental/1.1/maven-shared-incremental-1.1.pom (4.7 kB at 26 kB/s)
#15 137.0 [INFO] Downloading from central: https://repo.maven.apache.org/maven2/org/apache/maven/shared/maven-shared-components/19/maven-shared-components-19.pom
#15 137.1 [INFO] Downloaded from central: https://repo.maven.apache.org/maven2/org/apache/maven/shared/maven-shared-components/19/maven-shared-components-19.pom (6.4 kB at 44 kB/s)
#15 137.1 [INFO] Downloading from central: https://repo.maven.apache.org/maven2/org/apache/maven/maven-parent/23/maven-parent-23.pom
#15 137.3 [INFO] Downloaded from central: https://repo.maven.apache.org/maven2/org/apache/maven/maven-parent/23/maven-parent-23.pom (33 kB at 193 kB/s)
#15 137.3 [INFO] Downloading from central: https://repo.maven.apache.org/maven2/org/codehaus/plexus/plexus-component-annotations/1.5.5/plexus-component-annotations-1.5.5.pom
#15 137.5 [INFO] Downloaded from central: https://repo.maven.apache.org/maven2/org/codehaus/plexus/plexus-component-annotations/1.5.5/plexus-component-annotations-1.5.5.pom (815 B at 5.1 kB/s)
#15 137.5 [INFO] Downloading from central: https://repo.maven.apache.org/maven2/org/codehaus/plexus/plexus-containers/1.5.5/plexus-containers-1.5.5.pom
#15 137.7 [INFO] Downloaded from central: https://repo.maven.apache.org/maven2/org/codehaus/plexus/plexus-containers/1.5.5/plexus-containers-1.5.5.pom (4.2 kB at 27 kB/s)
#15 137.7 [INFO] Downloading from central: https://repo.maven.apache.org/maven2/org/codehaus/plexus/plexus/2.0.7/plexus-2.0.7.pom
#15 137.8 [INFO] Downloaded from central: https://repo.maven.apache.org/maven2/org/codehaus/plexus/plexus/2.0.7/plexus-2.0.7.pom (17 kB at 106 kB/s)
#15 137.9 [INFO] Downloading from central: https://repo.maven.apache.org/maven2/org/codehaus/plexus/plexus-java/1.1.2/plexus-java-1.1.2.pom
#15 138.0 [INFO] Downloaded from central: https://repo.maven.apache.org/maven2/org/codehaus/plexus/plexus-java/1.1.2/plexus-java-1.1.2.pom (5.0 kB at 31 kB/s)
#15 138.0 [INFO] Downloading from central: https://repo.maven.apache.org/maven2/org/codehaus/plexus/plexus-languages/1.1.2/plexus-languages-1.1.2.pom
#15 138.2 [INFO] Downloaded from central: https://repo.maven.apache.org/maven2/org/codehaus/plexus/plexus-languages/1.1.2/plexus-languages-1.1.2.pom (4.1 kB at 26 kB/s)
#15 138.2 [INFO] Downloading from central: https://repo.maven.apache.org/maven2/org/ow2/asm/asm/9.4/asm-9.4.pom
#15 138.4 [INFO] Downloaded from central: https://repo.maven.apache.org/maven2/org/ow2/asm/asm/9.4/asm-9.4.pom (2.4 kB at 17 kB/s)
#15 138.4 [INFO] Downloading from central: https://repo.maven.apache.org/maven2/com/thoughtworks/qdox/qdox/2.0.3/qdox-2.0.3.pom
#15 138.5 [INFO] Downloaded from central: https://repo.maven.apache.org/maven2/com/thoughtworks/qdox/qdox/2.0.3/qdox-2.0.3.pom (17 kB at 112 kB/s)
#15 138.5 [INFO] Downloading from central: https://repo.maven.apache.org/maven2/org/codehaus/plexus/plexus-compiler-api/2.13.0/plexus-compiler-api-2.13.0.pom
#15 138.7 [INFO] Downloaded from central: https://repo.maven.apache.org/maven2/org/codehaus/plexus/plexus-compiler-api/2.13.0/plexus-compiler-api-2.13.0.pom (1.1 kB at 7.2 kB/s)
#15 138.7 [INFO] Downloading from central: https://repo.maven.apache.org/maven2/org/codehaus/plexus/plexus-compiler/2.13.0/plexus-compiler-2.13.0.pom
#15 138.8 [INFO] Downloaded from central: https://repo.maven.apache.org/maven2/org/codehaus/plexus/plexus-compiler/2.13.0/plexus-compiler-2.13.0.pom (8.4 kB at 54 kB/s)
#15 138.8 [INFO] Downloading from central: https://repo.maven.apache.org/maven2/org/codehaus/plexus/plexus-components/10.0/plexus-components-10.0.pom
#15 139.0 [INFO] Downloaded from central: https://repo.maven.apache.org/maven2/org/codehaus/plexus/plexus-components/10.0/plexus-components-10.0.pom (2.7 kB at 19 kB/s)
#15 139.0 [INFO] Downloading from central: https://repo.maven.apache.org/maven2/org/codehaus/plexus/plexus-compiler-manager/2.13.0/plexus-compiler-manager-2.13.0.pom
#15 139.2 [INFO] Downloaded from central: https://repo.maven.apache.org/maven2/org/codehaus/plexus/plexus-compiler-manager/2.13.0/plexus-compiler-manager-2.13.0.pom (1.1 kB at 6.8 kB/s)
#15 139.2 [INFO] Downloading from central: https://repo.maven.apache.org/maven2/org/codehaus/plexus/plexus-component-annotations/2.1.1/plexus-component-annotations-2.1.1.pom
#15 139.4 [INFO] Downloaded from central: https://repo.maven.apache.org/maven2/org/codehaus/plexus/plexus-component-annotations/2.1.1/plexus-component-annotations-2.1.1.pom (770 B at 3.6 kB/s)
#15 139.4 [INFO] Downloading from central: https://repo.maven.apache.org/maven2/org/codehaus/plexus/plexus-containers/2.1.1/plexus-containers-2.1.1.pom
#15 139.5 [INFO] Downloaded from central: https://repo.maven.apache.org/maven2/org/codehaus/plexus/plexus-containers/2.1.1/plexus-containers-2.1.1.pom (6.0 kB at 41 kB/s)
#15 139.5 [INFO] Downloading from central: https://repo.maven.apache.org/maven2/org/codehaus/plexus/plexus/6.5/plexus-6.5.pom
#15 139.7 [INFO] Downloaded from central: https://repo.maven.apache.org/maven2/org/codehaus/plexus/plexus/6.5/plexus-6.5.pom (26 kB at 129 kB/s)
#15 139.7 [INFO] Downloading from central: https://repo.maven.apache.org/maven2/org/codehaus/plexus/plexus-compiler-javac/2.13.0/plexus-compiler-javac-2.13.0.pom
#15 139.9 [INFO] Downloaded from central: https://repo.maven.apache.org/maven2/org/codehaus/plexus/plexus-compiler-javac/2.13.0/plexus-compiler-javac-2.13.0.pom (1.2 kB at 7.8 kB/s)
#15 139.9 [INFO] Downloading from central: https://repo.maven.apache.org/maven2/org/codehaus/plexus/plexus-compilers/2.13.0/plexus-compilers-2.13.0.pom
#15 140.1 [INFO] Downloaded from central: https://repo.maven.apache.org/maven2/org/codehaus/plexus/plexus-compilers/2.13.0/plexus-compilers-2.13.0.pom (1.3 kB at 8.6 kB/s)
#15 140.1 [INFO] Downloading from central: https://repo.maven.apache.org/maven2/org/apache/maven/shared/maven-shared-utils/3.3.4/maven-shared-utils-3.3.4.jar
#15 140.1 [INFO] Downloading from central: https://repo.maven.apache.org/maven2/commons-io/commons-io/2.6/commons-io-2.6.jar
#15 140.1 [INFO] Downloading from central: https://repo.maven.apache.org/maven2/org/apache/maven/shared/maven-shared-incremental/1.1/maven-shared-incremental-1.1.jar
#15 140.1 [INFO] Downloading from central: https://repo.maven.apache.org/maven2/org/codehaus/plexus/plexus-java/1.1.2/plexus-java-1.1.2.jar
#15 140.1 [INFO] Downloading from central: https://repo.maven.apache.org/maven2/org/codehaus/plexus/plexus-component-annotations/1.5.5/plexus-component-annotations-1.5.5.jar
#15 140.3 [INFO] Downloaded from central: https://repo.maven.apache.org/maven2/org/codehaus/plexus/plexus-component-annotations/1.5.5/plexus-component-annotations-1.5.5.jar (4.2 kB at 20 kB/s)
#15 140.3 [INFO] Downloading from central: https://repo.maven.apache.org/maven2/org/ow2/asm/asm/9.4/asm-9.4.jar
#15 140.3 [INFO] Downloaded from central: https://repo.maven.apache.org/maven2/org/apache/maven/shared/maven-shared-incremental/1.1/maven-shared-incremental-1.1.jar (14 kB at 65 kB/s)
#15 140.3 [INFO] Downloading from central: https://repo.maven.apache.org/maven2/com/thoughtworks/qdox/qdox/2.0.3/qdox-2.0.3.jar
#15 140.4 [INFO] Downloaded from central: https://repo.maven.apache.org/maven2/org/apache/maven/shared/maven-shared-utils/3.3.4/maven-shared-utils-3.3.4.jar (153 kB at 576 kB/s)
#15 140.4 [INFO] Downloaded from central: https://repo.maven.apache.org/maven2/org/codehaus/plexus/plexus-java/1.1.2/plexus-java-1.1.2.jar (55 kB at 212 kB/s)
#15 140.4 [INFO] Downloading from central: https://repo.maven.apache.org/maven2/org/codehaus/plexus/plexus-utils/3.5.0/plexus-utils-3.5.0.jar
#15 140.4 [INFO] Downloading from central: https://repo.maven.apache.org/maven2/org/codehaus/plexus/plexus-compiler-api/2.13.0/plexus-compiler-api-2.13.0.jar
#15 140.4 [INFO] Downloaded from central: https://repo.maven.apache.org/maven2/commons-io/commons-io/2.6/commons-io-2.6.jar (215 kB at 728 kB/s)
#15 140.4 [INFO] Downloading from central: https://repo.maven.apache.org/maven2/org/codehaus/plexus/plexus-compiler-manager/2.13.0/plexus-compiler-manager-2.13.0.jar
#15 140.5 [INFO] Downloaded from central: https://repo.maven.apache.org/maven2/org/codehaus/plexus/plexus-compiler-manager/2.13.0/plexus-compiler-manager-2.13.0.jar (4.7 kB at 10 kB/s)
#15 140.5 [INFO] Downloading from central: https://repo.maven.apache.org/maven2/org/codehaus/plexus/plexus-compiler-javac/2.13.0/plexus-compiler-javac-2.13.0.jar
#15 140.6 [INFO] Downloaded from central: https://repo.maven.apache.org/maven2/org/codehaus/plexus/plexus-compiler-api/2.13.0/plexus-compiler-api-2.13.0.jar (27 kB at 54 kB/s)
#15 140.6 [INFO] Downloaded from central: https://repo.maven.apache.org/maven2/org/ow2/asm/asm/9.4/asm-9.4.jar (122 kB at 242 kB/s)
#15 140.7 [INFO] Downloaded from central: https://repo.maven.apache.org/maven2/org/codehaus/plexus/plexus-compiler-javac/2.13.0/plexus-compiler-javac-2.13.0.jar (23 kB at 38 kB/s)
#15 140.7 [INFO] Downloaded from central: https://repo.maven.apache.org/maven2/org/codehaus/plexus/plexus-utils/3.5.0/plexus-utils-3.5.0.jar (267 kB at 423 kB/s)
#15 140.7 [INFO] Downloaded from central: https://repo.maven.apache.org/maven2/com/thoughtworks/qdox/qdox/2.0.3/qdox-2.0.3.jar (334 kB at 517 kB/s)
#15 140.9 [INFO] Changes detected - recompiling the module! :dependency
#15 140.9 [INFO] Compiling 26 source files with javac [debug release 17] to target/classes
#15 147.9 [INFO] /workspace/src/main/java/com/example/demo/service/AIParsingService.java: /workspace/src/main/java/com/example/demo/service/AIParsingService.java uses or overrides a deprecated API.
#15 147.9 [INFO] /workspace/src/main/java/com/example/demo/service/AIParsingService.java: Recompile with -Xlint:deprecation for details.
#15 147.9 [INFO] /workspace/src/main/java/com/example/demo/controller/EmployeeController.java: /workspace/src/main/java/com/example/demo/controller/EmployeeController.java uses unchecked or unsafe operations.
#15 147.9 [INFO] /workspace/src/main/java/com/example/demo/controller/EmployeeController.java: Recompile with -Xlint:unchecked for details.
#15 147.9 [INFO] 
#15 147.9 [INFO] --- maven-resources-plugin:3.3.1:testResources (default-testResources) @ emp_backend_2fa ---
#15 147.9 [INFO] skip non existing resourceDirectory /workspace/src/test/resources
#15 147.9 [INFO] 
#15 147.9 [INFO] --- maven-compiler-plugin:3.11.0:testCompile (default-testCompile) @ emp_backend_2fa ---
#15 148.0 [INFO] Changes detected - recompiling the module! :dependency
#15 148.0 [INFO] Compiling 1 source file with javac [debug release 17] to target/test-classes
#15 149.0 [INFO] 
#15 149.0 [INFO] --- maven-surefire-plugin:3.1.2:test (default-test) @ emp_backend_2fa ---
#15 149.0 [INFO] Downloading from central: https://repo.maven.apache.org/maven2/org/apache/maven/surefire/maven-surefire-common/3.1.2/maven-surefire-common-3.1.2.pom
#15 149.2 [INFO] Downloaded from central: https://repo.maven.apache.org/maven2/org/apache/maven/surefire/maven-surefire-common/3.1.2/maven-surefire-common-3.1.2.pom (6.1 kB at 40 kB/s)
#15 149.2 [INFO] Downloading from central: https://repo.maven.apache.org/maven2/org/apache/maven/surefire/surefire-api/3.1.2/surefire-api-3.1.2.pom
#15 149.3 [INFO] Downloaded from central: https://repo.maven.apache.org/maven2/org/apache/maven/surefire/surefire-api/3.1.2/surefire-api-3.1.2.pom (3.5 kB at 25 kB/s)
#15 149.4 [INFO] Downloading from central: https://repo.maven.apache.org/maven2/org/apache/maven/surefire/surefire-logger-api/3.1.2/surefire-logger-api-3.1.2.pom
#15 149.5 [INFO] Downloaded from central: https://repo.maven.apache.org/maven2/org/apache/maven/surefire/surefire-logger-api/3.1.2/surefire-logger-api-3.1.2.pom (3.3 kB at 24 kB/s)
#15 149.5 [INFO] Downloading from central: https://repo.maven.apache.org/maven2/org/apache/maven/surefire/surefire-shared-utils/3.1.2/surefire-shared-utils-3.1.2.pom
#15 149.6 [INFO] Downloaded from central: https://repo.maven.apache.org/maven2/org/apache/maven/surefire/surefire-shared-utils/3.1.2/surefire-shared-utils-3.1.2.pom (4.1 kB at 28 kB/s)
#15 149.7 [INFO] Downloading from central: https://repo.maven.apache.org/maven2/org/apache/maven/surefire/surefire-extensions-api/3.1.2/surefire-extensions-api-3.1.2.pom
#15 149.8 [INFO] Downloaded from central: https://repo.maven.apache.org/maven2/org/apache/maven/surefire/surefire-extensions-api/3.1.2/surefire-extensions-api-3.1.2.pom (3.3 kB at 23 kB/s)
#15 149.8 [INFO] Downloading from central: https://repo.maven.apache.org/maven2/org/apache/maven/surefire/surefire-booter/3.1.2/surefire-booter-3.1.2.pom
#15 150.0 [INFO] Downloaded from central: https://repo.maven.apache.org/maven2/org/apache/maven/surefire/surefire-booter/3.1.2/surefire-booter-3.1.2.pom (4.5 kB at 31 kB/s)
#15 150.0 [INFO] Downloading from central: https://repo.maven.apache.org/maven2/org/apache/maven/surefire/surefire-extensions-spi/3.1.2/surefire-extensions-spi-3.1.2.pom
#15 150.1 [INFO] Downloaded from central: https://repo.maven.apache.org/maven2/org/apache/maven/surefire/surefire-extensions-spi/3.1.2/surefire-extensions-spi-3.1.2.pom (1.8 kB at 12 kB/s)
#15 150.1 [INFO] Downloading from central: https://repo.maven.apache.org/maven2/org/eclipse/aether/aether-util/1.0.0.v20140518/aether-util-1.0.0.v20140518.pom
#15 150.3 [INFO] Downloaded from central: https://repo.maven.apache.org/maven2/org/eclipse/aether/aether-util/1.0.0.v20140518/aether-util-1.0.0.v20140518.pom (2.2 kB at 14 kB/s)
#15 150.3 [INFO] Downloading from central: https://repo.maven.apache.org/maven2/org/eclipse/aether/aether/1.0.0.v20140518/aether-1.0.0.v20140518.pom
#15 150.5 [INFO] Downloaded from central: https://repo.maven.apache.org/maven2/org/eclipse/aether/aether/1.0.0.v20140518/aether-1.0.0.v20140518.pom (30 kB at 196 kB/s)
#15 150.5 [INFO] Downloading from central: https://repo.maven.apache.org/maven2/org/eclipse/aether/aether-api/1.0.0.v20140518/aether-api-1.0.0.v20140518.pom
#15 150.6 [INFO] Downloaded from central: https://repo.maven.apache.org/maven2/org/eclipse/aether/aether-api/1.0.0.v20140518/aether-api-1.0.0.v20140518.pom (1.9 kB at 12 kB/s)
#15 150.7 [INFO] Downloading from central: https://repo.maven.apache.org/maven2/org/apache/maven/shared/maven-common-artifact-filters/3.1.1/maven-common-artifact-filters-3.1.1.pom
#15 150.8 [INFO] Downloaded from central: https://repo.maven.apache.org/maven2/org/apache/maven/shared/maven-common-artifact-filters/3.1.1/maven-common-artifact-filters-3.1.1.pom (5.8 kB at 34 kB/s)
#15 150.9 [INFO] Downloading from central: https://repo.maven.apache.org/maven2/org/apache/maven/maven-artifact/3.2.5/maven-artifact-3.2.5.pom
#15 151.0 [INFO] Downloaded from central: https://repo.maven.apache.org/maven2/org/apache/maven/maven-artifact/3.2.5/maven-artifact-3.2.5.pom (2.3 kB at 16 kB/s)
#15 151.0 [INFO] Downloading from central: https://repo.maven.apache.org/maven2/org/apache/maven/maven/3.2.5/maven-3.2.5.pom
#15 151.2 [INFO] Downloaded from central: https://repo.maven.apache.org/maven2/org/apache/maven/maven/3.2.5/maven-3.2.5.pom (22 kB at 151 kB/s)
#15 151.2 [INFO] Downloading from central: https://repo.maven.apache.org/maven2/org/apache/maven/maven-parent/25/maven-parent-25.pom
#15 151.4 [INFO] Downloaded from central: https://repo.maven.apache.org/maven2/org/apache/maven/maven-parent/25/maven-parent-25.pom (37 kB at 218 kB/s)
#15 151.4 [INFO] Downloading from central: https://repo.maven.apache.org/maven2/org/apache/maven/maven-core/3.2.5/maven-core-3.2.5.pom
#15 151.6 [INFO] Downloaded from central: https://repo.maven.apache.org/maven2/org/apache/maven/maven-core/3.2.5/maven-core-3.2.5.pom (8.1 kB at 51 kB/s)
#15 151.6 [INFO] Downloading from central: https://repo.maven.apache.org/maven2/org/apache/maven/maven-settings/3.2.5/maven-settings-3.2.5.pom
#15 151.7 [INFO] Downloaded from central: https://repo.maven.apache.org/maven2/org/apache/maven/maven-settings/3.2.5/maven-settings-3.2.5.pom (2.2 kB at 14 kB/s)
#15 151.8 [INFO] Downloading from central: https://repo.maven.apache.org/maven2/org/apache/maven/maven-settings-builder/3.2.5/maven-settings-builder-3.2.5.pom
#15 151.9 [INFO] Downloaded from central: https://repo.maven.apache.org/maven2/org/apache/maven/maven-settings-builder/3.2.5/maven-settings-builder-3.2.5.pom (2.6 kB at 16 kB/s)
#15 152.0 [INFO] Downloading from central: https://repo.maven.apache.org/maven2/org/codehaus/plexus/plexus-interpolation/1.21/plexus-interpolation-1.21.pom
#15 152.1 [INFO] Downloaded from central: https://repo.maven.apache.org/maven2/org/codehaus/plexus/plexus-interpolation/1.21/plexus-interpolation-1.21.pom (1.5 kB at 9.0 kB/s)
#15 152.1 [INFO] Downloading from central: https://repo.maven.apache.org/maven2/org/codehaus/plexus/plexus-components/1.3.1/plexus-components-1.3.1.pom
#15 152.3 [INFO] Downloaded from central: https://repo.maven.apache.org/maven2/org/codehaus/plexus/plexus-components/1.3.1/plexus-components-1.3.1.pom (3.1 kB at 18 kB/s)
#15 152.3 [INFO] Downloading from central: https://repo.maven.apache.org/maven2/org/codehaus/plexus/plexus/3.3.1/plexus-3.3.1.pom
#15 152.5 [INFO] Downloaded from central: https://repo.maven.apache.org/maven2/org/codehaus/plexus/plexus/3.3.1/plexus-3.3.1.pom (20 kB at 141 kB/s)
#15 152.5 [INFO] Downloading from central: https://repo.maven.apache.org/maven2/org/sonatype/spice/spice-parent/17/spice-parent-17.pom
#15 152.7 [INFO] Downloaded from central: https://repo.maven.apache.org/maven2/org/sonatype/spice/spice-parent/17/spice-parent-17.pom (6.8 kB at 40 kB/s)
#15 152.7 [INFO] Downloading from central: https://repo.maven.apache.org/maven2/org/sonatype/forge/forge-parent/10/forge-parent-10.pom
#15 152.8 [INFO] Downloaded from central: https://repo.maven.apache.org/maven2/org/sonatype/forge/forge-parent/10/forge-parent-10.pom (14 kB at 85 kB/s)
#15 152.9 [INFO] Downloading from central: https://repo.maven.apache.org/maven2/org/sonatype/plexus/plexus-sec-dispatcher/1.3/plexus-sec-dispatcher-1.3.pom
#15 153.0 [INFO] Downloaded from central: https://repo.maven.apache.org/maven2/org/sonatype/plexus/plexus-sec-dispatcher/1.3/plexus-sec-dispatcher-1.3.pom (3.0 kB at 19 kB/s)
#15 153.0 [INFO] Downloading from central: https://repo.maven.apache.org/maven2/org/sonatype/spice/spice-parent/12/spice-parent-12.pom
#15 153.2 [INFO] Downloaded from central: https://repo.maven.apache.org/maven2/org/sonatype/spice/spice-parent/12/spice-parent-12.pom (6.8 kB at 44 kB/s)
#15 153.2 [INFO] Downloading from central: https://repo.maven.apache.org/maven2/org/sonatype/forge/forge-parent/4/forge-parent-4.pom
#15 153.4 [INFO] Downloaded from central: https://repo.maven.apache.org/maven2/org/sonatype/forge/forge-parent/4/forge-parent-4.pom (8.4 kB at 58 kB/s)
#15 153.4 [INFO] Downloading from central: https://repo.maven.apache.org/maven2/org/sonatype/plexus/plexus-cipher/1.4/plexus-cipher-1.4.pom
#15 153.6 [INFO] Downloaded from central: https://repo.maven.apache.org/maven2/org/sonatype/plexus/plexus-cipher/1.4/plexus-cipher-1.4.pom (2.1 kB at 13 kB/s)
#15 153.6 [INFO] Downloading from central: https://repo.maven.apache.org/maven2/org/apache/maven/maven-repository-metadata/3.2.5/maven-repository-metadata-3.2.5.pom
#15 153.7 [INFO] Downloaded from central: https://repo.maven.apache.org/maven2/org/apache/maven/maven-repository-metadata/3.2.5/maven-repository-metadata-3.2.5.pom (2.2 kB at 14 kB/s)
#15 153.8 [INFO] Downloading from central: https://repo.maven.apache.org/maven2/org/apache/maven/maven-plugin-api/3.2.5/maven-plugin-api-3.2.5.pom
#15 153.9 [INFO] Downloaded from central: https://repo.maven.apache.org/maven2/org/apache/maven/maven-plugin-api/3.2.5/maven-plugin-api-3.2.5.pom (3.0 kB at 19 kB/s)
#15 153.9 [INFO] Downloading from central: https://repo.maven.apache.org/maven2/org/eclipse/sisu/org.eclipse.sisu.plexus/0.3.5/org.eclipse.sisu.plexus-0.3.5.pom
#15 154.1 [INFO] Downloaded from central: https://repo.maven.apache.org/maven2/org/eclipse/sisu/org.eclipse.sisu.plexus/0.3.5/org.eclipse.sisu.plexus-0.3.5.pom (4.3 kB at 25 kB/s)
#15 154.1 [INFO] Downloading from central: https://repo.maven.apache.org/maven2/org/eclipse/sisu/sisu-plexus/0.3.5/sisu-plexus-0.3.5.pom
#15 154.3 [INFO] Downloaded from central: https://repo.maven.apache.org/maven2/org/eclipse/sisu/sisu-plexus/0.3.5/sisu-plexus-0.3.5.pom (14 kB at 93 kB/s)
#15 154.3 [INFO] Downloading from central: https://repo.maven.apache.org/maven2/javax/annotation/javax.annotation-api/1.2/javax.annotation-api-1.2.pom
#15 154.5 [INFO] Downloaded from central: https://repo.maven.apache.org/maven2/javax/annotation/javax.annotation-api/1.2/javax.annotation-api-1.2.pom (13 kB at 75 kB/s)
#15 154.5 [INFO] Downloading from central: https://repo.maven.apache.org/maven2/net/java/jvnet-parent/3/jvnet-parent-3.pom
#15 154.7 [INFO] Downloaded from central: https://repo.maven.apache.org/maven2/net/java/jvnet-parent/3/jvnet-parent-3.pom (4.8 kB at 28 kB/s)
#15 154.7 [INFO] Downloading from central: https://repo.maven.apache.org/maven2/javax/enterprise/cdi-api/1.2/cdi-api-1.2.pom
#15 154.9 [INFO] Downloaded from central: https://repo.maven.apache.org/maven2/javax/enterprise/cdi-api/1.2/cdi-api-1.2.pom (6.3 kB at 37 kB/s)
#15 154.9 [INFO] Downloading from central: https://repo.maven.apache.org/maven2/org/jboss/weld/weld-parent/26/weld-parent-26.pom
#15 155.0 [INFO] Downloaded from central: https://repo.maven.apache.org/maven2/org/jboss/weld/weld-parent/26/weld-parent-26.pom (32 kB at 182 kB/s)
#15 155.1 [INFO] Downloading from central: https://repo.maven.apache.org/maven2/org/eclipse/sisu/org.eclipse.sisu.inject/0.3.5/org.eclipse.sisu.inject-0.3.5.pom
#15 155.2 [INFO] Downloaded from central: https://repo.maven.apache.org/maven2/org/eclipse/sisu/org.eclipse.sisu.inject/0.3.5/org.eclipse.sisu.inject-0.3.5.pom (2.6 kB at 18 kB/s)
#15 155.2 [INFO] Downloading from central: https://repo.maven.apache.org/maven2/org/eclipse/sisu/sisu-inject/0.3.5/sisu-inject-0.3.5.pom
#15 155.4 [INFO] Downloaded from central: https://repo.maven.apache.org/maven2/org/eclipse/sisu/sisu-inject/0.3.5/sisu-inject-0.3.5.pom (14 kB at 95 kB/s)
#15 155.4 [INFO] Downloading from central: https://repo.maven.apache.org/maven2/org/codehaus/plexus/plexus-classworlds/2.5.2/plexus-classworlds-2.5.2.pom
#15 155.5 [INFO] Downloaded from central: https://repo.maven.apache.org/maven2/org/codehaus/plexus/plexus-classworlds/2.5.2/plexus-classworlds-2.5.2.pom (7.3 kB at 46 kB/s)
#15 155.6 [INFO] Downloading from central: https://repo.maven.apache.org/maven2/org/apache/maven/maven-model-builder/3.2.5/maven-model-builder-3.2.5.pom
#15 155.7 [INFO] Downloaded from central: https://repo.maven.apache.org/maven2/org/apache/maven/maven-model-builder/3.2.5/maven-model-builder-3.2.5.pom (3.0 kB at 19 kB/s)
#15 155.8 [INFO] Downloading from central: https://repo.maven.apache.org/maven2/org/apache/maven/maven-aether-provider/3.2.5/maven-aether-provider-3.2.5.pom
#15 155.9 [INFO] Downloaded from central: https://repo.maven.apache.org/maven2/org/apache/maven/maven-aether-provider/3.2.5/maven-aether-provider-3.2.5.pom (4.2 kB at 28 kB/s)
#15 155.9 [INFO] Downloading from central: https://repo.maven.apache.org/maven2/org/eclipse/aether/aether-spi/1.0.0.v20140518/aether-spi-1.0.0.v20140518.pom
#15 156.1 [INFO] Downloaded from central: https://repo.maven.apache.org/maven2/org/eclipse/aether/aether-spi/1.0.0.v20140518/aether-spi-1.0.0.v20140518.pom (2.1 kB at 13 kB/s)
#15 156.1 [INFO] Downloading from central: https://repo.maven.apache.org/maven2/org/eclipse/aether/aether-impl/1.0.0.v20140518/aether-impl-1.0.0.v20140518.pom
#15 156.3 [INFO] Downloaded from central: https://repo.maven.apache.org/maven2/org/eclipse/aether/aether-impl/1.0.0.v20140518/aether-impl-1.0.0.v20140518.pom (3.5 kB at 24 kB/s)
#15 156.3 [INFO] Downloading from central: https://repo.maven.apache.org/maven2/org/sonatype/sisu/sisu-guice/3.2.3/sisu-guice-3.2.3.pom
#15 156.4 [INFO] Downloaded from central: https://repo.maven.apache.org/maven2/org/sonatype/sisu/sisu-guice/3.2.3/sisu-guice-3.2.3.pom (11 kB at 68 kB/s)
#15 156.4 [INFO] Downloading from central: https://repo.maven.apache.org/maven2/org/sonatype/sisu/inject/guice-parent/3.2.3/guice-parent-3.2.3.pom
#15 156.6 [INFO] Downloaded from central: https://repo.maven.apache.org/maven2/org/sonatype/sisu/inject/guice-parent/3.2.3/guice-parent-3.2.3.pom (13 kB at 84 kB/s)
#15 156.6 [INFO] Downloading from central: https://repo.maven.apache.org/maven2/org/sonatype/forge/forge-parent/38/forge-parent-38.pom
#15 156.8 [INFO] Downloaded from central: https://repo.maven.apache.org/maven2/org/sonatype/forge/forge-parent/38/forge-parent-38.pom (19 kB at 105 kB/s)
#15 156.8 [INFO] Downloading from central: https://repo.maven.apache.org/maven2/aopalliance/aopalliance/1.0/aopalliance-1.0.pom
#15 157.0 [INFO] Downloaded from central: https://repo.maven.apache.org/maven2/aopalliance/aopalliance/1.0/aopalliance-1.0.pom (363 B at 2.2 kB/s)
#15 157.0 [INFO] Downloading from central: https://repo.maven.apache.org/maven2/com/google/guava/guava/16.0.1/guava-16.0.1.pom
#15 157.2 [INFO] Downloaded from central: https://repo.maven.apache.org/maven2/com/google/guava/guava/16.0.1/guava-16.0.1.pom (6.1 kB at 38 kB/s)
#15 157.2 [INFO] Downloading from central: https://repo.maven.apache.org/maven2/com/google/guava/guava-parent/16.0.1/guava-parent-16.0.1.pom
#15 157.4 [INFO] Downloaded from central: https://repo.maven.apache.org/maven2/com/google/guava/guava-parent/16.0.1/guava-parent-16.0.1.pom (7.3 kB at 46 kB/s)
#15 157.4 [INFO] Downloading from central: https://repo.maven.apache.org/maven2/commons-io/commons-io/2.12.0/commons-io-2.12.0.pom
#15 157.5 [INFO] Downloaded from central: https://repo.maven.apache.org/maven2/commons-io/commons-io/2.12.0/commons-io-2.12.0.pom (20 kB at 126 kB/s)
#15 157.6 [INFO] Downloading from central: https://repo.maven.apache.org/maven2/org/apache/commons/commons-parent/57/commons-parent-57.pom
#15 157.7 [INFO] Downloaded from central: https://repo.maven.apache.org/maven2/org/apache/commons/commons-parent/57/commons-parent-57.pom (83 kB at 456 kB/s)
#15 157.8 [INFO] Downloading from central: https://repo.maven.apache.org/maven2/org/apache/maven/surefire/maven-surefire-common/3.1.2/maven-surefire-common-3.1.2.jar
#15 157.8 [INFO] Downloading from central: https://repo.maven.apache.org/maven2/org/apache/maven/surefire/surefire-api/3.1.2/surefire-api-3.1.2.jar
#15 157.8 [INFO] Downloading from central: https://repo.maven.apache.org/maven2/org/apache/maven/surefire/surefire-logger-api/3.1.2/surefire-logger-api-3.1.2.jar
#15 157.8 [INFO] Downloading from central: https://repo.maven.apache.org/maven2/org/apache/maven/surefire/surefire-extensions-api/3.1.2/surefire-extensions-api-3.1.2.jar
#15 157.8 [INFO] Downloading from central: https://repo.maven.apache.org/maven2/org/apache/maven/surefire/surefire-booter/3.1.2/surefire-booter-3.1.2.jar
#15 158.1 [INFO] Downloaded from central: https://repo.maven.apache.org/maven2/org/apache/maven/surefire/surefire-logger-api/3.1.2/surefire-logger-api-3.1.2.jar (14 kB at 49 kB/s)
#15 158.1 [INFO] Downloading from central: https://repo.maven.apache.org/maven2/org/apache/maven/surefire/surefire-extensions-spi/3.1.2/surefire-extensions-spi-3.1.2.jar
#15 158.1 [INFO] Downloaded from central: https://repo.maven.apache.org/maven2/org/apache/maven/surefire/surefire-extensions-api/3.1.2/surefire-extensions-api-3.1.2.jar (26 kB at 93 kB/s)
#15 158.1 [INFO] Downloading from central: https://repo.maven.apache.org/maven2/org/eclipse/aether/aether-util/1.0.0.v20140518/aether-util-1.0.0.v20140518.jar
#15 158.1 [INFO] Downloaded from central: https://repo.maven.apache.org/maven2/org/apache/maven/surefire/surefire-api/3.1.2/surefire-api-3.1.2.jar (171 kB at 510 kB/s)
#15 158.1 [INFO] Downloading from central: https://repo.maven.apache.org/maven2/org/eclipse/aether/aether-api/1.0.0.v20140518/aether-api-1.0.0.v20140518.jar
#15 158.2 [INFO] Downloaded from central: https://repo.maven.apache.org/maven2/org/apache/maven/surefire/surefire-booter/3.1.2/surefire-booter-3.1.2.jar (118 kB at 356 kB/s)
#15 158.2 [INFO] Downloading from central: https://repo.maven.apache.org/maven2/org/apache/maven/shared/maven-common-artifact-filters/3.1.1/maven-common-artifact-filters-3.1.1.jar
#15 158.3 [INFO] Downloaded from central: https://repo.maven.apache.org/maven2/org/apache/maven/surefire/surefire-extensions-spi/3.1.2/surefire-extensions-spi-3.1.2.jar (8.2 kB at 18 kB/s)
#15 158.3 [INFO] Downloading from central: https://repo.maven.apache.org/maven2/commons-io/commons-io/2.12.0/commons-io-2.12.0.jar
#15 158.3 [INFO] Downloaded from central: https://repo.maven.apache.org/maven2/org/apache/maven/surefire/maven-surefire-common/3.1.2/maven-surefire-common-3.1.2.jar (306 kB at 586 kB/s)
#15 158.3 [INFO] Downloading from central: https://repo.maven.apache.org/maven2/org/apache/maven/surefire/surefire-shared-utils/3.1.2/surefire-shared-utils-3.1.2.jar
#15 158.4 [INFO] Downloaded from central: https://repo.maven.apache.org/maven2/org/eclipse/aether/aether-util/1.0.0.v20140518/aether-util-1.0.0.v20140518.jar (146 kB at 288 kB/s)
#15 158.4 [INFO] Downloaded from central: https://repo.maven.apache.org/maven2/org/eclipse/aether/aether-api/1.0.0.v20140518/aether-api-1.0.0.v20140518.jar (136 kB at 255 kB/s)
#15 158.5 [INFO] Downloaded from central: https://repo.maven.apache.org/maven2/org/apache/maven/shared/maven-common-artifact-filters/3.1.1/maven-common-artifact-filters-3.1.1.jar (61 kB at 87 kB/s)
#15 158.8 [INFO] Downloaded from central: https://repo.maven.apache.org/maven2/commons-io/commons-io/2.12.0/commons-io-2.12.0.jar (474 kB at 480 kB/s)
#15 159.9 [INFO] Downloaded from central: https://repo.maven.apache.org/maven2/org/apache/maven/surefire/surefire-shared-utils/3.1.2/surefire-shared-utils-3.1.2.jar (2.3 MB at 1.2 MB/s)
#15 160.1 [INFO] Tests are skipped.
#15 160.1 [INFO] 
#15 160.1 [INFO] --- maven-jar-plugin:3.3.0:jar (default-jar) @ emp_backend_2fa ---
#15 160.1 [INFO] Downloading from central: https://repo.maven.apache.org/maven2/org/apache/maven/shared/file-management/3.1.0/file-management-3.1.0.pom
#15 160.2 [INFO] Downloaded from central: https://repo.maven.apache.org/maven2/org/apache/maven/shared/file-management/3.1.0/file-management-3.1.0.pom (4.5 kB at 33 kB/s)
#15 160.2 [INFO] Downloading from central: https://repo.maven.apache.org/maven2/org/apache/maven/shared/maven-shared-components/36/maven-shared-components-36.pom
#15 160.4 [INFO] Downloaded from central: https://repo.maven.apache.org/maven2/org/apache/maven/shared/maven-shared-components/36/maven-shared-components-36.pom (4.9 kB at 31 kB/s)
#15 160.4 [INFO] Downloading from central: https://repo.maven.apache.org/maven2/org/apache/maven/maven-parent/36/maven-parent-36.pom
#15 160.6 [INFO] Downloaded from central: https://repo.maven.apache.org/maven2/org/apache/maven/maven-parent/36/maven-parent-36.pom (45 kB at 277 kB/s)
#15 160.6 [INFO] Downloading from central: https://repo.maven.apache.org/maven2/org/apache/apache/26/apache-26.pom
#15 160.8 [INFO] Downloaded from central: https://repo.maven.apache.org/maven2/org/apache/apache/26/apache-26.pom (21 kB at 116 kB/s)
#15 160.8 [INFO] Downloading from central: https://repo.maven.apache.org/maven2/org/codehaus/plexus/plexus-utils/3.3.0/plexus-utils-3.3.0.pom
#15 161.0 [INFO] Downloaded from central: https://repo.maven.apache.org/maven2/org/codehaus/plexus/plexus-utils/3.3.0/plexus-utils-3.3.0.pom (5.2 kB at 32 kB/s)
#15 161.0 [INFO] Downloading from central: https://repo.maven.apache.org/maven2/org/apache/maven/maven-archiver/3.6.0/maven-archiver-3.6.0.pom
#15 161.2 [INFO] Downloaded from central: https://repo.maven.apache.org/maven2/org/apache/maven/maven-archiver/3.6.0/maven-archiver-3.6.0.pom (3.9 kB at 22 kB/s)
#15 161.2 [INFO] Downloading from central: https://repo.maven.apache.org/maven2/org/codehaus/plexus/plexus-io/3.4.0/plexus-io-3.4.0.pom
#15 161.4 [INFO] Downloaded from central: https://repo.maven.apache.org/maven2/org/codehaus/plexus/plexus-io/3.4.0/plexus-io-3.4.0.pom (6.0 kB at 26 kB/s)
#15 161.4 [INFO] Downloading from central: https://repo.maven.apache.org/maven2/org/codehaus/plexus/plexus-archiver/4.4.0/plexus-archiver-4.4.0.pom
#15 161.6 [INFO] Downloaded from central: https://repo.maven.apache.org/maven2/org/codehaus/plexus/plexus-archiver/4.4.0/plexus-archiver-4.4.0.pom (6.3 kB at 43 kB/s)
#15 161.6 [INFO] Downloading from central: https://repo.maven.apache.org/maven2/org/iq80/snappy/snappy/0.4/snappy-0.4.pom
#15 161.8 [INFO] Downloaded from central: https://repo.maven.apache.org/maven2/org/iq80/snappy/snappy/0.4/snappy-0.4.pom (15 kB at 79 kB/s)
#15 161.8 [INFO] Downloading from central: https://repo.maven.apache.org/maven2/org/codehaus/plexus/plexus-utils/3.4.2/plexus-utils-3.4.2.pom
#15 162.0 [INFO] Downloaded from central: https://repo.maven.apache.org/maven2/org/codehaus/plexus/plexus-utils/3.4.2/plexus-utils-3.4.2.pom (8.2 kB at 51 kB/s)
#15 162.0 [INFO] Downloading from central: https://repo.maven.apache.org/maven2/org/codehaus/plexus/plexus/8/plexus-8.pom
#15 162.2 [INFO] Downloaded from central: https://repo.maven.apache.org/maven2/org/codehaus/plexus/plexus/8/plexus-8.pom (25 kB at 158 kB/s)
#15 162.2 [INFO] Downloading from central: https://repo.maven.apache.org/maven2/org/apache/maven/shared/file-management/3.1.0/file-management-3.1.0.jar
#15 162.2 [INFO] Downloading from central: https://repo.maven.apache.org/maven2/org/apache/maven/maven-archiver/3.6.0/maven-archiver-3.6.0.jar
#15 162.2 [INFO] Downloading from central: https://repo.maven.apache.org/maven2/org/codehaus/plexus/plexus-io/3.4.0/plexus-io-3.4.0.jar
#15 162.2 [INFO] Downloading from central: https://repo.maven.apache.org/maven2/org/codehaus/plexus/plexus-archiver/4.4.0/plexus-archiver-4.4.0.jar
#15 162.2 [INFO] Downloading from central: https://repo.maven.apache.org/maven2/org/apache/commons/commons-compress/1.21/commons-compress-1.21.jar
#15 162.4 [INFO] Downloaded from central: https://repo.maven.apache.org/maven2/org/apache/maven/shared/file-management/3.1.0/file-management-3.1.0.jar (36 kB at 200 kB/s)
#15 162.4 [INFO] Downloading from central: https://repo.maven.apache.org/maven2/org/iq80/snappy/snappy/0.4/snappy-0.4.jar
#15 162.4 [INFO] Downloaded from central: https://repo.maven.apache.org/maven2/org/apache/maven/maven-archiver/3.6.0/maven-archiver-3.6.0.jar (26 kB at 127 kB/s)
#15 162.4 [INFO] Downloading from central: https://repo.maven.apache.org/maven2/org/codehaus/plexus/plexus-utils/3.4.2/plexus-utils-3.4.2.jar
#15 162.4 [INFO] Downloaded from central: https://repo.maven.apache.org/maven2/org/codehaus/plexus/plexus-io/3.4.0/plexus-io-3.4.0.jar (79 kB at 349 kB/s)
#15 162.5 [INFO] Downloaded from central: https://repo.maven.apache.org/maven2/org/codehaus/plexus/plexus-archiver/4.4.0/plexus-archiver-4.4.0.jar (211 kB at 712 kB/s)
#15 162.5 [INFO] Downloaded from central: https://repo.maven.apache.org/maven2/org/iq80/snappy/snappy/0.4/snappy-0.4.jar (58 kB at 180 kB/s)
#15 162.7 [INFO] Downloaded from central: https://repo.maven.apache.org/maven2/org/codehaus/plexus/plexus-utils/3.4.2/plexus-utils-3.4.2.jar (267 kB at 524 kB/s)
#15 162.9 [INFO] Downloaded from central: https://repo.maven.apache.org/maven2/org/apache/commons/commons-compress/1.21/commons-compress-1.21.jar (1.0 MB at 1.4 MB/s)
#15 163.3 [INFO] Building jar: /workspace/target/emp_backend_2fa-0.0.1-SNAPSHOT.jar
#15 163.4 [INFO] 
#15 163.4 [INFO] --- spring-boot-maven-plugin:3.2.1:repackage (repackage) @ emp_backend_2fa ---
#15 163.4 [INFO] Downloading from central: https://repo.maven.apache.org/maven2/org/springframework/boot/spring-boot-buildpack-platform/3.2.1/spring-boot-buildpack-platform-3.2.1.pom
#15 163.6 [INFO] Downloaded from central: https://repo.maven.apache.org/maven2/org/springframework/boot/spring-boot-buildpack-platform/3.2.1/spring-boot-buildpack-platform-3.2.1.pom (3.2 kB at 22 kB/s)
#15 163.6 [INFO] Downloading from central: https://repo.maven.apache.org/maven2/com/fasterxml/jackson/core/jackson-databind/2.14.2/jackson-databind-2.14.2.pom
#15 163.7 [INFO] Downloaded from central: https://repo.maven.apache.org/maven2/com/fasterxml/jackson/core/jackson-databind/2.14.2/jackson-databind-2.14.2.pom (19 kB at 152 kB/s)
#15 163.7 [INFO] Downloading from central: https://repo.maven.apache.org/maven2/com/fasterxml/jackson/jackson-base/2.14.2/jackson-base-2.14.2.pom
#15 163.9 [INFO] Downloaded from central: https://repo.maven.apache.org/maven2/com/fasterxml/jackson/jackson-base/2.14.2/jackson-base-2.14.2.pom (10 kB at 66 kB/s)
#15 163.9 [INFO] Downloading from central: https://repo.maven.apache.org/maven2/com/fasterxml/jackson/core/jackson-annotations/2.14.2/jackson-annotations-2.14.2.pom
#15 164.1 [INFO] Downloaded from central: https://repo.maven.apache.org/maven2/com/fasterxml/jackson/core/jackson-annotations/2.14.2/jackson-annotations-2.14.2.pom (6.2 kB at 42 kB/s)
#15 164.1 [INFO] Downloading from central: https://repo.maven.apache.org/maven2/com/fasterxml/jackson/core/jackson-core/2.14.2/jackson-core-2.14.2.pom
#15 164.2 [INFO] Downloaded from central: https://repo.maven.apache.org/maven2/com/fasterxml/jackson/core/jackson-core/2.14.2/jackson-core-2.14.2.pom (7.0 kB at 49 kB/s)
#15 164.2 [INFO] Downloading from central: https://repo.maven.apache.org/maven2/com/fasterxml/jackson/module/jackson-module-parameter-names/2.14.2/jackson-module-parameter-names-2.14.2.pom
#15 164.4 [INFO] Downloaded from central: https://repo.maven.apache.org/maven2/com/fasterxml/jackson/module/jackson-module-parameter-names/2.14.2/jackson-module-parameter-names-2.14.2.pom (4.4 kB at 35 kB/s)
#15 164.4 [INFO] Downloading from central: https://repo.maven.apache.org/maven2/com/fasterxml/jackson/module/jackson-modules-java8/2.14.2/jackson-modules-java8-2.14.2.pom
#15 164.5 [INFO] Downloaded from central: https://repo.maven.apache.org/maven2/com/fasterxml/jackson/module/jackson-modules-java8/2.14.2/jackson-modules-java8-2.14.2.pom (3.1 kB at 21 kB/s)
#15 164.5 [INFO] Downloading from central: https://repo.maven.apache.org/maven2/net/java/dev/jna/jna-platform/5.13.0/jna-platform-5.13.0.pom
#15 164.7 [INFO] Downloaded from central: https://repo.maven.apache.org/maven2/net/java/dev/jna/jna-platform/5.13.0/jna-platform-5.13.0.pom (2.3 kB at 15 kB/s)
#15 164.7 [INFO] Downloading from central: https://repo.maven.apache.org/maven2/net/java/dev/jna/jna/5.13.0/jna-5.13.0.pom
#15 164.9 [INFO] Downloaded from central: https://repo.maven.apache.org/maven2/net/java/dev/jna/jna/5.13.0/jna-5.13.0.pom (2.0 kB at 14 kB/s)
#15 164.9 [INFO] Downloading from central: https://repo.maven.apache.org/maven2/org/apache/httpcomponents/client5/httpclient5/5.2.3/httpclient5-5.2.3.pom
#15 165.0 [INFO] Downloaded from central: https://repo.maven.apache.org/maven2/org/apache/httpcomponents/client5/httpclient5/5.2.3/httpclient5-5.2.3.pom (6.0 kB at 36 kB/s)
#15 165.1 [INFO] Downloading from central: https://repo.maven.apache.org/maven2/org/apache/httpcomponents/client5/httpclient5-parent/5.2.3/httpclient5-parent-5.2.3.pom
#15 165.2 [INFO] Downloaded from central: https://repo.maven.apache.org/maven2/org/apache/httpcomponents/client5/httpclient5-parent/5.2.3/httpclient5-parent-5.2.3.pom (17 kB at 110 kB/s)
#15 165.2 [INFO] Downloading from central: https://repo.maven.apache.org/maven2/org/apache/httpcomponents/httpcomponents-parent/13/httpcomponents-parent-13.pom
#15 165.4 [INFO] Downloaded from central: https://repo.maven.apache.org/maven2/org/apache/httpcomponents/httpcomponents-parent/13/httpcomponents-parent-13.pom (30 kB at 186 kB/s)
#15 165.4 [INFO] Downloading from central: https://repo.maven.apache.org/maven2/org/apache/httpcomponents/core5/httpcore5/5.2.4/httpcore5-5.2.4.pom
#15 165.6 [INFO] Downloaded from central: https://repo.maven.apache.org/maven2/org/apache/httpcomponents/core5/httpcore5/5.2.4/httpcore5-5.2.4.pom (3.9 kB at 27 kB/s)
#15 165.6 [INFO] Downloading from central: https://repo.maven.apache.org/maven2/org/apache/httpcomponents/core5/httpcore5-parent/5.2.4/httpcore5-parent-5.2.4.pom
#15 165.7 [INFO] Downloaded from central: https://repo.maven.apache.org/maven2/org/apache/httpcomponents/core5/httpcore5-parent/5.2.4/httpcore5-parent-5.2.4.pom (14 kB at 105 kB/s)
#15 165.7 [INFO] Downloading from central: https://repo.maven.apache.org/maven2/org/apache/httpcomponents/core5/httpcore5-h2/5.2.4/httpcore5-h2-5.2.4.pom
#15 165.9 [INFO] Downloaded from central: https://repo.maven.apache.org/maven2/org/apache/httpcomponents/core5/httpcore5-h2/5.2.4/httpcore5-h2-5.2.4.pom (3.6 kB at 24 kB/s)
#15 165.9 [INFO] Downloading from central: https://repo.maven.apache.org/maven2/org/springframework/spring-core/6.0.10/spring-core-6.0.10.pom
#15 166.0 [INFO] Downloaded from central: https://repo.maven.apache.org/maven2/org/springframework/spring-core/6.0.10/spring-core-6.0.10.pom (2.0 kB at 15 kB/s)
#15 166.0 [INFO] Downloading from central: https://repo.maven.apache.org/maven2/org/springframework/spring-jcl/6.0.10/spring-jcl-6.0.10.pom
#15 166.2 [INFO] Downloaded from central: https://repo.maven.apache.org/maven2/org/springframework/spring-jcl/6.0.10/spring-jcl-6.0.10.pom (1.8 kB at 14 kB/s)
#15 166.2 [INFO] Downloading from central: https://repo.maven.apache.org/maven2/org/tomlj/tomlj/1.0.0/tomlj-1.0.0.pom
#15 166.3 [INFO] Downloaded from central: https://repo.maven.apache.org/maven2/org/tomlj/tomlj/1.0.0/tomlj-1.0.0.pom (2.8 kB at 18 kB/s)
#15 166.4 [INFO] Downloading from central: https://repo.maven.apache.org/maven2/org/antlr/antlr4-runtime/4.7.2/antlr4-runtime-4.7.2.pom
#15 166.5 [INFO] Downloaded from central: https://repo.maven.apache.org/maven2/org/antlr/antlr4-runtime/4.7.2/antlr4-runtime-4.7.2.pom (3.6 kB at 24 kB/s)
#15 166.5 [INFO] Downloading from central: https://repo.maven.apache.org/maven2/org/antlr/antlr4-master/4.7.2/antlr4-master-4.7.2.pom
#15 166.7 [INFO] Downloaded from central: https://repo.maven.apache.org/maven2/org/antlr/antlr4-master/4.7.2/antlr4-master-4.7.2.pom (4.4 kB at 33 kB/s)
#15 166.7 [INFO] Downloading from central: https://repo.maven.apache.org/maven2/com/google/code/findbugs/jsr305/3.0.2/jsr305-3.0.2.pom
#15 166.8 [INFO] Downloaded from central: https://repo.maven.apache.org/maven2/com/google/code/findbugs/jsr305/3.0.2/jsr305-3.0.2.pom (4.3 kB at 25 kB/s)
#15 166.9 [INFO] Downloading from central: https://repo.maven.apache.org/maven2/org/springframework/boot/spring-boot-loader-tools/3.2.1/spring-boot-loader-tools-3.2.1.pom
#15 167.0 [INFO] Downloaded from central: https://repo.maven.apache.org/maven2/org/springframework/boot/spring-boot-loader-tools/3.2.1/spring-boot-loader-tools-3.2.1.pom (2.2 kB at 18 kB/s)
#15 167.0 [INFO] Downloading from central: https://repo.maven.apache.org/maven2/org/apache/maven/shared/maven-common-artifact-filters/3.3.2/maven-common-artifact-filters-3.3.2.pom
#15 167.1 [INFO] Downloaded from central: https://repo.maven.apache.org/maven2/org/apache/maven/shared/maven-common-artifact-filters/3.3.2/maven-common-artifact-filters-3.3.2.pom (5.3 kB at 42 kB/s)
#15 167.1 [INFO] Downloading from central: https://repo.maven.apache.org/maven2/org/apache/maven/shared/maven-shared-components/37/maven-shared-components-37.pom
#15 167.2 [INFO] Downloaded from central: https://repo.maven.apache.org/maven2/org/apache/maven/shared/maven-shared-components/37/maven-shared-components-37.pom (4.9 kB at 39 kB/s)
#15 167.2 [INFO] Downloading from central: https://repo.maven.apache.org/maven2/org/codehaus/plexus/plexus-utils/1.5.8/plexus-utils-1.5.8.pom
#15 167.4 [INFO] Downloaded from central: https://repo.maven.apache.org/maven2/org/codehaus/plexus/plexus-utils/1.5.8/plexus-utils-1.5.8.pom (8.1 kB at 63 kB/s)
#15 167.4 [INFO] Downloading from central: https://repo.maven.apache.org/maven2/org/codehaus/plexus/plexus/2.0.2/plexus-2.0.2.pom
#15 167.5 [INFO] Downloaded from central: https://repo.maven.apache.org/maven2/org/codehaus/plexus/plexus/2.0.2/plexus-2.0.2.pom (12 kB at 94 kB/s)
#15 167.5 [INFO] Downloading from central: https://repo.maven.apache.org/maven2/org/apache/maven/plugins/maven-shade-plugin/3.5.0/maven-shade-plugin-3.5.0.pom
#15 167.6 [INFO] Downloaded from central: https://repo.maven.apache.org/maven2/org/apache/maven/plugins/maven-shade-plugin/3.5.0/maven-shade-plugin-3.5.0.pom (12 kB at 94 kB/s)
#15 167.6 [INFO] Downloading from central: https://repo.maven.apache.org/maven2/org/slf4j/slf4j-api/1.7.32/slf4j-api-1.7.32.pom
#15 167.8 [INFO] Downloaded from central: https://repo.maven.apache.org/maven2/org/slf4j/slf4j-api/1.7.32/slf4j-api-1.7.32.pom (3.8 kB at 32 kB/s)
#15 167.8 [INFO] Downloading from central: https://repo.maven.apache.org/maven2/org/slf4j/slf4j-parent/1.7.32/slf4j-parent-1.7.32.pom
#15 167.9 [INFO] Downloaded from central: https://repo.maven.apache.org/maven2/org/slf4j/slf4j-parent/1.7.32/slf4j-parent-1.7.32.pom (14 kB at 105 kB/s)
#15 167.9 [INFO] Downloading from central: https://repo.maven.apache.org/maven2/org/ow2/asm/asm-commons/9.5/asm-commons-9.5.pom
#15 168.0 [INFO] Downloaded from central: https://repo.maven.apache.org/maven2/org/ow2/asm/asm-commons/9.5/asm-commons-9.5.pom (2.8 kB at 21 kB/s)
#15 168.0 [INFO] Downloading from central: https://repo.maven.apache.org/maven2/org/ow2/asm/asm-tree/9.5/asm-tree-9.5.pom
#15 168.2 [INFO] Downloaded from central: https://repo.maven.apache.org/maven2/org/ow2/asm/asm-tree/9.5/asm-tree-9.5.pom (2.6 kB at 19 kB/s)
#15 168.2 [INFO] Downloading from central: https://repo.maven.apache.org/maven2/org/apache/maven/shared/maven-dependency-tree/3.2.1/maven-dependency-tree-3.2.1.pom
#15 168.3 [INFO] Downloaded from central: https://repo.maven.apache.org/maven2/org/apache/maven/shared/maven-dependency-tree/3.2.1/maven-dependency-tree-3.2.1.pom (6.2 kB at 44 kB/s)
#15 168.4 [INFO] Downloading from central: https://repo.maven.apache.org/maven2/org/vafer/jdependency/2.8.0/jdependency-2.8.0.pom
#15 168.5 [INFO] Downloaded from central: https://repo.maven.apache.org/maven2/org/vafer/jdependency/2.8.0/jdependency-2.8.0.pom (14 kB at 83 kB/s)
#15 168.6 [INFO] Downloading from central: https://repo.maven.apache.org/maven2/org/springframework/boot/spring-boot-buildpack-platform/3.2.1/spring-boot-buildpack-platform-3.2.1.jar
#15 168.6 [INFO] Downloading from central: https://repo.maven.apache.org/maven2/com/fasterxml/jackson/core/jackson-annotations/2.14.2/jackson-annotations-2.14.2.jar
#15 168.6 [INFO] Downloading from central: https://repo.maven.apache.org/maven2/com/fasterxml/jackson/core/jackson-databind/2.14.2/jackson-databind-2.14.2.jar
#15 168.6 [INFO] Downloading from central: https://repo.maven.apache.org/maven2/com/fasterxml/jackson/core/jackson-core/2.14.2/jackson-core-2.14.2.jar
#15 168.6 [INFO] Downloading from central: https://repo.maven.apache.org/maven2/com/fasterxml/jackson/module/jackson-module-parameter-names/2.14.2/jackson-module-parameter-names-2.14.2.jar
#15 168.9 [INFO] Downloaded from central: https://repo.maven.apache.org/maven2/com/fasterxml/jackson/module/jackson-module-parameter-names/2.14.2/jackson-module-parameter-names-2.14.2.jar (9.5 kB at 27 kB/s)
#15 168.9 [INFO] Downloading from central: https://repo.maven.apache.org/maven2/net/java/dev/jna/jna-platform/5.13.0/jna-platform-5.13.0.jar
#15 169.1 [INFO] Downloaded from central: https://repo.maven.apache.org/maven2/com/fasterxml/jackson/core/jackson-annotations/2.14.2/jackson-annotations-2.14.2.jar (77 kB at 141 kB/s)
#15 169.1 [INFO] Downloading from central: https://repo.maven.apache.org/maven2/net/java/dev/jna/jna/5.13.0/jna-5.13.0.jar
#15 169.2 [INFO] Downloaded from central: https://repo.maven.apache.org/maven2/org/springframework/boot/spring-boot-buildpack-platform/3.2.1/spring-boot-buildpack-platform-3.2.1.jar (272 kB at 451 kB/s)
#15 169.2 [INFO] Downloading from central: https://repo.maven.apache.org/maven2/org/apache/httpcomponents/client5/httpclient5/5.2.3/httpclient5-5.2.3.jar
#15 169.6 [INFO] Downloaded from central: https://repo.maven.apache.org/maven2/com/fasterxml/jackson/core/jackson-core/2.14.2/jackson-core-2.14.2.jar (459 kB at 444 kB/s)
#15 169.6 [INFO] Downloading from central: https://repo.maven.apache.org/maven2/org/apache/httpcomponents/core5/httpcore5/5.2.4/httpcore5-5.2.4.jar
#15 170.2 [INFO] Downloaded from central: https://repo.maven.apache.org/maven2/com/fasterxml/jackson/core/jackson-databind/2.14.2/jackson-databind-2.14.2.jar (1.6 MB at 977 kB/s)
#15 170.2 [INFO] Downloading from central: https://repo.maven.apache.org/maven2/org/apache/httpcomponents/core5/httpcore5-h2/5.2.4/httpcore5-h2-5.2.4.jar
#15 170.9 [INFO] Downloaded from central: https://repo.maven.apache.org/maven2/org/apache/httpcomponents/core5/httpcore5-h2/5.2.4/httpcore5-h2-5.2.4.jar (237 kB at 105 kB/s)
#15 170.9 [INFO] Downloading from central: https://repo.maven.apache.org/maven2/org/springframework/spring-core/6.0.10/spring-core-6.0.10.jar
#15 170.9 [INFO] Downloaded from central: https://repo.maven.apache.org/maven2/org/apache/httpcomponents/client5/httpclient5/5.2.3/httpclient5-5.2.3.jar (843 kB at 367 kB/s)
#15 170.9 [INFO] Downloading from central: https://repo.maven.apache.org/maven2/org/springframework/spring-jcl/6.0.10/spring-jcl-6.0.10.jar
#15 171.0 [INFO] Downloaded from central: https://repo.maven.apache.org/maven2/net/java/dev/jna/jna-platform/5.13.0/jna-platform-5.13.0.jar (1.4 MB at 568 kB/s)
#15 171.0 [INFO] Downloading from central: https://repo.maven.apache.org/maven2/org/tomlj/tomlj/1.0.0/tomlj-1.0.0.jar
#15 171.1 [INFO] Downloaded from central: https://repo.maven.apache.org/maven2/org/springframework/spring-jcl/6.0.10/spring-jcl-6.0.10.jar (24 kB at 9.5 kB/s)
#15 171.1 [INFO] Downloading from central: https://repo.maven.apache.org/maven2/org/antlr/antlr4-runtime/4.7.2/antlr4-runtime-4.7.2.jar
#15 171.1 [INFO] Downloaded from central: https://repo.maven.apache.org/maven2/org/apache/httpcomponents/core5/httpcore5/5.2.4/httpcore5-5.2.4.jar (855 kB at 342 kB/s)
#15 171.1 [INFO] Downloading from central: https://repo.maven.apache.org/maven2/com/google/code/findbugs/jsr305/3.0.2/jsr305-3.0.2.jar
#15 171.3 [INFO] Downloaded from central: https://repo.maven.apache.org/maven2/com/google/code/findbugs/jsr305/3.0.2/jsr305-3.0.2.jar (20 kB at 7.3 kB/s)
#15 171.3 [INFO] Downloading from central: https://repo.maven.apache.org/maven2/org/springframework/boot/spring-boot-loader-tools/3.2.1/spring-boot-loader-tools-3.2.1.jar
#15 171.3 [INFO] Downloaded from central: https://repo.maven.apache.org/maven2/org/tomlj/tomlj/1.0.0/tomlj-1.0.0.jar (157 kB at 57 kB/s)
#15 171.3 [INFO] Downloading from central: https://repo.maven.apache.org/maven2/org/apache/maven/shared/maven-common-artifact-filters/3.3.2/maven-common-artifact-filters-3.3.2.jar
#15 171.8 [INFO] Downloaded from central: https://repo.maven.apache.org/maven2/org/antlr/antlr4-runtime/4.7.2/antlr4-runtime-4.7.2.jar (338 kB at 104 kB/s)
#15 171.8 [INFO] Downloading from central: https://repo.maven.apache.org/maven2/org/codehaus/plexus/plexus-utils/1.5.8/plexus-utils-1.5.8.jar
#15 171.8 [INFO] Downloaded from central: https://repo.maven.apache.org/maven2/net/java/dev/jna/jna/5.13.0/jna-5.13.0.jar (1.9 MB at 578 kB/s)
#15 171.8 [INFO] Downloading from central: https://repo.maven.apache.org/maven2/org/apache/maven/plugins/maven-shade-plugin/3.5.0/maven-shade-plugin-3.5.0.jar
#15 171.9 [INFO] Downloaded from central: https://repo.maven.apache.org/maven2/org/apache/maven/shared/maven-common-artifact-filters/3.3.2/maven-common-artifact-filters-3.3.2.jar (58 kB at 18 kB/s)
#15 171.9 [INFO] Downloading from central: https://repo.maven.apache.org/maven2/org/ow2/asm/asm-commons/9.5/asm-commons-9.5.jar
#15 171.9 [INFO] Downloaded from central: https://repo.maven.apache.org/maven2/org/springframework/boot/spring-boot-loader-tools/3.2.1/spring-boot-loader-tools-3.2.1.jar (433 kB at 130 kB/s)
#15 171.9 [INFO] Downloading from central: https://repo.maven.apache.org/maven2/org/ow2/asm/asm-tree/9.5/asm-tree-9.5.jar
#15 172.1 [INFO] Downloaded from central: https://repo.maven.apache.org/maven2/org/apache/maven/plugins/maven-shade-plugin/3.5.0/maven-shade-plugin-3.5.0.jar (147 kB at 42 kB/s)
#15 172.1 [INFO] Downloading from central: https://repo.maven.apache.org/maven2/org/apache/maven/shared/maven-dependency-tree/3.2.1/maven-dependency-tree-3.2.1.jar
#15 172.1 [INFO] Downloaded from central: https://repo.maven.apache.org/maven2/org/ow2/asm/asm-tree/9.5/asm-tree-9.5.jar (52 kB at 15 kB/s)
#15 172.1 [INFO] Downloading from central: https://repo.maven.apache.org/maven2/org/vafer/jdependency/2.8.0/jdependency-2.8.0.jar
#15 172.1 [INFO] Downloaded from central: https://repo.maven.apache.org/maven2/org/ow2/asm/asm-commons/9.5/asm-commons-9.5.jar (72 kB at 20 kB/s)
#15 172.1 [INFO] Downloaded from central: https://repo.maven.apache.org/maven2/org/springframework/spring-core/6.0.10/spring-core-6.0.10.jar (1.8 MB at 511 kB/s)
#15 172.2 [INFO] Downloaded from central: https://repo.maven.apache.org/maven2/org/codehaus/plexus/plexus-utils/1.5.8/plexus-utils-1.5.8.jar (268 kB at 74 kB/s)
#15 172.3 [INFO] Downloaded from central: https://repo.maven.apache.org/maven2/org/apache/maven/shared/maven-dependency-tree/3.2.1/maven-dependency-tree-3.2.1.jar (43 kB at 12 kB/s)
#15 172.4 [INFO] Downloaded from central: https://repo.maven.apache.org/maven2/org/vafer/jdependency/2.8.0/jdependency-2.8.0.jar (233 kB at 61 kB/s)
#15 173.7 [INFO] Replacing main artifact /workspace/target/emp_backend_2fa-0.0.1-SNAPSHOT.jar with repackaged archive, adding nested dependencies in BOOT-INF/.
#15 173.7 [INFO] The original artifact has been renamed to /workspace/target/emp_backend_2fa-0.0.1-SNAPSHOT.jar.original
#15 173.7 [INFO] ------------------------------------------------------------------------
#15 173.7 [INFO] BUILD SUCCESS
#15 173.7 [INFO] ------------------------------------------------------------------------
#15 173.7 [INFO] Total time:  02:50 min
#15 173.7 [INFO] Finished at: 2025-11-11T18:47:02Z
#15 173.7 [INFO] ------------------------------------------------------------------------
#15 DONE 183.3s

#16 [stage-1 3/3] COPY --from=build /workspace/target/*.jar app.jar
#16 DONE 13.7s

#17 exporting to image
#17 exporting layers
#17 exporting layers 14.4s done
#17 exporting manifest sha256:846e6db208dfc974fe0ab0be24d7032ece4f5604cc8c240565dcdc17f653de89
#17 exporting manifest sha256:846e6db208dfc974fe0ab0be24d7032ece4f5604cc8c240565dcdc17f653de89 0.2s done
#17 exporting config sha256:35d399cd4e7b9e9a29d34a725e703cd7b622765be76678d840f1f25b74d8d7b8
#17 exporting config sha256:35d399cd4e7b9e9a29d34a725e703cd7b622765be76678d840f1f25b74d8d7b8 0.2s done
#17 exporting attestation manifest sha256:010b3e2b791a4790d63fd379f4da7101c30510b370aec10f78bf7b59988e73c9
#17 exporting attestation manifest sha256:010b3e2b791a4790d63fd379f4da7101c30510b370aec10f78bf7b59988e73c9 0.4s done
#17 exporting manifest list sha256:8c9fe45bc0ca0a09dfd4ab49c1efe4c876c453737a40c9842c1e46e9fcfee719
#17 exporting manifest list sha256:8c9fe45bc0ca0a09dfd4ab49c1efe4c876c453737a40c9842c1e46e9fcfee719 0.3s done
#17 naming to docker.io/library/emp_full_stack_with_mysql_small-emp-backend:latest 0.1s done
#17 unpacking to docker.io/library/emp_full_stack_with_mysql_small-emp-backend:latest
#17 unpacking to docker.io/library/emp_full_stack_with_mysql_small-emp-backend:latest 1.8s done
#17 DONE 17.7s

#18 resolving provenance for metadata file
#18 DONE 0.6s
 emp_full_stack_with_mysql_small-emp-backend  Built
